2026-04-21 11:51:46,660 INFO Loaded pretrained score backbone from checkpoints/score_fmnist_v2/score_epoch_0050.pt
2026-04-21 11:51:53,867 WARNING High score grad norm: 1986.45 at step=0
2026-04-21 11:52:00,407 WARNING High score grad norm: 196282.20 at step=1
2026-04-21 11:52:06,914 WARNING High score grad norm: 163169.23 at step=2
2026-04-21 11:52:13,428 WARNING High score grad norm: 39135.45 at step=3
2026-04-21 11:52:19,932 WARNING High score grad norm: 66814.73 at step=4
2026-04-21 11:52:26,485 WARNING High score grad norm: 100995.11 at step=5
2026-04-21 11:52:33,048 WARNING High score grad norm: 106004.84 at step=6
2026-04-21 11:52:39,589 WARNING High score grad norm: 32892.23 at step=7
2026-04-21 11:52:46,115 WARNING High score grad norm: 17269.87 at step=8
2026-04-21 11:52:52,604 WARNING High score grad norm: 20229.49 at step=9
2026-04-21 11:52:59,096 WARNING High score grad norm: 4738.20 at step=10
2026-04-21 11:53:05,578 WARNING High score grad norm: 12121.92 at step=11
2026-04-21 11:53:12,098 WARNING High score grad norm: 47669.96 at step=12
2026-04-21 11:53:18,614 WARNING High score grad norm: 28645.01 at step=13
2026-04-21 11:53:25,089 WARNING High score grad norm: 47560.38 at step=14
2026-04-21 11:53:31,593 WARNING High score grad norm: 10169.32 at step=15
2026-04-21 11:53:38,176 WARNING High score grad norm: 10194.30 at step=16
2026-04-21 11:53:44,773 WARNING High score grad norm: 30944.03 at step=17
2026-04-21 11:53:51,314 WARNING High score grad norm: 4098.02 at step=18
2026-04-21 11:53:57,883 WARNING High score grad norm: 16089.57 at step=19
2026-04-21 11:54:04,394 WARNING High score grad norm: 13774.82 at step=20
2026-04-21 11:54:10,997 WARNING High score grad norm: 5157.11 at step=21
2026-04-21 11:54:17,550 WARNING High score grad norm: 7298.48 at step=22
2026-04-21 11:54:24,135 WARNING High score grad norm: 27136.39 at step=23
2026-04-21 11:54:30,662 WARNING High score grad norm: 8937.83 at step=24
2026-04-21 11:54:37,157 WARNING High score grad norm: 15874.85 at step=25
2026-04-21 11:54:43,750 WARNING High score grad norm: 18472.99 at step=26
2026-04-21 11:54:50,255 WARNING High score grad norm: 33933.11 at step=27
2026-04-21 11:54:56,797 WARNING High score grad norm: 9172.28 at step=28
2026-04-21 11:55:03,345 WARNING High score grad norm: 7720.35 at step=29
2026-04-21 11:55:09,906 WARNING High score grad norm: 55309.71 at step=30
2026-04-21 11:55:16,478 WARNING High score grad norm: 16068.15 at step=31
2026-04-21 11:55:23,032 WARNING High score grad norm: 10393.15 at step=32
2026-04-21 11:55:29,541 WARNING High score grad norm: 19105.42 at step=33
2026-04-21 11:55:36,118 WARNING High score grad norm: 13902.92 at step=34
2026-04-21 11:55:42,617 WARNING High score grad norm: 5657.34 at step=35
2026-04-21 11:55:49,126 WARNING High score grad norm: 9630.30 at step=36
2026-04-21 11:55:55,632 WARNING High score grad norm: 11422.62 at step=37
2026-04-21 11:56:02,135 WARNING High score grad norm: 2584.53 at step=38
2026-04-21 11:56:08,637 WARNING High score grad norm: 6294.14 at step=39
2026-04-21 11:56:15,113 WARNING High score grad norm: 34040.19 at step=40
2026-04-21 11:56:21,581 WARNING High score grad norm: 12597.31 at step=41
2026-04-21 11:56:28,064 WARNING High score grad norm: 20765.95 at step=42
2026-04-21 11:56:34,559 WARNING High score grad norm: 24447.42 at step=43
2026-04-21 11:56:41,044 WARNING High score grad norm: 17330.66 at step=44
2026-04-21 11:56:47,535 WARNING High score grad norm: 7323.21 at step=45
2026-04-21 11:56:54,056 WARNING High score grad norm: 34043.29 at step=46
2026-04-21 11:57:00,538 WARNING High score grad norm: 56916.21 at step=47
2026-04-21 11:57:07,027 WARNING High score grad norm: 9589.95 at step=48
2026-04-21 11:57:13,540 WARNING High score grad norm: 7681.54 at step=49
2026-04-21 11:57:20,063 WARNING High score grad norm: 5080.56 at step=50
2026-04-21 11:57:26,561 WARNING High score grad norm: 2878.92 at step=51
2026-04-21 11:57:33,073 WARNING High score grad norm: 8347.70 at step=52
2026-04-21 11:57:39,557 WARNING High score grad norm: 11974.33 at step=53
2026-04-21 11:57:46,087 WARNING High score grad norm: 12409.97 at step=54
2026-04-21 11:57:52,594 WARNING High score grad norm: 4792.45 at step=55
2026-04-21 11:57:59,088 WARNING High score grad norm: 3699.28 at step=56
2026-04-21 11:58:05,570 WARNING High score grad norm: 8029.97 at step=57
2026-04-21 11:58:12,048 WARNING High score grad norm: 8125.63 at step=58
2026-04-21 11:58:18,551 WARNING High score grad norm: 2747.25 at step=59
2026-04-21 11:58:25,099 WARNING High score grad norm: 26973.70 at step=60
2026-04-21 11:58:31,622 WARNING High score grad norm: 5610.98 at step=61
2026-04-21 11:58:38,136 WARNING High score grad norm: 5739.17 at step=62
2026-04-21 11:58:44,670 WARNING High score grad norm: 15440.74 at step=63
2026-04-21 11:58:51,187 WARNING High score grad norm: 4620.49 at step=64
2026-04-21 11:58:57,808 WARNING High score grad norm: 18372.93 at step=65
2026-04-21 11:59:04,383 WARNING High score grad norm: 3611.96 at step=66
2026-04-21 11:59:10,927 WARNING High score grad norm: 8911.09 at step=67
2026-04-21 11:59:17,488 WARNING High score grad norm: 1731.61 at step=68
2026-04-21 11:59:24,031 WARNING High score grad norm: 2578.07 at step=69
2026-04-21 11:59:30,582 WARNING High score grad norm: 5266.93 at step=70
2026-04-21 11:59:37,129 WARNING High score grad norm: 5042.30 at step=71
2026-04-21 11:59:43,670 WARNING High score grad norm: 4313.81 at step=72
2026-04-21 11:59:50,194 WARNING High score grad norm: 12369.58 at step=73
2026-04-21 11:59:56,723 WARNING High score grad norm: 4934.89 at step=74
2026-04-21 12:00:03,275 WARNING High score grad norm: 7663.80 at step=75
2026-04-21 12:00:09,809 WARNING High score grad norm: 3639.48 at step=76
2026-04-21 12:00:16,323 WARNING High score grad norm: 5516.24 at step=77
2026-04-21 12:00:22,872 WARNING High score grad norm: 3037.53 at step=78
2026-04-21 12:00:29,400 WARNING High score grad norm: 17827.21 at step=79
2026-04-21 12:00:35,936 WARNING High score grad norm: 5321.45 at step=80
2026-04-21 12:00:42,544 WARNING High score grad norm: 5824.94 at step=81
2026-04-21 12:00:49,079 WARNING High score grad norm: 2139.73 at step=82
2026-04-21 12:00:55,618 WARNING High score grad norm: 4105.43 at step=83
2026-04-21 12:01:02,162 WARNING High score grad norm: 8858.35 at step=84
2026-04-21 12:01:08,688 WARNING High score grad norm: 6172.03 at step=85
2026-04-21 12:01:15,229 WARNING High score grad norm: 8293.07 at step=86
2026-04-21 12:01:21,772 WARNING High score grad norm: 19127.52 at step=87
2026-04-21 12:01:28,255 WARNING High score grad norm: 8681.38 at step=88
2026-04-21 12:01:34,727 WARNING High score grad norm: 3671.55 at step=89
2026-04-21 12:01:41,260 WARNING High score grad norm: 12560.65 at step=90
2026-04-21 12:01:47,778 WARNING High score grad norm: 5377.01 at step=91
2026-04-21 12:01:54,336 WARNING High score grad norm: 10271.67 at step=92
2026-04-21 12:02:00,879 WARNING High score grad norm: 19067.92 at step=93
2026-04-21 12:02:07,404 WARNING High score grad norm: 8466.17 at step=94
2026-04-21 12:02:13,926 WARNING High score grad norm: 3693.45 at step=95
2026-04-21 12:02:20,476 WARNING High score grad norm: 5380.10 at step=96
2026-04-21 12:02:26,995 WARNING High score grad norm: 6711.94 at step=97
2026-04-21 12:02:33,513 WARNING High score grad norm: 18451.78 at step=98
2026-04-21 12:02:39,965 WARNING High score grad norm: 6391.79 at step=99
2026-04-21 12:02:39,972 INFO epoch=1 step=100 loss=674.4304 dsm=672.8480 control=0.0402 path_kl=15.6155 jar=-30.9746 quality=2.0418
2026-04-21 12:02:46,460 WARNING High score grad norm: 14460.91 at step=100
2026-04-21 12:02:52,956 WARNING High score grad norm: 12511.80 at step=101
2026-04-21 12:02:59,470 WARNING High score grad norm: 9787.62 at step=102
2026-04-21 12:03:05,951 WARNING High score grad norm: 10197.73 at step=103
2026-04-21 12:03:12,480 WARNING High score grad norm: 559.68 at step=104
2026-04-21 12:03:18,997 WARNING High score grad norm: 9094.12 at step=105
2026-04-21 12:03:25,551 WARNING High score grad norm: 2384.66 at step=106
2026-04-21 12:03:32,099 WARNING High score grad norm: 14422.78 at step=107
2026-04-21 12:03:38,634 WARNING High score grad norm: 21367.24 at step=108
2026-04-21 12:03:45,252 WARNING High score grad norm: 6228.60 at step=109
2026-04-21 12:03:51,787 WARNING High score grad norm: 28542.81 at step=110
2026-04-21 12:03:58,332 WARNING High score grad norm: 47121.80 at step=111
2026-04-21 12:04:04,843 WARNING High score grad norm: 3226.43 at step=112
2026-04-21 12:04:11,342 WARNING High score grad norm: 6871.68 at step=113
2026-04-21 12:04:17,864 WARNING High score grad norm: 20696.93 at step=114
2026-04-21 12:04:24,432 WARNING High score grad norm: 21497.57 at step=115
2026-04-21 12:04:30,953 WARNING High score grad norm: 4115.90 at step=116
2026-04-21 12:04:37,484 WARNING High score grad norm: 3136.13 at step=117
2026-04-21 12:04:44,057 WARNING High score grad norm: 12913.29 at step=118
2026-04-21 12:04:50,621 WARNING High score grad norm: 5082.06 at step=119
2026-04-21 12:04:57,131 WARNING High score grad norm: 27335.62 at step=120
2026-04-21 12:05:03,626 WARNING High score grad norm: 15672.57 at step=121
2026-04-21 12:05:10,141 WARNING High score grad norm: 8406.14 at step=122
2026-04-21 12:05:16,695 WARNING High score grad norm: 12863.98 at step=123
2026-04-21 12:05:23,186 WARNING High score grad norm: 15256.00 at step=124
2026-04-21 12:05:29,703 WARNING High score grad norm: 9766.95 at step=125
2026-04-21 12:05:36,236 WARNING High score grad norm: 5703.90 at step=126
2026-04-21 12:05:42,774 WARNING High score grad norm: 13403.36 at step=127
2026-04-21 12:05:49,295 WARNING High score grad norm: 35969.59 at step=128
2026-04-21 12:05:55,884 WARNING High score grad norm: 13367.94 at step=129
2026-04-21 12:06:02,411 WARNING High score grad norm: 19290.84 at step=130
2026-04-21 12:06:08,947 WARNING High score grad norm: 14689.52 at step=131
2026-04-21 12:06:15,518 WARNING High score grad norm: 22223.52 at step=132
2026-04-21 12:06:22,053 WARNING High score grad norm: 29171.60 at step=133
2026-04-21 12:06:28,516 WARNING High score grad norm: 6915.74 at step=134
2026-04-21 12:06:35,025 WARNING High score grad norm: 5257.46 at step=135
2026-04-21 12:06:41,581 WARNING High score grad norm: 16934.14 at step=136
2026-04-21 12:06:48,118 WARNING High score grad norm: 8891.02 at step=137
2026-04-21 12:06:54,649 WARNING High score grad norm: 8802.74 at step=138
2026-04-21 12:07:01,130 WARNING High score grad norm: 7134.38 at step=139
2026-04-21 12:07:07,668 WARNING High score grad norm: 20083.28 at step=140
2026-04-21 12:07:14,165 WARNING High score grad norm: 9702.52 at step=141
2026-04-21 12:07:20,643 WARNING High score grad norm: 3442.94 at step=142
2026-04-21 12:07:27,135 WARNING High score grad norm: 1740.55 at step=143
2026-04-21 12:07:33,628 WARNING High score grad norm: 2774.85 at step=144
2026-04-21 12:07:40,130 WARNING High score grad norm: 2442.29 at step=145
2026-04-21 12:07:46,628 WARNING High score grad norm: 4357.87 at step=146
2026-04-21 12:07:53,086 WARNING High score grad norm: 7307.64 at step=147
2026-04-21 12:07:59,575 WARNING High score grad norm: 7285.77 at step=148
2026-04-21 12:08:06,082 WARNING High score grad norm: 2089.82 at step=149
2026-04-21 12:08:12,569 WARNING High score grad norm: 13637.31 at step=150
2026-04-21 12:08:19,172 WARNING High score grad norm: 14415.55 at step=151
2026-04-21 12:08:25,715 WARNING High score grad norm: 3908.47 at step=152
2026-04-21 12:08:32,204 WARNING High score grad norm: 4148.96 at step=153
2026-04-21 12:08:38,766 WARNING High score grad norm: 8971.68 at step=154
2026-04-21 12:08:45,326 WARNING High score grad norm: 2536.98 at step=155
2026-04-21 12:08:47,353 WARNING High score grad norm: 2212.55 at step=156
2026-04-21 12:08:47,354 WARNING High control grad norm: 24.63 at step=156
2026-04-21 12:08:47,364 INFO epoch=1 done
2026-04-21 12:08:47,461 INFO epoch=1 diag: cos_sim=0.0034 ctrl_mag=3.3550 score_mag=17.8937 ratio=0.1875
2026-04-21 12:08:54,180 WARNING High score grad norm: 6110.13 at step=157
2026-04-21 12:09:00,676 WARNING High score grad norm: 13723.42 at step=158
2026-04-21 12:09:07,184 WARNING High score grad norm: 1642.69 at step=159
2026-04-21 12:09:13,734 WARNING High score grad norm: 36133.88 at step=160
2026-04-21 12:09:20,305 WARNING High score grad norm: 31763.88 at step=161
2026-04-21 12:09:26,882 WARNING High score grad norm: 2533.27 at step=162
2026-04-21 12:09:33,478 WARNING High score grad norm: 4063.68 at step=163
2026-04-21 12:09:39,979 WARNING High score grad norm: 6276.90 at step=164
2026-04-21 12:09:46,527 WARNING High score grad norm: 17872.33 at step=165
2026-04-21 12:09:53,075 WARNING High score grad norm: 15501.58 at step=166
2026-04-21 12:09:59,622 WARNING High score grad norm: 9665.02 at step=167
2026-04-21 12:10:06,175 WARNING High score grad norm: 13837.20 at step=168
2026-04-21 12:10:12,693 WARNING High score grad norm: 33289.83 at step=169
2026-04-21 12:10:19,251 WARNING High score grad norm: 45383.45 at step=170
2026-04-21 12:10:25,853 WARNING High score grad norm: 1713.99 at step=171
2026-04-21 12:10:32,405 WARNING High score grad norm: 11992.29 at step=172
2026-04-21 12:10:38,937 WARNING High score grad norm: 11139.97 at step=173
2026-04-21 12:10:45,497 WARNING High score grad norm: 3238.66 at step=174
2026-04-21 12:10:52,032 WARNING High score grad norm: 20069.45 at step=175
2026-04-21 12:10:58,595 WARNING High score grad norm: 8092.68 at step=176
2026-04-21 12:11:05,171 WARNING High score grad norm: 27721.69 at step=177
2026-04-21 12:11:11,717 WARNING High score grad norm: 27276.84 at step=178
2026-04-21 12:11:18,344 WARNING High score grad norm: 10657.49 at step=179
2026-04-21 12:11:24,917 WARNING High score grad norm: 14879.91 at step=180
2026-04-21 12:11:31,448 WARNING High score grad norm: 15348.41 at step=181
2026-04-21 12:11:38,026 WARNING High score grad norm: 5732.33 at step=182
2026-04-21 12:11:44,543 WARNING High score grad norm: 1314.72 at step=183
2026-04-21 12:11:51,039 WARNING High score grad norm: 3254.73 at step=184
2026-04-21 12:11:57,566 WARNING High score grad norm: 9132.43 at step=185
2026-04-21 12:12:04,082 WARNING High score grad norm: 3132.92 at step=186
2026-04-21 12:12:10,621 WARNING High score grad norm: 2040.04 at step=187
2026-04-21 12:12:17,150 WARNING High score grad norm: 1311.64 at step=188
2026-04-21 12:12:23,684 WARNING High score grad norm: 9902.74 at step=189
2026-04-21 12:12:30,189 WARNING High score grad norm: 6503.35 at step=190
2026-04-21 12:12:36,693 WARNING High score grad norm: 10030.23 at step=191
2026-04-21 12:12:43,181 WARNING High score grad norm: 20116.14 at step=192
2026-04-21 12:12:49,718 WARNING High score grad norm: 4435.20 at step=193
2026-04-21 12:12:56,274 WARNING High score grad norm: 5100.51 at step=194
2026-04-21 12:13:02,778 WARNING High score grad norm: 21890.97 at step=195
2026-04-21 12:13:09,295 WARNING High score grad norm: 10577.68 at step=196
2026-04-21 12:13:15,848 WARNING High score grad norm: 2982.19 at step=197
2026-04-21 12:13:22,375 WARNING High score grad norm: 7113.76 at step=198
2026-04-21 12:13:28,909 WARNING High score grad norm: 6062.54 at step=199
2026-04-21 12:13:28,916 INFO epoch=2 step=200 loss=506.3381 dsm=505.1451 control=0.0326 path_kl=11.8293 jar=-22.7760 quality=0.9730
2026-04-21 12:13:35,440 WARNING High score grad norm: 7449.58 at step=200
2026-04-21 12:13:41,966 WARNING High score grad norm: 7944.01 at step=201
2026-04-21 12:13:48,507 WARNING High score grad norm: 3227.55 at step=202
2026-04-21 12:13:55,064 WARNING High score grad norm: 10505.66 at step=203
2026-04-21 12:14:01,610 WARNING High score grad norm: 17305.50 at step=204
2026-04-21 12:14:08,122 WARNING High score grad norm: 6171.74 at step=205
2026-04-21 12:14:14,664 WARNING High score grad norm: 14944.24 at step=206
2026-04-21 12:14:21,187 WARNING High score grad norm: 13772.98 at step=207
2026-04-21 12:14:27,717 WARNING High score grad norm: 8426.96 at step=208
2026-04-21 12:14:34,237 WARNING High score grad norm: 2436.71 at step=209
2026-04-21 12:14:40,758 WARNING High score grad norm: 13975.03 at step=210
2026-04-21 12:14:47,259 WARNING High score grad norm: 7752.90 at step=211
2026-04-21 12:14:53,753 WARNING High score grad norm: 17794.62 at step=212
2026-04-21 12:15:00,266 WARNING High score grad norm: 4599.35 at step=213
2026-04-21 12:15:06,770 WARNING High score grad norm: 16527.73 at step=214
2026-04-21 12:15:13,241 WARNING High score grad norm: 17068.86 at step=215
2026-04-21 12:15:19,729 WARNING High score grad norm: 15342.59 at step=216
2026-04-21 12:15:26,220 WARNING High score grad norm: 1506.47 at step=217
2026-04-21 12:15:32,712 WARNING High score grad norm: 4979.92 at step=218
2026-04-21 12:15:39,227 WARNING High score grad norm: 22207.79 at step=219
2026-04-21 12:15:45,704 WARNING High score grad norm: 9553.22 at step=220
2026-04-21 12:15:52,177 WARNING High score grad norm: 3019.22 at step=221
2026-04-21 12:15:58,674 WARNING High score grad norm: 8405.21 at step=222
2026-04-21 12:16:05,183 WARNING High score grad norm: 14928.82 at step=223
2026-04-21 12:16:11,693 WARNING High score grad norm: 5208.38 at step=224
2026-04-21 12:16:18,166 WARNING High score grad norm: 1972.05 at step=225
2026-04-21 12:16:24,650 WARNING High score grad norm: 1999.49 at step=226
2026-04-21 12:16:31,138 WARNING High score grad norm: 9740.74 at step=227
2026-04-21 12:16:37,668 WARNING High score grad norm: 5965.48 at step=228
2026-04-21 12:16:44,191 WARNING High score grad norm: 2577.47 at step=229
2026-04-21 12:16:50,751 WARNING High score grad norm: 14571.45 at step=230
2026-04-21 12:16:57,287 WARNING High score grad norm: 6079.77 at step=231
2026-04-21 12:17:03,822 WARNING High score grad norm: 4616.84 at step=232
2026-04-21 12:17:10,370 WARNING High score grad norm: 5732.76 at step=233
2026-04-21 12:17:16,868 WARNING High score grad norm: 6428.95 at step=234
2026-04-21 12:17:23,433 WARNING High score grad norm: 5157.48 at step=235
2026-04-21 12:17:29,969 WARNING High score grad norm: 3913.86 at step=236
2026-04-21 12:17:36,502 WARNING High score grad norm: 2196.49 at step=237
2026-04-21 12:17:43,064 WARNING High score grad norm: 3118.97 at step=238
2026-04-21 12:17:49,625 WARNING High score grad norm: 16071.93 at step=239
2026-04-21 12:17:56,140 WARNING High score grad norm: 4360.37 at step=240
2026-04-21 12:18:02,701 WARNING High score grad norm: 5147.56 at step=241
2026-04-21 12:18:09,212 WARNING High score grad norm: 3885.81 at step=242
2026-04-21 12:18:15,728 WARNING High score grad norm: 1663.87 at step=243
2026-04-21 12:18:22,183 WARNING High score grad norm: 6661.99 at step=244
2026-04-21 12:18:28,661 WARNING High score grad norm: 12725.48 at step=245
2026-04-21 12:18:35,144 WARNING High score grad norm: 18465.06 at step=246
2026-04-21 12:18:41,626 WARNING High score grad norm: 2681.78 at step=247
2026-04-21 12:18:48,134 WARNING High score grad norm: 5509.77 at step=248
2026-04-21 12:18:54,613 WARNING High score grad norm: 3511.25 at step=249
2026-04-21 12:19:01,077 WARNING High score grad norm: 4121.29 at step=250
2026-04-21 12:19:07,560 WARNING High score grad norm: 6846.79 at step=251
2026-04-21 12:19:14,070 WARNING High score grad norm: 16622.79 at step=252
2026-04-21 12:19:20,578 WARNING High score grad norm: 9527.92 at step=253
2026-04-21 12:19:27,082 WARNING High score grad norm: 7274.24 at step=254
2026-04-21 12:19:33,564 WARNING High score grad norm: 14210.31 at step=255
2026-04-21 12:19:40,043 WARNING High score grad norm: 4259.20 at step=256
2026-04-21 12:19:46,550 WARNING High score grad norm: 2595.47 at step=257
2026-04-21 12:19:53,027 WARNING High score grad norm: 4115.91 at step=258
2026-04-21 12:19:59,546 WARNING High score grad norm: 7886.53 at step=259
2026-04-21 12:20:06,210 WARNING High score grad norm: 4221.23 at step=260
2026-04-21 12:20:12,723 WARNING High score grad norm: 13859.92 at step=261
2026-04-21 12:20:19,264 WARNING High score grad norm: 1605.02 at step=262
2026-04-21 12:20:25,789 WARNING High score grad norm: 18472.34 at step=263
2026-04-21 12:20:32,289 WARNING High score grad norm: 6836.71 at step=264
2026-04-21 12:20:38,812 WARNING High score grad norm: 6519.59 at step=265
2026-04-21 12:20:45,326 WARNING High score grad norm: 4009.48 at step=266
2026-04-21 12:20:51,849 WARNING High score grad norm: 16010.86 at step=267
2026-04-21 12:20:58,372 WARNING High score grad norm: 5916.13 at step=268
2026-04-21 12:21:04,898 WARNING High score grad norm: 4016.74 at step=269
2026-04-21 12:21:11,432 WARNING High score grad norm: 7197.60 at step=270
2026-04-21 12:21:17,956 WARNING High score grad norm: 4141.73 at step=271
2026-04-21 12:21:24,505 WARNING High score grad norm: 5756.24 at step=272
2026-04-21 12:21:31,051 WARNING High score grad norm: 4702.32 at step=273
2026-04-21 12:21:37,518 WARNING High score grad norm: 2464.44 at step=274
2026-04-21 12:21:43,989 WARNING High score grad norm: 1667.14 at step=275
2026-04-21 12:21:50,484 WARNING High score grad norm: 2777.40 at step=276
2026-04-21 12:21:57,010 WARNING High score grad norm: 8783.51 at step=277
2026-04-21 12:22:03,557 WARNING High score grad norm: 7371.64 at step=278
2026-04-21 12:22:10,095 WARNING High score grad norm: 3946.09 at step=279
2026-04-21 12:22:16,629 WARNING High score grad norm: 5700.31 at step=280
2026-04-21 12:22:23,146 WARNING High score grad norm: 1981.00 at step=281
2026-04-21 12:22:29,668 WARNING High score grad norm: 1464.87 at step=282
2026-04-21 12:22:36,196 WARNING High score grad norm: 6243.57 at step=283
2026-04-21 12:22:42,705 WARNING High score grad norm: 2581.30 at step=284
2026-04-21 12:22:49,210 WARNING High score grad norm: 1029.83 at step=285
2026-04-21 12:22:55,727 WARNING High score grad norm: 993.19 at step=286
2026-04-21 12:23:02,229 WARNING High score grad norm: 3074.19 at step=287
2026-04-21 12:23:08,734 WARNING High score grad norm: 4554.70 at step=288
2026-04-21 12:23:15,278 WARNING High score grad norm: 4483.48 at step=289
2026-04-21 12:23:21,798 WARNING High score grad norm: 2803.53 at step=290
2026-04-21 12:23:28,340 WARNING High score grad norm: 1703.66 at step=291
2026-04-21 12:23:34,879 WARNING High score grad norm: 4176.33 at step=292
2026-04-21 12:23:41,470 WARNING High score grad norm: 2521.24 at step=293
2026-04-21 12:23:47,976 WARNING High score grad norm: 1106.76 at step=294
2026-04-21 12:23:54,482 WARNING High score grad norm: 1340.15 at step=295
2026-04-21 12:24:00,967 WARNING High score grad norm: 2828.60 at step=296
2026-04-21 12:24:07,439 WARNING High score grad norm: 4416.13 at step=297
2026-04-21 12:24:13,912 WARNING High score grad norm: 4966.01 at step=298
2026-04-21 12:24:20,385 WARNING High score grad norm: 3154.87 at step=299
2026-04-21 12:24:20,392 INFO epoch=2 step=300 loss=294.6338 dsm=293.9251 control=0.0279 path_kl=7.0029 jar=-18.2055 quality=0.8124
2026-04-21 12:24:26,893 WARNING High score grad norm: 1923.65 at step=300
2026-04-21 12:24:33,375 WARNING High score grad norm: 2746.76 at step=301
2026-04-21 12:24:39,936 WARNING High score grad norm: 5306.56 at step=302
2026-04-21 12:24:46,476 WARNING High score grad norm: 4829.00 at step=303
2026-04-21 12:24:53,008 WARNING High score grad norm: 2023.86 at step=304
2026-04-21 12:24:59,551 WARNING High score grad norm: 1775.20 at step=305
2026-04-21 12:25:06,097 WARNING High score grad norm: 11592.41 at step=306
2026-04-21 12:25:12,627 WARNING High score grad norm: 5817.75 at step=307
2026-04-21 12:25:19,140 WARNING High score grad norm: 2300.47 at step=308
2026-04-21 12:25:25,680 WARNING High score grad norm: 2872.21 at step=309
2026-04-21 12:25:32,228 WARNING High score grad norm: 5406.20 at step=310
2026-04-21 12:25:38,774 WARNING High score grad norm: 2660.75 at step=311
2026-04-21 12:25:45,273 WARNING High score grad norm: 9167.36 at step=312
2026-04-21 12:25:47,634 WARNING High score grad norm: 2178.61 at step=313
2026-04-21 12:25:47,635 WARNING High control grad norm: 22.49 at step=313
2026-04-21 12:25:47,642 INFO epoch=2 done
2026-04-21 12:25:47,735 INFO epoch=2 diag: cos_sim=0.0054 ctrl_mag=2.8642 score_mag=18.9444 ratio=0.1512
2026-04-21 12:25:54,406 WARNING High score grad norm: 19776.45 at step=314
2026-04-21 12:26:00,952 WARNING High score grad norm: 19769.98 at step=315
2026-04-21 12:26:07,519 WARNING High score grad norm: 6656.24 at step=316
2026-04-21 12:26:14,047 WARNING High score grad norm: 6307.47 at step=317
2026-04-21 12:26:20,567 WARNING High score grad norm: 21656.17 at step=318
2026-04-21 12:26:27,056 WARNING High score grad norm: 5362.90 at step=319
2026-04-21 12:26:33,547 WARNING High score grad norm: 3465.80 at step=320
2026-04-21 12:26:40,042 WARNING High score grad norm: 9797.68 at step=321
2026-04-21 12:26:46,517 WARNING High score grad norm: 8572.22 at step=322
2026-04-21 12:26:53,036 WARNING High score grad norm: 7518.05 at step=323
2026-04-21 12:26:59,535 WARNING High score grad norm: 2367.31 at step=324
2026-04-21 12:27:06,007 WARNING High score grad norm: 7569.74 at step=325
2026-04-21 12:27:12,492 WARNING High score grad norm: 1622.77 at step=326
2026-04-21 12:27:18,974 WARNING High score grad norm: 3281.01 at step=327
2026-04-21 12:27:25,498 WARNING High score grad norm: 21694.22 at step=328
2026-04-21 12:27:32,046 WARNING High score grad norm: 13691.22 at step=329
2026-04-21 12:27:38,572 WARNING High score grad norm: 6784.34 at step=330
2026-04-21 12:27:45,114 WARNING High score grad norm: 25284.42 at step=331
2026-04-21 12:27:51,639 WARNING High score grad norm: 18518.35 at step=332
2026-04-21 12:27:58,168 WARNING High score grad norm: 4130.76 at step=333
2026-04-21 12:28:04,678 WARNING High score grad norm: 3365.61 at step=334
2026-04-21 12:28:11,221 WARNING High score grad norm: 6478.01 at step=335
2026-04-21 12:28:17,735 WARNING High score grad norm: 3996.05 at step=336
2026-04-21 12:28:24,284 WARNING High score grad norm: 3056.69 at step=337
2026-04-21 12:28:30,783 WARNING High score grad norm: 5730.71 at step=338
2026-04-21 12:28:37,350 WARNING High score grad norm: 4420.14 at step=339
2026-04-21 12:28:43,878 WARNING High score grad norm: 3167.13 at step=340
2026-04-21 12:28:50,405 WARNING High score grad norm: 4311.14 at step=341
2026-04-21 12:28:56,924 WARNING High score grad norm: 2719.23 at step=342
2026-04-21 12:29:03,468 WARNING High score grad norm: 7211.20 at step=343
2026-04-21 12:29:09,987 WARNING High score grad norm: 4356.78 at step=344
2026-04-21 12:29:16,575 WARNING High score grad norm: 3659.16 at step=345
2026-04-21 12:29:23,107 WARNING High score grad norm: 11383.78 at step=346
2026-04-21 12:29:29,644 WARNING High score grad norm: 3706.62 at step=347
2026-04-21 12:29:36,155 WARNING High score grad norm: 7144.52 at step=348
2026-04-21 12:29:42,681 WARNING High score grad norm: 15242.08 at step=349
2026-04-21 12:29:49,219 WARNING High score grad norm: 9525.61 at step=350
2026-04-21 12:29:55,711 WARNING High score grad norm: 9469.81 at step=351
2026-04-21 12:30:02,223 WARNING High score grad norm: 12080.42 at step=352
2026-04-21 12:30:08,750 WARNING High score grad norm: 8664.87 at step=353
2026-04-21 12:30:15,328 WARNING High score grad norm: 2543.05 at step=354
2026-04-21 12:30:21,842 WARNING High score grad norm: 4374.60 at step=355
2026-04-21 12:30:28,372 WARNING High score grad norm: 3931.04 at step=356
2026-04-21 12:30:34,907 WARNING High score grad norm: 1813.63 at step=357
2026-04-21 12:30:41,425 WARNING High score grad norm: 1792.72 at step=358
2026-04-21 12:30:47,958 WARNING High score grad norm: 5870.04 at step=359
2026-04-21 12:30:54,463 WARNING High score grad norm: 1576.85 at step=360
2026-04-21 12:31:00,996 WARNING High score grad norm: 5481.85 at step=361
2026-04-21 12:31:07,526 WARNING High score grad norm: 17608.26 at step=362
2026-04-21 12:31:14,175 WARNING High score grad norm: 2095.32 at step=363
2026-04-21 12:31:20,699 WARNING High score grad norm: 2298.41 at step=364
2026-04-21 12:31:27,244 WARNING High score grad norm: 19158.39 at step=365
2026-04-21 12:31:33,763 WARNING High score grad norm: 12725.04 at step=366
2026-04-21 12:31:40,359 WARNING High score grad norm: 1804.20 at step=367
2026-04-21 12:31:46,861 WARNING High score grad norm: 6188.81 at step=368
2026-04-21 12:31:53,364 WARNING High score grad norm: 6404.60 at step=369
2026-04-21 12:31:59,842 WARNING High score grad norm: 3865.78 at step=370
2026-04-21 12:32:06,339 WARNING High score grad norm: 7953.24 at step=371
2026-04-21 12:32:12,855 WARNING High score grad norm: 1802.72 at step=372
2026-04-21 12:32:19,370 WARNING High score grad norm: 14972.37 at step=373
2026-04-21 12:32:25,895 WARNING High score grad norm: 9845.06 at step=374
2026-04-21 12:32:32,444 WARNING High score grad norm: 1219.96 at step=375
2026-04-21 12:32:38,996 WARNING High score grad norm: 3345.28 at step=376
2026-04-21 12:32:45,517 WARNING High score grad norm: 3297.61 at step=377
2026-04-21 12:32:52,051 WARNING High score grad norm: 3897.98 at step=378
2026-04-21 12:32:58,588 WARNING High score grad norm: 5013.26 at step=379
2026-04-21 12:33:05,112 WARNING High score grad norm: 5459.34 at step=380
2026-04-21 12:33:11,680 WARNING High score grad norm: 13711.33 at step=381
2026-04-21 12:33:18,192 WARNING High score grad norm: 11500.24 at step=382
2026-04-21 12:33:24,731 WARNING High score grad norm: 3183.47 at step=383
2026-04-21 12:33:31,273 WARNING High score grad norm: 4004.25 at step=384
2026-04-21 12:33:37,800 WARNING High score grad norm: 7720.59 at step=385
2026-04-21 12:33:44,369 WARNING High score grad norm: 2790.65 at step=386
2026-04-21 12:33:50,892 WARNING High score grad norm: 2098.29 at step=387
2026-04-21 12:33:57,412 WARNING High score grad norm: 4204.91 at step=388
2026-04-21 12:34:03,875 WARNING High score grad norm: 4429.57 at step=389
2026-04-21 12:34:10,394 WARNING High score grad norm: 4956.69 at step=390
2026-04-21 12:34:16,864 WARNING High score grad norm: 2796.57 at step=391
2026-04-21 12:34:23,389 WARNING High score grad norm: 5205.10 at step=392
2026-04-21 12:34:29,990 WARNING High score grad norm: 7652.27 at step=393
2026-04-21 12:34:36,542 WARNING High score grad norm: 6288.33 at step=394
2026-04-21 12:34:43,066 WARNING High score grad norm: 3116.68 at step=395
2026-04-21 12:34:49,604 WARNING High score grad norm: 5738.55 at step=396
2026-04-21 12:34:56,154 WARNING High score grad norm: 1765.41 at step=397
2026-04-21 12:35:02,666 WARNING High score grad norm: 2791.01 at step=398
2026-04-21 12:35:09,223 WARNING High score grad norm: 10482.03 at step=399
2026-04-21 12:35:09,229 INFO epoch=3 step=400 loss=688.5975 dsm=687.6086 control=0.0251 path_kl=9.8092 jar=-21.5892 quality=0.7748
2026-04-21 12:35:15,711 WARNING High score grad norm: 2257.95 at step=400
2026-04-21 12:35:22,179 WARNING High score grad norm: 13225.21 at step=401
2026-04-21 12:35:28,734 WARNING High score grad norm: 9709.14 at step=402
2026-04-21 12:35:35,227 WARNING High score grad norm: 6619.14 at step=403
2026-04-21 12:35:41,754 WARNING High score grad norm: 15397.79 at step=404
2026-04-21 12:35:48,243 WARNING High score grad norm: 7658.12 at step=405
2026-04-21 12:35:54,796 WARNING High score grad norm: 3525.95 at step=406
2026-04-21 12:36:01,335 WARNING High score grad norm: 2243.69 at step=407
2026-04-21 12:36:07,887 WARNING High score grad norm: 1340.90 at step=408
2026-04-21 12:36:14,411 WARNING High score grad norm: 2852.19 at step=409
2026-04-21 12:36:20,920 WARNING High score grad norm: 3825.72 at step=410
2026-04-21 12:36:27,430 WARNING High score grad norm: 6870.95 at step=411
2026-04-21 12:36:33,893 WARNING High score grad norm: 1727.26 at step=412
2026-04-21 12:36:40,378 WARNING High score grad norm: 8921.75 at step=413
2026-04-21 12:36:46,876 WARNING High score grad norm: 2964.38 at step=414
2026-04-21 12:36:53,364 WARNING High score grad norm: 5331.85 at step=415
2026-04-21 12:36:59,847 WARNING High score grad norm: 10074.94 at step=416
2026-04-21 12:37:06,335 WARNING High score grad norm: 2862.99 at step=417
2026-04-21 12:37:12,838 WARNING High score grad norm: 1382.89 at step=418
2026-04-21 12:37:19,332 WARNING High score grad norm: 7453.36 at step=419
2026-04-21 12:37:25,856 WARNING High score grad norm: 3944.06 at step=420
2026-04-21 12:37:32,359 WARNING High score grad norm: 2348.58 at step=421
2026-04-21 12:37:38,851 WARNING High score grad norm: 4739.58 at step=422
2026-04-21 12:37:45,346 WARNING High score grad norm: 3163.39 at step=423
2026-04-21 12:37:51,862 WARNING High score grad norm: 4964.98 at step=424
2026-04-21 12:37:58,382 WARNING High score grad norm: 6601.66 at step=425
2026-04-21 12:38:04,853 WARNING High score grad norm: 1731.11 at step=426
2026-04-21 12:38:11,341 WARNING High score grad norm: 4645.25 at step=427
2026-04-21 12:38:17,829 WARNING High score grad norm: 2271.86 at step=428
2026-04-21 12:38:24,329 WARNING High score grad norm: 1513.60 at step=429
2026-04-21 12:38:30,813 WARNING High score grad norm: 1095.90 at step=430
2026-04-21 12:38:37,363 WARNING High score grad norm: 3886.48 at step=431
2026-04-21 12:38:43,856 WARNING High score grad norm: 1682.03 at step=432
2026-04-21 12:38:50,388 WARNING High score grad norm: 5425.31 at step=433
2026-04-21 12:38:56,918 WARNING High score grad norm: 5785.60 at step=434
2026-04-21 12:39:03,432 WARNING High score grad norm: 2960.29 at step=435
2026-04-21 12:39:09,992 WARNING High score grad norm: 8085.87 at step=436
2026-04-21 12:39:16,498 WARNING High score grad norm: 4872.89 at step=437
2026-04-21 12:39:23,044 WARNING High score grad norm: 6026.82 at step=438
2026-04-21 12:39:29,547 WARNING High score grad norm: 3608.33 at step=439
2026-04-21 12:39:36,042 WARNING High score grad norm: 975.28 at step=440
2026-04-21 12:39:42,571 WARNING High score grad norm: 5185.39 at step=441
2026-04-21 12:39:49,111 WARNING High score grad norm: 7140.89 at step=442
2026-04-21 12:39:55,646 WARNING High score grad norm: 3188.64 at step=443
2026-04-21 12:40:02,243 WARNING High score grad norm: 1861.79 at step=444
2026-04-21 12:40:08,822 WARNING High score grad norm: 2059.78 at step=445
2026-04-21 12:40:15,317 WARNING High score grad norm: 1984.97 at step=446
2026-04-21 12:40:21,798 WARNING High score grad norm: 3122.03 at step=447
2026-04-21 12:40:28,295 WARNING High score grad norm: 8343.73 at step=448
2026-04-21 12:40:34,774 WARNING High score grad norm: 6491.50 at step=449
2026-04-21 12:40:41,338 WARNING High score grad norm: 3411.94 at step=450
2026-04-21 12:40:47,824 WARNING High score grad norm: 4158.62 at step=451
2026-04-21 12:40:54,317 WARNING High score grad norm: 6094.65 at step=452
2026-04-21 12:41:00,807 WARNING High score grad norm: 5536.37 at step=453
2026-04-21 12:41:07,331 WARNING High score grad norm: 1799.65 at step=454
2026-04-21 12:41:13,816 WARNING High score grad norm: 2389.96 at step=455
2026-04-21 12:41:20,304 WARNING High score grad norm: 3622.82 at step=456
2026-04-21 12:41:26,780 WARNING High score grad norm: 8685.23 at step=457
2026-04-21 12:41:33,290 WARNING High score grad norm: 3412.75 at step=458
2026-04-21 12:41:39,766 WARNING High score grad norm: 2624.73 at step=459
2026-04-21 12:41:46,277 WARNING High score grad norm: 1540.42 at step=460
2026-04-21 12:41:52,765 WARNING High score grad norm: 8280.19 at step=461
2026-04-21 12:41:59,245 WARNING High score grad norm: 3772.63 at step=462
2026-04-21 12:42:05,767 WARNING High score grad norm: 2510.36 at step=463
2026-04-21 12:42:12,318 WARNING High score grad norm: 4238.18 at step=464
2026-04-21 12:42:18,850 WARNING High score grad norm: 5832.52 at step=465
2026-04-21 12:42:25,349 WARNING High score grad norm: 7075.93 at step=466
2026-04-21 12:42:31,870 WARNING High score grad norm: 2566.05 at step=467
2026-04-21 12:42:38,415 WARNING High score grad norm: 4285.31 at step=468
2026-04-21 12:42:44,934 WARNING High score grad norm: 4662.59 at step=469
2026-04-21 12:42:46,889 WARNING High score grad norm: 12313.78 at step=470
2026-04-21 12:42:46,890 WARNING High control grad norm: 21.59 at step=470
2026-04-21 12:42:46,896 INFO epoch=3 done
2026-04-21 12:42:46,988 INFO epoch=3 diag: cos_sim=0.0021 ctrl_mag=2.6283 score_mag=18.4058 ratio=0.1428
2026-04-21 12:42:53,653 WARNING High score grad norm: 4186.10 at step=471
2026-04-21 12:43:00,186 WARNING High score grad norm: 3903.59 at step=472
2026-04-21 12:43:06,720 WARNING High score grad norm: 3137.45 at step=473
2026-04-21 12:43:13,187 WARNING High score grad norm: 2408.45 at step=474
2026-04-21 12:43:19,699 WARNING High score grad norm: 6462.73 at step=475
2026-04-21 12:43:26,201 WARNING High score grad norm: 2603.01 at step=476
2026-04-21 12:43:32,723 WARNING High score grad norm: 9993.66 at step=477
2026-04-21 12:43:39,256 WARNING High score grad norm: 5296.90 at step=478
2026-04-21 12:43:45,839 WARNING High score grad norm: 2922.25 at step=479
2026-04-21 12:43:52,378 WARNING High score grad norm: 16858.54 at step=480
2026-04-21 12:43:58,921 WARNING High score grad norm: 2320.37 at step=481
2026-04-21 12:44:05,449 WARNING High score grad norm: 3525.14 at step=482
2026-04-21 12:44:11,963 WARNING High score grad norm: 6160.36 at step=483
2026-04-21 12:44:18,471 WARNING High score grad norm: 3788.29 at step=484
2026-04-21 12:44:24,989 WARNING High score grad norm: 1948.23 at step=485
2026-04-21 12:44:31,508 WARNING High score grad norm: 3824.77 at step=486
2026-04-21 12:44:38,034 WARNING High score grad norm: 3006.77 at step=487
2026-04-21 12:44:44,584 WARNING High score grad norm: 1173.19 at step=488
2026-04-21 12:44:51,115 WARNING High score grad norm: 9372.94 at step=489
2026-04-21 12:44:57,678 WARNING High score grad norm: 7632.79 at step=490
2026-04-21 12:45:04,230 WARNING High score grad norm: 4641.99 at step=491
2026-04-21 12:45:10,795 WARNING High score grad norm: 4067.81 at step=492
2026-04-21 12:45:17,395 WARNING High score grad norm: 1716.09 at step=493
2026-04-21 12:45:23,938 WARNING High score grad norm: 9173.65 at step=494
2026-04-21 12:45:30,434 WARNING High score grad norm: 7864.26 at step=495
2026-04-21 12:45:36,973 WARNING High score grad norm: 7332.37 at step=496
2026-04-21 12:45:43,534 WARNING High score grad norm: 8718.96 at step=497
2026-04-21 12:45:50,069 WARNING High score grad norm: 15632.35 at step=498
2026-04-21 12:45:56,596 WARNING High score grad norm: 9189.60 at step=499
2026-04-21 12:45:56,604 INFO epoch=4 step=500 loss=735.4836 dsm=734.6639 control=0.0233 path_kl=8.0941 jar=-16.1992 quality=1.0075
2026-04-21 12:46:03,143 WARNING High score grad norm: 1646.74 at step=500
2026-04-21 12:46:09,686 WARNING High score grad norm: 1200.88 at step=501
2026-04-21 12:46:16,230 WARNING High score grad norm: 1438.46 at step=502
2026-04-21 12:46:22,746 WARNING High score grad norm: 9798.99 at step=503
2026-04-21 12:46:29,312 WARNING High score grad norm: 2203.57 at step=504
2026-04-21 12:46:35,789 WARNING High score grad norm: 2472.27 at step=505
2026-04-21 12:46:42,305 WARNING High score grad norm: 15830.71 at step=506
2026-04-21 12:46:48,836 WARNING High score grad norm: 16387.52 at step=507
2026-04-21 12:46:55,385 WARNING High score grad norm: 29356.03 at step=508
2026-04-21 12:47:01,918 WARNING High score grad norm: 6525.46 at step=509
2026-04-21 12:47:08,474 WARNING High score grad norm: 1318.50 at step=510
2026-04-21 12:47:15,063 WARNING High score grad norm: 3657.79 at step=511
2026-04-21 12:47:21,599 WARNING High score grad norm: 2534.33 at step=512
2026-04-21 12:47:28,120 WARNING High score grad norm: 11488.43 at step=513
2026-04-21 12:47:34,595 WARNING High score grad norm: 3912.20 at step=514
2026-04-21 12:47:41,114 WARNING High score grad norm: 3529.93 at step=515
2026-04-21 12:47:47,618 WARNING High score grad norm: 2315.56 at step=516
2026-04-21 12:47:54,111 WARNING High score grad norm: 3140.53 at step=517
2026-04-21 12:48:00,611 WARNING High score grad norm: 1361.52 at step=518
2026-04-21 12:48:07,107 WARNING High score grad norm: 5149.00 at step=519
2026-04-21 12:48:13,602 WARNING High score grad norm: 1572.10 at step=520
2026-04-21 12:48:20,084 WARNING High score grad norm: 8259.33 at step=521
2026-04-21 12:48:26,559 WARNING High score grad norm: 5629.88 at step=522
2026-04-21 12:48:33,079 WARNING High score grad norm: 9755.52 at step=523
2026-04-21 12:48:39,599 WARNING High score grad norm: 2701.91 at step=524
2026-04-21 12:48:46,112 WARNING High score grad norm: 4092.43 at step=525
2026-04-21 12:48:52,574 WARNING High score grad norm: 4457.92 at step=526
2026-04-21 12:48:59,087 WARNING High score grad norm: 2576.88 at step=527
2026-04-21 12:49:05,564 WARNING High score grad norm: 1871.70 at step=528
2026-04-21 12:49:12,044 WARNING High score grad norm: 6816.24 at step=529
2026-04-21 12:49:18,555 WARNING High score grad norm: 8631.14 at step=530
2026-04-21 12:49:25,086 WARNING High score grad norm: 1347.17 at step=531
2026-04-21 12:49:31,588 WARNING High score grad norm: 3773.01 at step=532
2026-04-21 12:49:38,070 WARNING High score grad norm: 1766.99 at step=533
2026-04-21 12:49:44,608 WARNING High score grad norm: 7306.28 at step=534
2026-04-21 12:49:51,167 WARNING High score grad norm: 15869.51 at step=535
2026-04-21 12:49:57,716 WARNING High score grad norm: 6358.25 at step=536
2026-04-21 12:50:04,261 WARNING High score grad norm: 6193.09 at step=537
2026-04-21 12:50:10,800 WARNING High score grad norm: 2231.27 at step=538
2026-04-21 12:50:17,276 WARNING High score grad norm: 3990.43 at step=539
2026-04-21 12:50:23,773 WARNING High score grad norm: 6026.57 at step=540
2026-04-21 12:50:30,246 WARNING High score grad norm: 2503.31 at step=541
2026-04-21 12:50:36,756 WARNING High score grad norm: 2012.98 at step=542
2026-04-21 12:50:43,222 WARNING High score grad norm: 2536.00 at step=543
2026-04-21 12:50:49,709 WARNING High score grad norm: 4408.76 at step=544
2026-04-21 12:50:56,177 WARNING High score grad norm: 2204.22 at step=545
2026-04-21 12:51:02,716 WARNING High score grad norm: 1336.59 at step=546
2026-04-21 12:51:09,186 WARNING High score grad norm: 5235.48 at step=547
2026-04-21 12:51:15,688 WARNING High score grad norm: 2941.90 at step=548
2026-04-21 12:51:22,165 WARNING High score grad norm: 7141.42 at step=549
2026-04-21 12:51:28,671 WARNING High score grad norm: 7279.68 at step=550
2026-04-21 12:51:35,232 WARNING High score grad norm: 6267.15 at step=551
2026-04-21 12:51:41,767 WARNING High score grad norm: 3419.45 at step=552
2026-04-21 12:51:48,322 WARNING High score grad norm: 1431.55 at step=553
2026-04-21 12:51:54,872 WARNING High score grad norm: 4680.99 at step=554
2026-04-21 12:52:01,395 WARNING High score grad norm: 15223.01 at step=555
2026-04-21 12:52:07,944 WARNING High score grad norm: 13749.68 at step=556
2026-04-21 12:52:14,469 WARNING High score grad norm: 2336.38 at step=557
2026-04-21 12:52:20,941 WARNING High score grad norm: 2042.09 at step=558
2026-04-21 12:52:27,442 WARNING High score grad norm: 3188.17 at step=559
2026-04-21 12:52:33,949 WARNING High score grad norm: 2963.16 at step=560
2026-04-21 12:52:40,485 WARNING High score grad norm: 2401.28 at step=561
2026-04-21 12:52:46,998 WARNING High score grad norm: 1635.79 at step=562
2026-04-21 12:52:53,582 WARNING High score grad norm: 1095.60 at step=563
2026-04-21 12:53:00,115 WARNING High score grad norm: 4179.63 at step=564
2026-04-21 12:53:06,618 WARNING High score grad norm: 1247.45 at step=565
2026-04-21 12:53:13,161 WARNING High score grad norm: 1680.11 at step=566
2026-04-21 12:53:19,717 WARNING High score grad norm: 1086.61 at step=567
2026-04-21 12:53:26,229 WARNING High score grad norm: 2154.35 at step=568
2026-04-21 12:53:32,748 WARNING High score grad norm: 4966.95 at step=569
2026-04-21 12:53:39,373 WARNING High score grad norm: 2750.58 at step=570
2026-04-21 12:53:45,918 WARNING High score grad norm: 4965.73 at step=571
2026-04-21 12:53:52,449 WARNING High score grad norm: 2125.05 at step=572
2026-04-21 12:53:58,929 WARNING High score grad norm: 3885.43 at step=573
2026-04-21 12:54:05,405 WARNING High score grad norm: 4360.17 at step=574
2026-04-21 12:54:11,935 WARNING High score grad norm: 11431.14 at step=575
2026-04-21 12:54:18,443 WARNING High score grad norm: 3789.98 at step=576
2026-04-21 12:54:25,003 WARNING High score grad norm: 2864.70 at step=577
2026-04-21 12:54:31,535 WARNING High score grad norm: 3185.01 at step=578
2026-04-21 12:54:38,018 WARNING High score grad norm: 3956.62 at step=579
2026-04-21 12:54:44,524 WARNING High score grad norm: 1802.50 at step=580
2026-04-21 12:54:51,056 WARNING High score grad norm: 2185.64 at step=581
2026-04-21 12:54:57,572 WARNING High score grad norm: 1840.47 at step=582
2026-04-21 12:55:04,133 WARNING High score grad norm: 2533.88 at step=583
2026-04-21 12:55:10,614 WARNING High score grad norm: 3236.63 at step=584
2026-04-21 12:55:17,088 WARNING High score grad norm: 3693.60 at step=585
2026-04-21 12:55:23,635 WARNING High score grad norm: 1844.42 at step=586
2026-04-21 12:55:30,132 WARNING High score grad norm: 3049.77 at step=587
2026-04-21 12:55:36,715 WARNING High score grad norm: 9032.97 at step=588
2026-04-21 12:55:43,259 WARNING High score grad norm: 5238.02 at step=589
2026-04-21 12:55:49,812 WARNING High score grad norm: 4866.36 at step=590
2026-04-21 12:55:56,345 WARNING High score grad norm: 2286.45 at step=591
2026-04-21 12:56:02,893 WARNING High score grad norm: 2976.34 at step=592
2026-04-21 12:56:09,435 WARNING High score grad norm: 520.02 at step=593
2026-04-21 12:56:15,924 WARNING High score grad norm: 4467.23 at step=594
2026-04-21 12:56:22,433 WARNING High score grad norm: 1099.73 at step=595
2026-04-21 12:56:28,980 WARNING High score grad norm: 2545.37 at step=596
2026-04-21 12:56:35,469 WARNING High score grad norm: 2692.77 at step=597
2026-04-21 12:56:42,021 WARNING High score grad norm: 3572.88 at step=598
2026-04-21 12:56:48,568 WARNING High score grad norm: 3786.20 at step=599
2026-04-21 12:56:48,576 INFO epoch=4 step=600 loss=740.2050 dsm=739.2409 control=0.0221 path_kl=9.5585 jar=-18.6252 quality=0.8010
2026-04-21 12:56:55,105 WARNING High score grad norm: 3654.59 at step=600
2026-04-21 12:57:01,656 WARNING High score grad norm: 10754.80 at step=601
2026-04-21 12:57:08,197 WARNING High score grad norm: 6854.47 at step=602
2026-04-21 12:57:14,767 WARNING High score grad norm: 1124.72 at step=603
2026-04-21 12:57:21,266 WARNING High score grad norm: 1898.37 at step=604
2026-04-21 12:57:27,809 WARNING High score grad norm: 3092.08 at step=605
2026-04-21 12:57:34,355 WARNING High score grad norm: 4378.90 at step=606
2026-04-21 12:57:40,882 WARNING High score grad norm: 2035.48 at step=607
2026-04-21 12:57:47,401 WARNING High score grad norm: 2866.19 at step=608
2026-04-21 12:57:53,924 WARNING High score grad norm: 2471.94 at step=609
2026-04-21 12:58:00,473 WARNING High score grad norm: 1203.63 at step=610
2026-04-21 12:58:07,009 WARNING High score grad norm: 2102.47 at step=611
2026-04-21 12:58:13,559 WARNING High score grad norm: 2009.42 at step=612
2026-04-21 12:58:20,091 WARNING High score grad norm: 4372.38 at step=613
2026-04-21 12:58:26,559 WARNING High score grad norm: 3687.84 at step=614
2026-04-21 12:58:33,042 WARNING High score grad norm: 3264.28 at step=615
2026-04-21 12:58:39,509 WARNING High score grad norm: 1418.19 at step=616
2026-04-21 12:58:46,096 WARNING High score grad norm: 4960.20 at step=617
2026-04-21 12:58:52,596 WARNING High score grad norm: 2566.45 at step=618
2026-04-21 12:58:59,098 WARNING High score grad norm: 1755.90 at step=619
2026-04-21 12:59:05,565 WARNING High score grad norm: 3461.21 at step=620
2026-04-21 12:59:12,063 WARNING High score grad norm: 8040.78 at step=621
2026-04-21 12:59:18,594 WARNING High score grad norm: 3903.48 at step=622
2026-04-21 12:59:25,093 WARNING High score grad norm: 2696.10 at step=623
2026-04-21 12:59:31,581 WARNING High score grad norm: 1818.74 at step=624
2026-04-21 12:59:38,081 WARNING High score grad norm: 3547.53 at step=625
2026-04-21 12:59:44,623 WARNING High score grad norm: 1920.02 at step=626
2026-04-21 12:59:46,589 WARNING High score grad norm: 2278.70 at step=627
2026-04-21 12:59:46,591 WARNING High control grad norm: 20.59 at step=627
2026-04-21 12:59:46,604 INFO epoch=4 done
2026-04-21 12:59:46,699 INFO epoch=4 diag: cos_sim=-0.0009 ctrl_mag=2.5381 score_mag=18.5179 ratio=0.1371
2026-04-21 12:59:53,400 WARNING High score grad norm: 914.61 at step=628
2026-04-21 12:59:59,952 WARNING High score grad norm: 3612.23 at step=629
2026-04-21 13:00:06,496 WARNING High score grad norm: 5514.04 at step=630
2026-04-21 13:00:12,987 WARNING High score grad norm: 3256.05 at step=631
2026-04-21 13:00:19,491 WARNING High score grad norm: 3780.66 at step=632
2026-04-21 13:00:25,965 WARNING High score grad norm: 3241.56 at step=633
2026-04-21 13:00:32,473 WARNING High score grad norm: 2115.96 at step=634
2026-04-21 13:00:39,019 WARNING High score grad norm: 3099.82 at step=635
2026-04-21 13:00:45,525 WARNING High score grad norm: 1657.56 at step=636
2026-04-21 13:00:52,026 WARNING High score grad norm: 3937.69 at step=637
2026-04-21 13:00:58,537 WARNING High score grad norm: 990.89 at step=638
2026-04-21 13:01:05,031 WARNING High score grad norm: 3511.48 at step=639
2026-04-21 13:01:11,540 WARNING High score grad norm: 672.61 at step=640
2026-04-21 13:01:18,090 WARNING High score grad norm: 2490.45 at step=641
2026-04-21 13:01:24,641 WARNING High score grad norm: 3686.22 at step=642
2026-04-21 13:01:31,169 WARNING High score grad norm: 3665.85 at step=643
2026-04-21 13:01:37,702 WARNING High score grad norm: 4582.24 at step=644
2026-04-21 13:01:44,203 WARNING High score grad norm: 4335.13 at step=645
2026-04-21 13:01:50,692 WARNING High score grad norm: 2287.07 at step=646
2026-04-21 13:01:57,192 WARNING High score grad norm: 3054.70 at step=647
2026-04-21 13:02:03,748 WARNING High score grad norm: 2590.55 at step=648
2026-04-21 13:02:10,269 WARNING High score grad norm: 1066.52 at step=649
2026-04-21 13:02:16,814 WARNING High score grad norm: 5906.04 at step=650
2026-04-21 13:02:23,348 WARNING High score grad norm: 2904.71 at step=651
2026-04-21 13:02:29,890 WARNING High score grad norm: 4543.45 at step=652
2026-04-21 13:02:36,443 WARNING High score grad norm: 4755.48 at step=653
2026-04-21 13:02:43,008 WARNING High score grad norm: 3590.71 at step=654
2026-04-21 13:02:49,539 WARNING High score grad norm: 1185.87 at step=655
2026-04-21 13:02:56,110 WARNING High score grad norm: 6685.28 at step=656
2026-04-21 13:03:02,652 WARNING High score grad norm: 5258.93 at step=657
2026-04-21 13:03:09,164 WARNING High score grad norm: 4822.71 at step=658
2026-04-21 13:03:15,669 WARNING High score grad norm: 4039.25 at step=659
2026-04-21 13:03:22,155 WARNING High score grad norm: 4149.37 at step=660
2026-04-21 13:03:28,682 WARNING High score grad norm: 3360.67 at step=661
2026-04-21 13:03:35,200 WARNING High score grad norm: 1430.02 at step=662
2026-04-21 13:03:41,765 WARNING High score grad norm: 6625.60 at step=663
2026-04-21 13:03:48,284 WARNING High score grad norm: 1726.45 at step=664
2026-04-21 13:03:54,833 WARNING High score grad norm: 2510.10 at step=665
2026-04-21 13:04:01,352 WARNING High score grad norm: 3775.11 at step=666
2026-04-21 13:04:07,861 WARNING High score grad norm: 4669.26 at step=667
2026-04-21 13:04:14,374 WARNING High score grad norm: 2832.76 at step=668
2026-04-21 13:04:20,935 WARNING High score grad norm: 2175.73 at step=669
2026-04-21 13:04:27,475 WARNING High score grad norm: 2550.52 at step=670
2026-04-21 13:04:34,008 WARNING High score grad norm: 6258.37 at step=671
2026-04-21 13:04:40,556 WARNING High score grad norm: 4665.88 at step=672
2026-04-21 13:04:47,077 WARNING High score grad norm: 5927.70 at step=673
2026-04-21 13:04:53,668 WARNING High score grad norm: 1081.36 at step=674
2026-04-21 13:05:00,207 WARNING High score grad norm: 4890.34 at step=675
2026-04-21 13:05:06,749 WARNING High score grad norm: 1904.04 at step=676
2026-04-21 13:05:13,248 WARNING High score grad norm: 874.89 at step=677
2026-04-21 13:05:19,782 WARNING High score grad norm: 1057.72 at step=678
2026-04-21 13:05:26,308 WARNING High score grad norm: 5316.91 at step=679
2026-04-21 13:05:32,863 WARNING High score grad norm: 2741.97 at step=680
2026-04-21 13:05:39,427 WARNING High score grad norm: 3497.99 at step=681
2026-04-21 13:05:45,983 WARNING High score grad norm: 2168.09 at step=682
2026-04-21 13:05:52,502 WARNING High score grad norm: 6527.59 at step=683
2026-04-21 13:05:59,062 WARNING High score grad norm: 3055.51 at step=684
2026-04-21 13:06:05,631 WARNING High score grad norm: 2246.64 at step=685
2026-04-21 13:06:12,173 WARNING High score grad norm: 4026.37 at step=686
2026-04-21 13:06:18,695 WARNING High score grad norm: 2670.03 at step=687
2026-04-21 13:06:25,177 WARNING High score grad norm: 2037.85 at step=688
2026-04-21 13:06:31,673 WARNING High score grad norm: 4189.57 at step=689
2026-04-21 13:06:38,190 WARNING High score grad norm: 4100.05 at step=690
2026-04-21 13:06:44,730 WARNING High score grad norm: 2782.31 at step=691
2026-04-21 13:06:51,269 WARNING High score grad norm: 2688.54 at step=692
2026-04-21 13:06:57,811 WARNING High score grad norm: 6243.69 at step=693
2026-04-21 13:07:04,362 WARNING High score grad norm: 3223.18 at step=694
2026-04-21 13:07:10,914 WARNING High score grad norm: 1768.92 at step=695
2026-04-21 13:07:17,482 WARNING High score grad norm: 525.17 at step=696
2026-04-21 13:07:24,019 WARNING High score grad norm: 3195.20 at step=697
2026-04-21 13:07:30,558 WARNING High score grad norm: 1429.24 at step=698
2026-04-21 13:07:37,067 WARNING High score grad norm: 2970.68 at step=699
2026-04-21 13:07:37,075 INFO epoch=5 step=700 loss=791.2814 dsm=790.3652 control=0.0222 path_kl=9.0609 jar=-18.7853 quality=0.9821
2026-04-21 13:07:43,559 WARNING High score grad norm: 4453.32 at step=700
2026-04-21 13:07:50,052 WARNING High score grad norm: 1583.65 at step=701
2026-04-21 13:07:56,529 WARNING High score grad norm: 1334.59 at step=702
2026-04-21 13:08:03,009 WARNING High score grad norm: 4191.76 at step=703
2026-04-21 13:08:09,493 WARNING High score grad norm: 3124.80 at step=704
2026-04-21 13:08:15,982 WARNING High score grad norm: 747.78 at step=705
2026-04-21 13:08:22,490 WARNING High score grad norm: 2598.73 at step=706
2026-04-21 13:08:28,969 WARNING High score grad norm: 4233.05 at step=707
2026-04-21 13:08:35,483 WARNING High score grad norm: 2035.84 at step=708
2026-04-21 13:08:42,021 WARNING High score grad norm: 3778.21 at step=709
2026-04-21 13:08:48,549 WARNING High score grad norm: 2384.60 at step=710
2026-04-21 13:08:55,071 WARNING High score grad norm: 2557.47 at step=711
2026-04-21 13:09:01,588 WARNING High score grad norm: 1049.90 at step=712
2026-04-21 13:09:08,095 WARNING High score grad norm: 1948.46 at step=713
2026-04-21 13:09:14,621 WARNING High score grad norm: 705.37 at step=714
2026-04-21 13:09:21,147 WARNING High score grad norm: 1509.75 at step=715
2026-04-21 13:09:27,727 WARNING High score grad norm: 2152.74 at step=716
2026-04-21 13:09:34,274 WARNING High score grad norm: 3294.01 at step=717
2026-04-21 13:09:40,785 WARNING High score grad norm: 2447.67 at step=718
2026-04-21 13:09:47,316 WARNING High score grad norm: 1510.20 at step=719
2026-04-21 13:09:53,805 WARNING High score grad norm: 1890.83 at step=720
2026-04-21 13:10:00,331 WARNING High score grad norm: 3453.50 at step=721
2026-04-21 13:10:06,826 WARNING High score grad norm: 5035.37 at step=722
2026-04-21 13:10:13,329 WARNING High score grad norm: 4274.34 at step=723
2026-04-21 13:10:19,845 WARNING High score grad norm: 1250.06 at step=724
2026-04-21 13:10:26,310 WARNING High score grad norm: 2498.94 at step=725
2026-04-21 13:10:32,819 WARNING High score grad norm: 1883.15 at step=726
2026-04-21 13:10:39,286 WARNING High score grad norm: 2528.58 at step=727
2026-04-21 13:10:45,790 WARNING High score grad norm: 2311.68 at step=728
2026-04-21 13:10:52,270 WARNING High score grad norm: 377.54 at step=729
2026-04-21 13:10:58,777 WARNING High score grad norm: 3307.96 at step=730
2026-04-21 13:11:05,336 WARNING High score grad norm: 5695.46 at step=731
2026-04-21 13:11:11,826 WARNING High score grad norm: 3085.15 at step=732
2026-04-21 13:11:18,334 WARNING High score grad norm: 3932.21 at step=733
2026-04-21 13:11:24,855 WARNING High score grad norm: 10349.66 at step=734
2026-04-21 13:11:31,399 WARNING High score grad norm: 2668.66 at step=735
2026-04-21 13:11:37,937 WARNING High score grad norm: 1279.92 at step=736
2026-04-21 13:11:44,467 WARNING High score grad norm: 3052.16 at step=737
2026-04-21 13:11:51,000 WARNING High score grad norm: 6827.31 at step=738
2026-04-21 13:11:57,495 WARNING High score grad norm: 4355.72 at step=739
2026-04-21 13:12:04,041 WARNING High score grad norm: 1676.84 at step=740
2026-04-21 13:12:10,557 WARNING High score grad norm: 5969.51 at step=741
2026-04-21 13:12:17,096 WARNING High score grad norm: 1725.43 at step=742
2026-04-21 13:12:23,638 WARNING High score grad norm: 1363.62 at step=743
2026-04-21 13:12:30,121 WARNING High score grad norm: 3107.77 at step=744
2026-04-21 13:12:36,609 WARNING High score grad norm: 1533.11 at step=745
2026-04-21 13:12:43,132 WARNING High score grad norm: 3955.08 at step=746
2026-04-21 13:12:49,677 WARNING High score grad norm: 2539.99 at step=747
2026-04-21 13:12:56,171 WARNING High score grad norm: 1264.67 at step=748
2026-04-21 13:13:02,715 WARNING High score grad norm: 3531.45 at step=749
2026-04-21 13:13:09,234 WARNING High score grad norm: 4093.87 at step=750
2026-04-21 13:13:15,763 WARNING High score grad norm: 1641.17 at step=751
2026-04-21 13:13:22,285 WARNING High score grad norm: 1533.64 at step=752
2026-04-21 13:13:28,808 WARNING High score grad norm: 3302.74 at step=753
2026-04-21 13:13:35,347 WARNING High score grad norm: 2862.95 at step=754
2026-04-21 13:13:41,910 WARNING High score grad norm: 2504.53 at step=755
2026-04-21 13:13:48,435 WARNING High score grad norm: 1359.56 at step=756
2026-04-21 13:13:54,911 WARNING High score grad norm: 4289.20 at step=757
2026-04-21 13:14:01,435 WARNING High score grad norm: 2915.06 at step=758
2026-04-21 13:14:07,987 WARNING High score grad norm: 1314.52 at step=759
2026-04-21 13:14:14,523 WARNING High score grad norm: 1946.69 at step=760
2026-04-21 13:14:21,076 WARNING High score grad norm: 2086.24 at step=761
2026-04-21 13:14:27,638 WARNING High score grad norm: 2629.26 at step=762
2026-04-21 13:14:34,156 WARNING High score grad norm: 3521.29 at step=763
2026-04-21 13:14:40,684 WARNING High score grad norm: 1046.71 at step=764
2026-04-21 13:14:47,228 WARNING High score grad norm: 3395.85 at step=765
2026-04-21 13:14:53,770 WARNING High score grad norm: 2812.83 at step=766
2026-04-21 13:15:00,289 WARNING High score grad norm: 4323.09 at step=767
2026-04-21 13:15:06,807 WARNING High score grad norm: 2874.52 at step=768
2026-04-21 13:15:13,324 WARNING High score grad norm: 1333.29 at step=769
2026-04-21 13:15:19,851 WARNING High score grad norm: 2325.27 at step=770
2026-04-21 13:15:26,379 WARNING High score grad norm: 2845.38 at step=771
2026-04-21 13:15:32,920 WARNING High score grad norm: 4234.05 at step=772
2026-04-21 13:15:39,469 WARNING High score grad norm: 1701.74 at step=773
2026-04-21 13:15:46,015 WARNING High score grad norm: 680.26 at step=774
2026-04-21 13:15:52,556 WARNING High score grad norm: 1290.80 at step=775
2026-04-21 13:15:59,078 WARNING High score grad norm: 937.36 at step=776
2026-04-21 13:16:05,588 WARNING High score grad norm: 2148.07 at step=777
2026-04-21 13:16:12,058 WARNING High score grad norm: 1326.37 at step=778
2026-04-21 13:16:18,521 WARNING High score grad norm: 1899.37 at step=779
2026-04-21 13:16:25,014 WARNING High score grad norm: 1104.52 at step=780
2026-04-21 13:16:31,507 WARNING High score grad norm: 1805.82 at step=781
2026-04-21 13:16:37,991 WARNING High score grad norm: 458.55 at step=782
2026-04-21 13:16:44,471 WARNING High score grad norm: 378.30 at step=783
2026-04-21 13:16:46,446 WARNING High score grad norm: 6949.96 at step=784
2026-04-21 13:16:46,447 WARNING High control grad norm: 20.99 at step=784
2026-04-21 13:16:46,453 INFO epoch=5 done
2026-04-21 13:16:46,546 INFO epoch=5 diag: cos_sim=-0.0016 ctrl_mag=2.5217 score_mag=18.2893 ratio=0.1379
