2026-04-21 08:35:10,053 INFO Loaded pretrained score backbone from checkpoints/score_fmnist_v2/score_epoch_0050.pt
2026-04-21 08:35:10,055 INFO Score model frozen — only control policy will be trained.
2026-04-21 08:35:28,625 WARNING High control grad norm: 318.12 at step=1
2026-04-21 08:35:38,347 WARNING High control grad norm: 271.89 at step=2
2026-04-21 08:35:47,944 WARNING High control grad norm: 95.68 at step=3
2026-04-21 08:35:57,588 WARNING High control grad norm: 158.01 at step=4
2026-04-21 08:36:07,229 WARNING High control grad norm: 185.11 at step=5
2026-04-21 08:36:16,891 WARNING High control grad norm: 203.59 at step=6
2026-04-21 08:36:26,512 WARNING High control grad norm: 152.64 at step=7
2026-04-21 08:36:36,123 WARNING High control grad norm: 56.93 at step=8
2026-04-21 08:36:45,755 WARNING High control grad norm: 74.09 at step=9
2026-04-21 08:36:55,442 WARNING High control grad norm: 92.32 at step=10
2026-04-21 08:37:05,130 WARNING High control grad norm: 54.10 at step=11
2026-04-21 08:37:14,750 WARNING High control grad norm: 120.74 at step=12
2026-04-21 08:37:24,372 WARNING High control grad norm: 129.82 at step=13
2026-04-21 08:37:34,003 WARNING High control grad norm: 88.09 at step=14
2026-04-21 08:38:02,815 WARNING High control grad norm: 105.67 at step=17
2026-04-21 08:38:12,461 WARNING High control grad norm: 95.36 at step=18
2026-04-21 08:38:22,162 WARNING High control grad norm: 23.84 at step=19
2026-04-21 08:38:41,424 WARNING High control grad norm: 104.33 at step=21
2026-04-21 08:38:51,066 WARNING High control grad norm: 136.58 at step=22
2026-04-21 08:39:00,747 WARNING High control grad norm: 78.81 at step=23
2026-04-21 08:39:10,374 WARNING High control grad norm: 61.42 at step=24
2026-04-21 08:39:19,968 WARNING High control grad norm: 79.57 at step=25
2026-04-21 08:39:29,642 WARNING High control grad norm: 109.51 at step=26
2026-04-21 08:39:39,332 WARNING High control grad norm: 97.04 at step=27
2026-04-21 08:39:48,953 WARNING High control grad norm: 58.85 at step=28
2026-04-21 08:40:08,140 WARNING High control grad norm: 122.82 at step=30
2026-04-21 08:40:17,791 WARNING High control grad norm: 134.76 at step=31
2026-04-21 08:40:27,387 WARNING High control grad norm: 120.93 at step=32
2026-04-21 08:40:36,957 WARNING High control grad norm: 95.31 at step=33
2026-04-21 08:40:46,597 WARNING High control grad norm: 27.53 at step=34
2026-04-21 08:40:56,214 WARNING High control grad norm: 62.38 at step=35
2026-04-21 08:41:05,814 WARNING High control grad norm: 87.35 at step=36
2026-04-21 08:41:15,350 WARNING High control grad norm: 70.29 at step=37
2026-04-21 08:41:34,585 WARNING High control grad norm: 21.26 at step=39
2026-04-21 08:41:44,191 WARNING High control grad norm: 31.61 at step=40
2026-04-21 08:41:53,763 WARNING High control grad norm: 25.20 at step=41
2026-04-21 08:42:12,999 WARNING High control grad norm: 36.10 at step=43
2026-04-21 08:42:22,677 WARNING High control grad norm: 35.03 at step=44
2026-04-21 08:42:32,265 WARNING High control grad norm: 20.47 at step=45
2026-04-21 08:42:41,848 WARNING High control grad norm: 20.38 at step=46
2026-04-21 08:42:51,477 WARNING High control grad norm: 42.57 at step=47
2026-04-21 08:43:01,117 WARNING High control grad norm: 25.88 at step=48
2026-04-21 08:43:10,712 WARNING High control grad norm: 42.63 at step=49
2026-04-21 08:43:20,303 WARNING High control grad norm: 44.26 at step=50
2026-04-21 08:43:29,964 WARNING High control grad norm: 33.52 at step=51
2026-04-21 08:43:39,599 WARNING High control grad norm: 25.07 at step=52
2026-04-21 08:43:49,230 WARNING High control grad norm: 47.80 at step=53
2026-04-21 08:43:58,792 WARNING High control grad norm: 41.28 at step=54
2026-04-21 08:44:08,443 WARNING High control grad norm: 36.11 at step=55
2026-04-21 08:44:18,077 WARNING High control grad norm: 47.84 at step=56
2026-04-21 08:44:37,293 WARNING High control grad norm: 89.22 at step=58
2026-04-21 08:44:46,885 WARNING High control grad norm: 73.58 at step=59
2026-04-21 08:45:15,703 WARNING High control grad norm: 46.82 at step=62
2026-04-21 08:45:34,977 WARNING High control grad norm: 57.68 at step=64
2026-04-21 08:45:44,552 WARNING High control grad norm: 24.32 at step=65
2026-04-21 08:46:03,788 WARNING High control grad norm: 44.23 at step=67
2026-04-21 08:46:13,440 WARNING High control grad norm: 127.17 at step=68
2026-04-21 08:46:23,029 WARNING High control grad norm: 57.80 at step=69
2026-04-21 08:46:42,252 WARNING High control grad norm: 51.96 at step=71
2026-04-21 08:46:51,917 WARNING High control grad norm: 79.71 at step=72
2026-04-21 08:47:01,584 WARNING High control grad norm: 114.22 at step=73
2026-04-21 08:47:11,204 WARNING High control grad norm: 23.72 at step=74
2026-04-21 08:47:20,759 WARNING High control grad norm: 41.73 at step=75
2026-04-21 08:47:30,387 WARNING High control grad norm: 119.53 at step=76
2026-04-21 08:47:40,027 WARNING High control grad norm: 166.24 at step=77
2026-04-21 08:47:49,579 WARNING High control grad norm: 192.10 at step=78
2026-04-21 08:47:59,170 WARNING High control grad norm: 128.60 at step=79
2026-04-21 08:48:08,843 WARNING High control grad norm: 83.03 at step=80
2026-04-21 08:48:18,516 WARNING High control grad norm: 21.66 at step=81
2026-04-21 08:48:28,088 WARNING High control grad norm: 48.88 at step=82
2026-04-21 08:48:37,729 WARNING High control grad norm: 87.11 at step=83
2026-04-21 08:48:56,919 WARNING High control grad norm: 29.27 at step=85
2026-04-21 08:49:16,115 WARNING High control grad norm: 37.72 at step=87
2026-04-21 08:49:35,453 WARNING High control grad norm: 111.29 at step=89
2026-04-21 08:49:45,070 WARNING High control grad norm: 46.87 at step=90
2026-04-21 08:49:54,694 WARNING High control grad norm: 31.76 at step=91
2026-04-21 08:50:04,338 WARNING High control grad norm: 70.84 at step=92
2026-04-21 08:50:13,990 WARNING High control grad norm: 51.59 at step=93
2026-04-21 08:50:23,656 WARNING High control grad norm: 82.40 at step=94
2026-04-21 08:50:33,207 WARNING High control grad norm: 79.34 at step=95
2026-04-21 08:50:52,447 WARNING High control grad norm: 60.07 at step=97
2026-04-21 08:51:02,071 WARNING High control grad norm: 30.08 at step=98
2026-04-21 08:51:11,682 INFO epoch=1 step=100 loss=657.9365 dsm=657.9222 control=0.0000 path_kl=0.0415 jar=-0.0506 quality=1.0045
2026-04-21 08:51:21,312 WARNING High control grad norm: 45.23 at step=100
2026-04-21 08:51:30,986 WARNING High control grad norm: 58.02 at step=101
2026-04-21 08:51:50,176 WARNING High control grad norm: 49.31 at step=103
2026-04-21 08:51:59,833 WARNING High control grad norm: 20.16 at step=104
2026-04-21 08:52:09,470 WARNING High control grad norm: 47.81 at step=105
2026-04-21 08:52:19,081 WARNING High control grad norm: 27.32 at step=106
2026-04-21 08:52:28,672 WARNING High control grad norm: 29.93 at step=107
2026-04-21 08:52:47,939 WARNING High control grad norm: 28.47 at step=109
2026-04-21 08:52:57,616 WARNING High control grad norm: 27.81 at step=110
2026-04-21 08:53:16,801 WARNING High control grad norm: 22.95 at step=112
2026-04-21 08:53:45,719 WARNING High control grad norm: 57.65 at step=115
2026-04-21 08:53:55,408 WARNING High control grad norm: 38.33 at step=116
2026-04-21 08:54:05,040 WARNING High control grad norm: 45.29 at step=117
2026-04-21 08:54:14,702 WARNING High control grad norm: 31.19 at step=118
2026-04-21 08:54:24,287 WARNING High control grad norm: 115.44 at step=119
2026-04-21 08:54:33,952 WARNING High control grad norm: 121.35 at step=120
2026-04-21 08:54:43,550 WARNING High control grad norm: 105.91 at step=121
2026-04-21 08:54:53,123 WARNING High control grad norm: 84.14 at step=122
2026-04-21 08:55:02,721 WARNING High control grad norm: 42.82 at step=123
2026-04-21 08:55:22,107 WARNING High control grad norm: 103.03 at step=125
2026-04-21 08:55:31,728 WARNING High control grad norm: 143.92 at step=126
2026-04-21 08:55:41,315 WARNING High control grad norm: 142.49 at step=127
2026-04-21 08:55:50,968 WARNING High control grad norm: 139.73 at step=128
2026-04-21 08:56:00,643 WARNING High control grad norm: 37.61 at step=129
2026-04-21 08:56:10,258 WARNING High control grad norm: 38.85 at step=130
2026-04-21 08:56:19,822 WARNING High control grad norm: 32.03 at step=131
2026-04-21 08:56:29,484 WARNING High control grad norm: 98.87 at step=132
2026-04-21 08:56:39,185 WARNING High control grad norm: 59.04 at step=133
2026-04-21 08:56:58,406 WARNING High control grad norm: 44.24 at step=135
2026-04-21 08:57:08,106 WARNING High control grad norm: 62.22 at step=136
2026-04-21 08:57:17,715 WARNING High control grad norm: 74.38 at step=137
2026-04-21 08:57:27,316 WARNING High control grad norm: 21.70 at step=138
2026-04-21 08:57:36,895 WARNING High control grad norm: 49.07 at step=139
2026-04-21 08:57:46,569 WARNING High control grad norm: 90.86 at step=140
2026-04-21 08:58:05,808 WARNING High control grad norm: 26.45 at step=142
2026-04-21 08:58:15,389 WARNING High control grad norm: 65.09 at step=143
2026-04-21 08:58:34,732 WARNING High control grad norm: 162.64 at step=145
2026-04-21 08:58:44,330 WARNING High control grad norm: 106.08 at step=146
2026-04-21 08:58:53,973 WARNING High control grad norm: 35.58 at step=147
2026-04-21 08:59:13,306 WARNING High control grad norm: 82.78 at step=149
2026-04-21 08:59:22,866 WARNING High control grad norm: 74.97 at step=150
2026-04-21 08:59:32,417 WARNING High control grad norm: 117.18 at step=151
2026-04-21 08:59:41,973 WARNING High control grad norm: 87.87 at step=152
2026-04-21 08:59:51,562 WARNING High control grad norm: 43.65 at step=153
2026-04-21 09:00:13,813 WARNING High control grad norm: 105.19 at step=156
2026-04-21 09:00:13,816 INFO epoch=1 done
2026-04-21 09:00:13,899 INFO epoch=1 diag: cos_sim=0.1892 ctrl_mag=0.0877 score_mag=17.6598 ratio=0.0050
2026-04-21 09:01:02,188 WARNING High control grad norm: 34.49 at step=161
2026-04-21 09:01:21,452 WARNING High control grad norm: 39.34 at step=163
2026-04-21 09:01:31,106 WARNING High control grad norm: 84.52 at step=164
2026-04-21 09:01:40,700 WARNING High control grad norm: 22.11 at step=165
2026-04-21 09:01:50,274 WARNING High control grad norm: 52.86 at step=166
2026-04-21 09:01:59,904 WARNING High control grad norm: 22.57 at step=167
2026-04-21 09:02:09,547 WARNING High control grad norm: 54.35 at step=168
2026-04-21 09:02:19,148 WARNING High control grad norm: 55.15 at step=169
2026-04-21 09:02:28,722 WARNING High control grad norm: 77.50 at step=170
2026-04-21 09:02:47,962 WARNING High control grad norm: 22.64 at step=172
2026-04-21 09:02:57,664 WARNING High control grad norm: 45.19 at step=173
2026-04-21 09:03:07,243 WARNING High control grad norm: 25.73 at step=174
2026-04-21 09:03:16,884 WARNING High control grad norm: 32.64 at step=175
2026-04-21 09:03:26,530 WARNING High control grad norm: 100.19 at step=176
2026-04-21 09:03:36,148 WARNING High control grad norm: 95.76 at step=177
2026-04-21 09:03:45,764 WARNING High control grad norm: 29.21 at step=178
2026-04-21 09:03:55,514 WARNING High control grad norm: 26.35 at step=179
2026-04-21 09:04:05,159 WARNING High control grad norm: 86.60 at step=180
2026-04-21 09:04:24,374 WARNING High control grad norm: 33.68 at step=182
2026-04-21 09:04:43,570 WARNING High control grad norm: 28.76 at step=184
2026-04-21 09:05:12,463 WARNING High control grad norm: 37.58 at step=187
2026-04-21 09:05:22,117 WARNING High control grad norm: 49.41 at step=188
2026-04-21 09:05:31,821 WARNING High control grad norm: 57.16 at step=189
2026-04-21 09:05:41,436 WARNING High control grad norm: 34.11 at step=190
2026-04-21 09:05:51,111 WARNING High control grad norm: 27.13 at step=191
2026-04-21 09:06:00,772 WARNING High control grad norm: 79.35 at step=192
2026-04-21 09:06:10,425 WARNING High control grad norm: 83.94 at step=193
2026-04-21 09:06:20,032 WARNING High control grad norm: 44.42 at step=194
2026-04-21 09:06:29,657 WARNING High control grad norm: 37.44 at step=195
2026-04-21 09:06:39,279 WARNING High control grad norm: 59.77 at step=196
2026-04-21 09:06:48,874 WARNING High control grad norm: 66.24 at step=197
2026-04-21 09:06:58,444 WARNING High control grad norm: 59.60 at step=198
2026-04-21 09:07:08,114 WARNING High control grad norm: 64.58 at step=199
2026-04-21 09:07:08,116 INFO epoch=2 step=200 loss=417.4044 dsm=417.3712 control=0.0003 path_kl=0.2591 jar=-0.4105 quality=0.7398
2026-04-21 09:07:27,384 WARNING High control grad norm: 32.12 at step=201
2026-04-21 09:07:36,972 WARNING High control grad norm: 50.91 at step=202
2026-04-21 09:07:56,226 WARNING High control grad norm: 41.83 at step=204
2026-04-21 09:08:25,096 WARNING High control grad norm: 28.51 at step=207
2026-04-21 09:08:34,700 WARNING High control grad norm: 53.86 at step=208
2026-04-21 09:08:44,369 WARNING High control grad norm: 66.79 at step=209
2026-04-21 09:08:53,996 WARNING High control grad norm: 63.90 at step=210
2026-04-21 09:09:03,571 WARNING High control grad norm: 24.59 at step=211
2026-04-21 09:09:22,856 WARNING High control grad norm: 43.03 at step=213
2026-04-21 09:09:32,441 WARNING High control grad norm: 27.69 at step=214
2026-04-21 09:09:51,686 WARNING High control grad norm: 37.96 at step=216
2026-04-21 09:10:10,964 WARNING High control grad norm: 20.70 at step=218
2026-04-21 09:10:20,512 WARNING High control grad norm: 76.31 at step=219
2026-04-21 09:10:39,810 WARNING High control grad norm: 69.21 at step=221
2026-04-21 09:10:59,033 WARNING High control grad norm: 65.63 at step=223
2026-04-21 09:11:18,426 WARNING High control grad norm: 45.68 at step=225
2026-04-21 09:11:28,012 WARNING High control grad norm: 26.62 at step=226
2026-04-21 09:11:37,576 WARNING High control grad norm: 82.41 at step=227
2026-04-21 09:11:47,321 WARNING High control grad norm: 106.63 at step=228
2026-04-21 09:11:56,880 WARNING High control grad norm: 105.26 at step=229
2026-04-21 09:12:06,493 WARNING High control grad norm: 89.48 at step=230
2026-04-21 09:12:16,098 WARNING High control grad norm: 24.42 at step=231
2026-04-21 09:12:25,800 WARNING High control grad norm: 33.66 at step=232
2026-04-21 09:12:35,455 WARNING High control grad norm: 26.95 at step=233
2026-04-21 09:12:54,627 WARNING High control grad norm: 47.77 at step=235
2026-04-21 09:13:04,294 WARNING High control grad norm: 46.78 at step=236
2026-04-21 09:13:13,927 WARNING High control grad norm: 111.20 at step=237
2026-04-21 09:13:23,496 WARNING High control grad norm: 54.15 at step=238
2026-04-21 09:13:33,067 WARNING High control grad norm: 53.67 at step=239
2026-04-21 09:13:42,626 WARNING High control grad norm: 96.54 at step=240
2026-04-21 09:13:52,236 WARNING High control grad norm: 87.57 at step=241
2026-04-21 09:14:01,835 WARNING High control grad norm: 75.21 at step=242
2026-04-21 09:14:11,454 WARNING High control grad norm: 29.22 at step=243
2026-04-21 09:14:21,168 WARNING High control grad norm: 82.41 at step=244
2026-04-21 09:14:30,810 WARNING High control grad norm: 77.97 at step=245
2026-04-21 09:14:40,437 WARNING High control grad norm: 85.26 at step=246
2026-04-21 09:14:50,030 WARNING High control grad norm: 61.77 at step=247
2026-04-21 09:14:59,625 WARNING High control grad norm: 22.43 at step=248
2026-04-21 09:15:18,858 WARNING High control grad norm: 111.45 at step=250
2026-04-21 09:15:28,384 WARNING High control grad norm: 44.59 at step=251
2026-04-21 09:15:38,045 WARNING High control grad norm: 61.78 at step=252
2026-04-21 09:15:57,253 WARNING High control grad norm: 63.82 at step=254
2026-04-21 09:16:16,599 WARNING High control grad norm: 41.88 at step=256
2026-04-21 09:16:26,211 WARNING High control grad norm: 41.98 at step=257
2026-04-21 09:16:45,312 WARNING High control grad norm: 46.59 at step=259
2026-04-21 09:16:55,000 WARNING High control grad norm: 59.95 at step=260
2026-04-21 09:17:04,675 WARNING High control grad norm: 78.10 at step=261
2026-04-21 09:17:14,322 WARNING High control grad norm: 33.76 at step=262
2026-04-21 09:17:23,865 WARNING High control grad norm: 24.97 at step=263
2026-04-21 09:17:33,530 WARNING High control grad norm: 72.95 at step=264
2026-04-21 09:17:43,169 WARNING High control grad norm: 130.24 at step=265
2026-04-21 09:18:02,341 WARNING High control grad norm: 21.86 at step=267
2026-04-21 09:18:11,992 WARNING High control grad norm: 45.62 at step=268
2026-04-21 09:18:21,632 WARNING High control grad norm: 91.19 at step=269
2026-04-21 09:18:31,326 WARNING High control grad norm: 39.14 at step=270
2026-04-21 09:18:40,919 WARNING High control grad norm: 23.34 at step=271
2026-04-21 09:18:50,519 WARNING High control grad norm: 32.87 at step=272
2026-04-21 09:19:00,106 WARNING High control grad norm: 38.40 at step=273
2026-04-21 09:19:09,755 WARNING High control grad norm: 129.42 at step=274
2026-04-21 09:19:19,315 WARNING High control grad norm: 104.18 at step=275
2026-04-21 09:19:28,964 WARNING High control grad norm: 79.71 at step=276
2026-04-21 09:19:38,616 WARNING High control grad norm: 46.43 at step=277
2026-04-21 09:19:48,255 WARNING High control grad norm: 39.63 at step=278
2026-04-21 09:19:57,897 WARNING High control grad norm: 56.68 at step=279
2026-04-21 09:20:07,540 WARNING High control grad norm: 57.31 at step=280
2026-04-21 09:20:17,213 WARNING High control grad norm: 28.41 at step=281
2026-04-21 09:20:36,467 WARNING High control grad norm: 41.55 at step=283
2026-04-21 09:20:46,049 WARNING High control grad norm: 41.60 at step=284
2026-04-21 09:21:05,301 WARNING High control grad norm: 40.61 at step=286
2026-04-21 09:21:14,933 WARNING High control grad norm: 42.72 at step=287
2026-04-21 09:21:24,542 WARNING High control grad norm: 49.50 at step=288
2026-04-21 09:21:34,209 WARNING High control grad norm: 58.99 at step=289
2026-04-21 09:21:53,426 WARNING High control grad norm: 32.97 at step=291
2026-04-21 09:22:12,631 WARNING High control grad norm: 74.93 at step=293
2026-04-21 09:22:22,333 WARNING High control grad norm: 58.69 at step=294
2026-04-21 09:22:31,922 WARNING High control grad norm: 31.98 at step=295
2026-04-21 09:22:41,488 WARNING High control grad norm: 68.23 at step=296
2026-04-21 09:22:51,201 WARNING High control grad norm: 42.27 at step=297
2026-04-21 09:23:00,816 WARNING High control grad norm: 117.35 at step=298
2026-04-21 09:23:10,422 WARNING High control grad norm: 80.30 at step=299
2026-04-21 09:23:10,425 INFO epoch=2 step=300 loss=274.9883 dsm=274.9659 control=0.0003 path_kl=0.1370 jar=-0.2368 quality=0.8673
2026-04-21 09:23:20,009 WARNING High control grad norm: 43.44 at step=300
2026-04-21 09:23:39,228 WARNING High control grad norm: 47.54 at step=302
2026-04-21 09:23:48,801 WARNING High control grad norm: 74.37 at step=303
2026-04-21 09:23:58,440 WARNING High control grad norm: 38.56 at step=304
2026-04-21 09:24:08,103 WARNING High control grad norm: 31.49 at step=305
2026-04-21 09:24:17,753 WARNING High control grad norm: 30.51 at step=306
2026-04-21 09:24:27,387 WARNING High control grad norm: 79.03 at step=307
2026-04-21 09:24:36,963 WARNING High control grad norm: 64.34 at step=308
2026-04-21 09:24:46,621 WARNING High control grad norm: 49.13 at step=309
2026-04-21 09:25:15,424 WARNING High control grad norm: 73.97 at step=312
2026-04-21 09:25:18,464 INFO epoch=2 done
2026-04-21 09:25:18,545 INFO epoch=2 diag: cos_sim=-0.0735 ctrl_mag=0.1471 score_mag=17.6598 ratio=0.0083
2026-04-21 09:25:28,316 WARNING High control grad norm: 67.84 at step=314
2026-04-21 09:25:38,017 WARNING High control grad norm: 111.16 at step=315
2026-04-21 09:25:47,635 WARNING High control grad norm: 63.03 at step=316
2026-04-21 09:25:57,232 WARNING High control grad norm: 29.04 at step=317
2026-04-21 09:26:06,865 WARNING High control grad norm: 61.55 at step=318
2026-04-21 09:26:16,550 WARNING High control grad norm: 64.25 at step=319
2026-04-21 09:26:26,150 WARNING High control grad norm: 66.34 at step=320
2026-04-21 09:27:04,707 WARNING High control grad norm: 39.45 at step=324
2026-04-21 09:27:14,308 WARNING High control grad norm: 23.39 at step=325
2026-04-21 09:27:23,985 WARNING High control grad norm: 58.01 at step=326
2026-04-21 09:27:33,697 WARNING High control grad norm: 46.03 at step=327
2026-04-21 09:27:43,320 WARNING High control grad norm: 23.80 at step=328
2026-04-21 09:28:02,623 WARNING High control grad norm: 45.12 at step=330
2026-04-21 09:28:21,869 WARNING High control grad norm: 58.80 at step=332
2026-04-21 09:28:40,961 WARNING High control grad norm: 20.47 at step=334
2026-04-21 09:28:50,508 WARNING High control grad norm: 60.83 at step=335
2026-04-21 09:29:00,112 WARNING High control grad norm: 50.90 at step=336
2026-04-21 09:29:09,771 WARNING High control grad norm: 90.53 at step=337
2026-04-21 09:29:19,383 WARNING High control grad norm: 36.60 at step=338
2026-04-21 09:29:38,713 WARNING High control grad norm: 60.33 at step=340
2026-04-21 09:29:48,352 WARNING High control grad norm: 57.12 at step=341
2026-04-21 09:29:57,948 WARNING High control grad norm: 44.30 at step=342
2026-04-21 09:30:55,682 WARNING High control grad norm: 21.75 at step=348
2026-04-21 09:31:14,947 WARNING High control grad norm: 47.30 at step=350
2026-04-21 09:31:24,520 WARNING High control grad norm: 62.25 at step=351
2026-04-21 09:31:34,180 WARNING High control grad norm: 51.72 at step=352
2026-04-21 09:31:53,443 WARNING High control grad norm: 54.05 at step=354
2026-04-21 09:32:03,025 WARNING High control grad norm: 112.51 at step=355
2026-04-21 09:32:12,695 WARNING High control grad norm: 76.31 at step=356
2026-04-21 09:32:22,290 WARNING High control grad norm: 126.63 at step=357
2026-04-21 09:32:31,892 WARNING High control grad norm: 90.26 at step=358
2026-04-21 09:32:41,506 WARNING High control grad norm: 52.28 at step=359
2026-04-21 09:32:51,139 WARNING High control grad norm: 55.27 at step=360
2026-04-21 09:33:00,775 WARNING High control grad norm: 25.76 at step=361
2026-04-21 09:33:10,381 WARNING High control grad norm: 57.53 at step=362
2026-04-21 09:33:19,965 WARNING High control grad norm: 30.95 at step=363
2026-04-21 09:33:29,564 WARNING High control grad norm: 49.40 at step=364
2026-04-21 09:33:39,181 WARNING High control grad norm: 70.63 at step=365
2026-04-21 09:33:58,393 WARNING High control grad norm: 64.94 at step=367
2026-04-21 09:34:08,025 WARNING High control grad norm: 125.03 at step=368
2026-04-21 09:34:17,596 WARNING High control grad norm: 91.77 at step=369
2026-04-21 09:34:27,246 WARNING High control grad norm: 49.28 at step=370
2026-04-21 09:34:36,850 WARNING High control grad norm: 44.45 at step=371
2026-04-21 09:34:56,099 WARNING High control grad norm: 76.05 at step=373
2026-04-21 09:35:05,701 WARNING High control grad norm: 145.97 at step=374
2026-04-21 09:35:15,328 WARNING High control grad norm: 144.61 at step=375
2026-04-21 09:35:24,978 WARNING High control grad norm: 109.18 at step=376
2026-04-21 09:35:34,665 WARNING High control grad norm: 91.84 at step=377
2026-04-21 09:35:53,905 WARNING High control grad norm: 42.13 at step=379
2026-04-21 09:36:03,553 WARNING High control grad norm: 36.41 at step=380
2026-04-21 09:36:13,173 WARNING High control grad norm: 29.57 at step=381
2026-04-21 09:36:22,803 WARNING High control grad norm: 104.83 at step=382
2026-04-21 09:36:32,379 WARNING High control grad norm: 125.08 at step=383
2026-04-21 09:36:42,026 WARNING High control grad norm: 91.94 at step=384
2026-04-21 09:37:10,956 WARNING High control grad norm: 77.01 at step=387
2026-04-21 09:37:20,507 WARNING High control grad norm: 90.53 at step=388
2026-04-21 09:37:30,196 WARNING High control grad norm: 129.65 at step=389
2026-04-21 09:37:39,866 WARNING High control grad norm: 73.60 at step=390
2026-04-21 09:37:49,506 WARNING High control grad norm: 75.33 at step=391
2026-04-21 09:37:59,138 WARNING High control grad norm: 56.43 at step=392
2026-04-21 09:38:18,452 WARNING High control grad norm: 68.37 at step=394
2026-04-21 09:38:28,066 WARNING High control grad norm: 28.19 at step=395
2026-04-21 09:38:37,634 WARNING High control grad norm: 63.95 at step=396
2026-04-21 09:38:47,212 WARNING High control grad norm: 48.65 at step=397
2026-04-21 09:38:56,812 WARNING High control grad norm: 48.06 at step=398
2026-04-21 09:39:06,447 WARNING High control grad norm: 62.81 at step=399
2026-04-21 09:39:06,450 INFO epoch=3 step=400 loss=536.8831 dsm=536.8706 control=0.0001 path_kl=0.0366 jar=-0.0730 quality=0.8827
2026-04-21 09:39:16,009 WARNING High control grad norm: 58.93 at step=400
2026-04-21 09:39:25,675 WARNING High control grad norm: 66.14 at step=401
2026-04-21 09:39:35,323 WARNING High control grad norm: 71.50 at step=402
2026-04-21 09:39:44,952 WARNING High control grad norm: 55.98 at step=403
2026-04-21 09:40:04,216 WARNING High control grad norm: 38.97 at step=405
2026-04-21 09:40:13,820 WARNING High control grad norm: 37.82 at step=406
2026-04-21 09:40:23,432 WARNING High control grad norm: 30.99 at step=407
2026-04-21 09:40:42,588 WARNING High control grad norm: 56.39 at step=409
2026-04-21 09:40:52,225 WARNING High control grad norm: 27.60 at step=410
2026-04-21 09:41:01,879 WARNING High control grad norm: 40.74 at step=411
2026-04-21 09:41:11,435 WARNING High control grad norm: 30.03 at step=412
2026-04-21 09:41:30,690 WARNING High control grad norm: 26.85 at step=414
2026-04-21 09:41:40,252 WARNING High control grad norm: 55.42 at step=415
2026-04-21 09:41:49,799 WARNING High control grad norm: 36.04 at step=416
2026-04-21 09:41:59,471 WARNING High control grad norm: 75.58 at step=417
2026-04-21 09:42:09,160 WARNING High control grad norm: 25.53 at step=418
2026-04-21 09:42:57,318 WARNING High control grad norm: 37.00 at step=423
2026-04-21 09:43:16,449 WARNING High control grad norm: 30.04 at step=425
2026-04-21 09:43:26,071 WARNING High control grad norm: 41.13 at step=426
2026-04-21 09:44:04,618 WARNING High control grad norm: 38.15 at step=430
2026-04-21 09:44:23,803 WARNING High control grad norm: 48.06 at step=432
2026-04-21 09:44:43,040 WARNING High control grad norm: 52.57 at step=434
2026-04-21 09:45:02,273 WARNING High control grad norm: 33.34 at step=436
2026-04-21 09:45:21,508 WARNING High control grad norm: 80.93 at step=438
2026-04-21 09:45:31,147 WARNING High control grad norm: 106.58 at step=439
2026-04-21 09:45:40,681 WARNING High control grad norm: 116.15 at step=440
2026-04-21 09:45:50,267 WARNING High control grad norm: 168.92 at step=441
2026-04-21 09:45:59,898 WARNING High control grad norm: 125.05 at step=442
2026-04-21 09:46:09,488 WARNING High control grad norm: 104.21 at step=443
2026-04-21 09:46:19,095 WARNING High control grad norm: 82.45 at step=444
2026-04-21 09:46:38,375 WARNING High control grad norm: 46.09 at step=446
2026-04-21 09:46:47,990 WARNING High control grad norm: 65.02 at step=447
2026-04-21 09:46:57,611 WARNING High control grad norm: 120.61 at step=448
2026-04-21 09:47:07,210 WARNING High control grad norm: 87.88 at step=449
2026-04-21 09:47:16,832 WARNING High control grad norm: 82.38 at step=450
2026-04-21 09:47:26,495 WARNING High control grad norm: 25.73 at step=451
2026-04-21 09:47:45,636 WARNING High control grad norm: 49.66 at step=453
2026-04-21 09:48:04,887 WARNING High control grad norm: 56.96 at step=455
2026-04-21 09:48:14,506 WARNING High control grad norm: 54.78 at step=456
2026-04-21 09:48:24,075 WARNING High control grad norm: 113.84 at step=457
2026-04-21 09:48:33,724 WARNING High control grad norm: 43.35 at step=458
2026-04-21 09:48:43,321 WARNING High control grad norm: 56.79 at step=459
2026-04-21 09:48:52,930 WARNING High control grad norm: 48.62 at step=460
2026-04-21 09:49:02,522 WARNING High control grad norm: 21.06 at step=461
2026-04-21 09:49:12,175 WARNING High control grad norm: 86.54 at step=462
2026-04-21 09:49:21,768 WARNING High control grad norm: 86.97 at step=463
2026-04-21 09:49:31,352 WARNING High control grad norm: 107.37 at step=464
2026-04-21 09:49:40,897 WARNING High control grad norm: 131.71 at step=465
2026-04-21 09:49:50,473 WARNING High control grad norm: 104.06 at step=466
2026-04-21 09:50:00,158 WARNING High control grad norm: 79.52 at step=467
2026-04-21 09:50:09,750 WARNING High control grad norm: 88.47 at step=468
2026-04-21 09:50:19,357 WARNING High control grad norm: 28.68 at step=469
2026-04-21 09:50:21,929 INFO epoch=3 done
2026-04-21 09:50:22,009 INFO epoch=3 diag: cos_sim=0.0218 ctrl_mag=0.0809 score_mag=17.6598 ratio=0.0046
2026-04-21 09:50:41,299 WARNING High control grad norm: 27.18 at step=472
2026-04-21 09:50:50,951 WARNING High control grad norm: 43.13 at step=473
2026-04-21 09:51:10,203 WARNING High control grad norm: 33.99 at step=475
2026-04-21 09:51:19,763 WARNING High control grad norm: 23.37 at step=476
2026-04-21 09:51:39,040 WARNING High control grad norm: 68.17 at step=478
2026-04-21 09:51:48,623 WARNING High control grad norm: 34.12 at step=479
2026-04-21 09:52:36,907 WARNING High control grad norm: 27.14 at step=484
2026-04-21 09:53:05,762 WARNING High control grad norm: 29.12 at step=487
2026-04-21 09:53:15,358 WARNING High control grad norm: 42.63 at step=488
2026-04-21 09:53:34,564 WARNING High control grad norm: 60.78 at step=490
2026-04-21 09:53:44,265 WARNING High control grad norm: 69.53 at step=491
2026-04-21 09:53:53,884 WARNING High control grad norm: 79.43 at step=492
2026-04-21 09:54:03,553 WARNING High control grad norm: 50.13 at step=493
2026-04-21 09:54:32,351 WARNING High control grad norm: 22.05 at step=496
2026-04-21 09:54:41,973 WARNING High control grad norm: 67.44 at step=497
2026-04-21 09:54:51,611 WARNING High control grad norm: 41.26 at step=498
2026-04-21 09:55:01,218 WARNING High control grad norm: 86.68 at step=499
2026-04-21 09:55:01,220 INFO epoch=4 step=500 loss=551.5529 dsm=551.5342 control=0.0001 path_kl=0.1018 jar=-0.1650 quality=0.8424
2026-04-21 09:55:10,793 WARNING High control grad norm: 24.46 at step=500
2026-04-21 09:55:39,577 WARNING High control grad norm: 38.15 at step=503
2026-04-21 09:55:49,166 WARNING High control grad norm: 34.12 at step=504
2026-04-21 09:55:58,765 WARNING High control grad norm: 29.99 at step=505
2026-04-21 09:56:08,459 WARNING High control grad norm: 20.57 at step=506
2026-04-21 09:56:27,665 WARNING High control grad norm: 21.47 at step=508
2026-04-21 09:56:37,254 WARNING High control grad norm: 40.45 at step=509
2026-04-21 09:56:46,870 WARNING High control grad norm: 42.81 at step=510
2026-04-21 09:57:06,076 WARNING High control grad norm: 29.18 at step=512
2026-04-21 09:57:15,637 WARNING High control grad norm: 37.74 at step=513
2026-04-21 09:57:34,919 WARNING High control grad norm: 58.24 at step=515
2026-04-21 09:57:44,498 WARNING High control grad norm: 70.29 at step=516
2026-04-21 09:57:54,112 WARNING High control grad norm: 24.57 at step=517
2026-04-21 09:58:32,520 WARNING High control grad norm: 33.41 at step=521
2026-04-21 09:59:01,327 WARNING High control grad norm: 27.06 at step=524
2026-04-21 09:59:10,881 WARNING High control grad norm: 22.09 at step=525
2026-04-21 09:59:20,519 WARNING High control grad norm: 39.51 at step=526
2026-04-21 09:59:30,115 WARNING High control grad norm: 96.01 at step=527
2026-04-21 09:59:39,735 WARNING High control grad norm: 39.58 at step=528
2026-04-21 09:59:49,334 WARNING High control grad norm: 66.29 at step=529
2026-04-21 09:59:58,928 WARNING High control grad norm: 51.45 at step=530
2026-04-21 10:00:08,573 WARNING High control grad norm: 28.67 at step=531
2026-04-21 10:00:27,752 WARNING High control grad norm: 25.68 at step=533
2026-04-21 10:00:37,280 WARNING High control grad norm: 66.67 at step=534
2026-04-21 10:00:46,897 WARNING High control grad norm: 30.16 at step=535
2026-04-21 10:00:56,537 WARNING High control grad norm: 45.33 at step=536
2026-04-21 10:01:06,126 WARNING High control grad norm: 62.44 at step=537
2026-04-21 10:01:25,261 WARNING High control grad norm: 32.17 at step=539
2026-04-21 10:01:34,863 WARNING High control grad norm: 37.59 at step=540
2026-04-21 10:01:44,481 WARNING High control grad norm: 51.17 at step=541
2026-04-21 10:01:54,086 WARNING High control grad norm: 36.60 at step=542
2026-04-21 10:02:03,747 WARNING High control grad norm: 67.17 at step=543
2026-04-21 10:02:13,389 WARNING High control grad norm: 74.60 at step=544
2026-04-21 10:02:23,023 WARNING High control grad norm: 38.98 at step=545
2026-04-21 10:02:42,288 WARNING High control grad norm: 49.40 at step=547
2026-04-21 10:02:51,929 WARNING High control grad norm: 60.84 at step=548
2026-04-21 10:03:01,543 WARNING High control grad norm: 75.39 at step=549
2026-04-21 10:03:11,104 WARNING High control grad norm: 88.34 at step=550
2026-04-21 10:03:20,646 WARNING High control grad norm: 77.35 at step=551
2026-04-21 10:03:30,359 WARNING High control grad norm: 61.43 at step=552
2026-04-21 10:03:39,970 WARNING High control grad norm: 98.42 at step=553
2026-04-21 10:03:59,217 WARNING High control grad norm: 45.17 at step=555
2026-04-21 10:04:08,827 WARNING High control grad norm: 20.23 at step=556
2026-04-21 10:04:18,391 WARNING High control grad norm: 58.12 at step=557
2026-04-21 10:04:27,988 WARNING High control grad norm: 78.08 at step=558
2026-04-21 10:04:37,484 WARNING High control grad norm: 55.37 at step=559
2026-04-21 10:04:47,187 WARNING High control grad norm: 50.33 at step=560
2026-04-21 10:04:56,841 WARNING High control grad norm: 27.60 at step=561
2026-04-21 10:05:06,451 WARNING High control grad norm: 41.42 at step=562
2026-04-21 10:06:04,236 WARNING High control grad norm: 44.71 at step=568
2026-04-21 10:06:13,884 WARNING High control grad norm: 36.94 at step=569
2026-04-21 10:06:42,673 WARNING High control grad norm: 36.19 at step=572
2026-04-21 10:07:01,956 WARNING High control grad norm: 23.87 at step=574
2026-04-21 10:07:11,528 WARNING High control grad norm: 25.39 at step=575
2026-04-21 10:07:21,119 WARNING High control grad norm: 54.54 at step=576
2026-04-21 10:07:40,393 WARNING High control grad norm: 65.09 at step=578
2026-04-21 10:08:18,889 WARNING High control grad norm: 27.42 at step=582
2026-04-21 10:08:28,459 WARNING High control grad norm: 73.88 at step=583
2026-04-21 10:08:38,152 WARNING High control grad norm: 52.34 at step=584
2026-04-21 10:08:47,768 WARNING High control grad norm: 42.93 at step=585
2026-04-21 10:08:57,374 WARNING High control grad norm: 30.57 at step=586
2026-04-21 10:09:16,620 WARNING High control grad norm: 29.45 at step=588
2026-04-21 10:09:45,570 WARNING High control grad norm: 31.97 at step=591
2026-04-21 10:10:14,492 WARNING High control grad norm: 45.49 at step=594
2026-04-21 10:10:24,090 WARNING High control grad norm: 62.85 at step=595
2026-04-21 10:10:33,757 WARNING High control grad norm: 22.79 at step=596
2026-04-21 10:10:43,367 WARNING High control grad norm: 20.24 at step=597
2026-04-21 10:11:02,515 INFO epoch=4 step=600 loss=657.5231 dsm=657.5181 control=0.0000 path_kl=-0.0127 jar=0.0043 quality=0.6299
2026-04-21 10:11:21,723 WARNING High control grad norm: 41.52 at step=601
2026-04-21 10:11:40,948 WARNING High control grad norm: 57.64 at step=603
2026-04-21 10:11:50,544 WARNING High control grad norm: 36.37 at step=604
2026-04-21 10:12:00,165 WARNING High control grad norm: 27.92 at step=605
2026-04-21 10:12:09,770 WARNING High control grad norm: 41.73 at step=606
2026-04-21 10:12:19,358 WARNING High control grad norm: 45.52 at step=607
2026-04-21 10:12:28,946 WARNING High control grad norm: 26.08 at step=608
2026-04-21 10:12:57,839 WARNING High control grad norm: 22.28 at step=611
2026-04-21 10:13:17,032 WARNING High control grad norm: 60.47 at step=613
2026-04-21 10:13:26,658 WARNING High control grad norm: 85.51 at step=614
2026-04-21 10:13:36,249 WARNING High control grad norm: 29.63 at step=615
2026-04-21 10:13:45,899 WARNING High control grad norm: 72.54 at step=616
2026-04-21 10:13:55,571 WARNING High control grad norm: 48.62 at step=617
2026-04-21 10:14:05,233 WARNING High control grad norm: 66.69 at step=618
2026-04-21 10:14:14,841 WARNING High control grad norm: 49.25 at step=619
2026-04-21 10:14:34,120 WARNING High control grad norm: 34.65 at step=621
2026-04-21 10:14:53,236 WARNING High control grad norm: 44.09 at step=623
2026-04-21 10:15:22,050 WARNING High control grad norm: 30.75 at step=626
2026-04-21 10:15:25,089 WARNING High control grad norm: 62.43 at step=627
2026-04-21 10:15:25,092 INFO epoch=4 done
2026-04-21 10:15:25,173 INFO epoch=4 diag: cos_sim=0.2579 ctrl_mag=0.0737 score_mag=17.6598 ratio=0.0042
2026-04-21 10:15:34,911 WARNING High control grad norm: 37.61 at step=628
2026-04-21 10:15:44,522 WARNING High control grad norm: 44.14 at step=629
2026-04-21 10:16:13,338 WARNING High control grad norm: 30.19 at step=632
2026-04-21 10:16:32,564 WARNING High control grad norm: 20.51 at step=634
2026-04-21 10:16:42,195 WARNING High control grad norm: 46.91 at step=635
2026-04-21 10:16:51,775 WARNING High control grad norm: 66.22 at step=636
2026-04-21 10:17:01,400 WARNING High control grad norm: 42.29 at step=637
2026-04-21 10:17:11,013 WARNING High control grad norm: 34.75 at step=638
2026-04-21 10:17:20,599 WARNING High control grad norm: 30.68 at step=639
2026-04-21 10:17:30,228 WARNING High control grad norm: 31.60 at step=640
2026-04-21 10:17:49,440 WARNING High control grad norm: 60.38 at step=642
2026-04-21 10:18:18,351 WARNING High control grad norm: 43.21 at step=645
2026-04-21 10:18:47,151 WARNING High control grad norm: 20.87 at step=648
2026-04-21 10:19:25,544 WARNING High control grad norm: 57.35 at step=652
2026-04-21 10:19:44,784 WARNING High control grad norm: 50.26 at step=654
2026-04-21 10:20:03,924 WARNING High control grad norm: 39.47 at step=656
2026-04-21 10:20:13,549 WARNING High control grad norm: 41.10 at step=657
2026-04-21 10:20:23,146 WARNING High control grad norm: 37.77 at step=658
2026-04-21 10:20:32,726 WARNING High control grad norm: 48.31 at step=659
2026-04-21 10:20:42,405 WARNING High control grad norm: 56.36 at step=660
2026-04-21 10:20:52,063 WARNING High control grad norm: 42.35 at step=661
2026-04-21 10:21:01,664 WARNING High control grad norm: 20.02 at step=662
2026-04-21 10:21:20,957 WARNING High control grad norm: 34.36 at step=664
2026-04-21 10:21:30,511 WARNING High control grad norm: 20.26 at step=665
2026-04-21 10:21:40,106 WARNING High control grad norm: 57.40 at step=666
2026-04-21 10:22:08,957 WARNING High control grad norm: 21.86 at step=669
2026-04-21 10:22:18,615 WARNING High control grad norm: 33.21 at step=670
2026-04-21 10:22:47,435 WARNING High control grad norm: 38.70 at step=673
2026-04-21 10:22:57,020 WARNING High control grad norm: 52.00 at step=674
2026-04-21 10:23:16,170 WARNING High control grad norm: 77.70 at step=676
2026-04-21 10:23:45,088 WARNING High control grad norm: 74.88 at step=679
2026-04-21 10:24:04,330 WARNING High control grad norm: 34.78 at step=681
2026-04-21 10:24:23,524 WARNING High control grad norm: 25.83 at step=683
2026-04-21 10:25:02,021 WARNING High control grad norm: 33.98 at step=687
2026-04-21 10:25:21,183 WARNING High control grad norm: 29.81 at step=689
2026-04-21 10:25:30,777 WARNING High control grad norm: 51.45 at step=690
2026-04-21 10:25:40,407 WARNING High control grad norm: 33.81 at step=691
2026-04-21 10:25:49,956 WARNING High control grad norm: 31.09 at step=692
2026-04-21 10:25:59,628 WARNING High control grad norm: 20.86 at step=693
2026-04-21 10:26:09,255 WARNING High control grad norm: 28.92 at step=694
2026-04-21 10:26:18,838 WARNING High control grad norm: 45.60 at step=695
2026-04-21 10:26:28,353 WARNING High control grad norm: 39.63 at step=696
2026-04-21 10:26:38,028 WARNING High control grad norm: 30.07 at step=697
2026-04-21 10:26:47,692 WARNING High control grad norm: 30.04 at step=698
2026-04-21 10:26:57,282 WARNING High control grad norm: 55.02 at step=699
2026-04-21 10:26:57,285 INFO epoch=5 step=700 loss=651.4532 dsm=651.4410 control=0.0000 path_kl=0.0287 jar=-0.0332 quality=0.9384
2026-04-21 10:27:35,705 WARNING High control grad norm: 67.39 at step=703
2026-04-21 10:27:45,279 WARNING High control grad norm: 41.76 at step=704
2026-04-21 10:28:04,555 WARNING High control grad norm: 20.96 at step=706
2026-04-21 10:28:14,189 WARNING High control grad norm: 22.50 at step=707
2026-04-21 10:28:33,414 WARNING High control grad norm: 33.40 at step=709
2026-04-21 10:28:43,039 WARNING High control grad norm: 23.69 at step=710
2026-04-21 10:29:02,200 WARNING High control grad norm: 23.09 at step=712
2026-04-21 10:29:11,740 WARNING High control grad norm: 53.99 at step=713
2026-04-21 10:30:09,449 WARNING High control grad norm: 36.44 at step=719
2026-04-21 10:30:19,055 WARNING High control grad norm: 23.88 at step=720
2026-04-21 10:30:28,644 WARNING High control grad norm: 26.21 at step=721
2026-04-21 10:30:38,312 WARNING High control grad norm: 33.48 at step=722
2026-04-21 10:30:47,888 WARNING High control grad norm: 25.36 at step=723
2026-04-21 10:30:57,483 WARNING High control grad norm: 37.57 at step=724
2026-04-21 10:31:07,053 WARNING High control grad norm: 21.05 at step=725
2026-04-21 10:31:16,726 WARNING High control grad norm: 43.43 at step=726
2026-04-21 10:31:26,354 WARNING High control grad norm: 61.03 at step=727
2026-04-21 10:31:45,500 WARNING High control grad norm: 46.77 at step=729
2026-04-21 10:31:55,164 WARNING High control grad norm: 20.22 at step=730
2026-04-21 10:32:14,390 WARNING High control grad norm: 41.51 at step=732
2026-04-21 10:32:23,994 WARNING High control grad norm: 48.15 at step=733
2026-04-21 10:32:33,649 WARNING High control grad norm: 24.19 at step=734
2026-04-21 10:32:52,881 WARNING High control grad norm: 54.07 at step=736
2026-04-21 10:33:12,086 WARNING High control grad norm: 29.43 at step=738
2026-04-21 10:33:31,310 WARNING High control grad norm: 27.10 at step=740
2026-04-21 10:34:09,875 WARNING High control grad norm: 33.68 at step=744
2026-04-21 10:34:19,382 WARNING High control grad norm: 24.36 at step=745
2026-04-21 10:34:38,658 WARNING High control grad norm: 26.09 at step=747
2026-04-21 10:34:57,861 WARNING High control grad norm: 67.90 at step=749
2026-04-21 10:35:17,073 WARNING High control grad norm: 25.73 at step=751
2026-04-21 10:35:26,674 WARNING High control grad norm: 63.73 at step=752
2026-04-21 10:35:36,267 WARNING High control grad norm: 48.37 at step=753
2026-04-21 10:35:55,546 WARNING High control grad norm: 31.21 at step=755
2026-04-21 10:36:05,163 WARNING High control grad norm: 25.12 at step=756
2026-04-21 10:36:53,091 WARNING High control grad norm: 25.14 at step=761
2026-04-21 10:37:02,619 WARNING High control grad norm: 40.29 at step=762
2026-04-21 10:37:31,543 WARNING High control grad norm: 27.74 at step=765
2026-04-21 10:37:41,176 WARNING High control grad norm: 23.18 at step=766
2026-04-21 10:37:50,891 WARNING High control grad norm: 38.75 at step=767
2026-04-21 10:38:10,125 WARNING High control grad norm: 62.40 at step=769
2026-04-21 10:38:29,365 WARNING High control grad norm: 43.83 at step=771
2026-04-21 10:38:48,608 WARNING High control grad norm: 37.84 at step=773
2026-04-21 10:39:07,870 WARNING High control grad norm: 33.41 at step=775
2026-04-21 10:39:46,332 WARNING High control grad norm: 47.09 at step=779
2026-04-21 10:39:55,928 WARNING High control grad norm: 23.42 at step=780
2026-04-21 10:40:05,574 WARNING High control grad norm: 21.38 at step=781
2026-04-21 10:40:27,874 WARNING High control grad norm: 65.38 at step=784
2026-04-21 10:40:27,876 INFO epoch=5 done
2026-04-21 10:40:27,957 INFO epoch=5 diag: cos_sim=0.2445 ctrl_mag=0.0447 score_mag=17.6598 ratio=0.0025
