Config D controlled training: epochs=60, seeds=[42]
  Config D seed=42: 60 epochs, backbone=checkpoints/score_fmnist_v2/score_best.pt
[04/22/26 00:14:36] INFO     Loaded pretrained score backbone from             
                             checkpoints/score_fmnist_v2/score_best.pt         
                    INFO     Score model frozen — only control policy will be  
                             trained.                                          
[04/22/26 00:15:41] INFO     epoch=31 step=4800 loss=412.2626 dsm=412.2831     
                             control=0.0029 path_kl=-0.2929 jar=-1.0922        
                             quality=0.8767                                    
[04/22/26 00:16:28] INFO     epoch=31 done                                     
                    INFO     epoch=31 diag: cos_sim=-0.0171 ctrl_mag=0.8444    
                             score_mag=17.0576 ratio=0.0495                    
[04/22/26 00:16:51] INFO     epoch=32 step=4900 loss=565.3819 dsm=565.4867     
                             control=0.0029 path_kl=-1.1276 jar=-0.3147        
                             quality=0.7987                                    
[04/22/26 00:18:03] INFO     epoch=32 step=5000 loss=486.9134 dsm=486.8952     
                             control=0.0029 path_kl=0.0982 jar=-2.1473         
                             quality=0.8292                                    
[04/22/26 00:18:20] INFO     epoch=32 done                                     
                    INFO     epoch=32 diag: cos_sim=-0.0171 ctrl_mag=0.8442    
                             score_mag=17.0576 ratio=0.0495                    
[04/22/26 00:19:14] INFO     epoch=33 step=5100 loss=431.0518 dsm=431.0886     
                             control=0.0029 path_kl=-0.4546 jar=-1.1935        
                             quality=0.8741                                    
[04/22/26 00:20:12] INFO     epoch=33 done                                     
                    INFO     epoch=33 diag: cos_sim=-0.0171 ctrl_mag=0.8439    
                             score_mag=17.0576 ratio=0.0495                    
[04/22/26 00:20:26] INFO     epoch=34 step=5200 loss=1010.3833 dsm=1010.4799   
                             control=0.0029 path_kl=-1.0496 jar=-1.4190        
                             quality=0.8389                                    
[04/22/26 00:21:38] INFO     epoch=34 step=5300 loss=691.0546 dsm=691.1191     
                             control=0.0028 path_kl=-0.7415 jar=-1.5404        
                             quality=0.9651                                    
[04/22/26 00:22:05] INFO     epoch=34 done                                     
                    INFO     epoch=34 diag: cos_sim=-0.0170 ctrl_mag=0.8437    
                             score_mag=17.0576 ratio=0.0495                    
[04/22/26 00:22:49] INFO     epoch=35 step=5400 loss=275.8719 dsm=276.0012     
                             control=0.0028 path_kl=-1.3736 jar=-0.7497        
                             quality=0.8045                                    
[04/22/26 00:23:58] INFO     epoch=35 done                                     
                    INFO     epoch=35 diag: cos_sim=-0.0170 ctrl_mag=0.8435    
                             score_mag=17.0576 ratio=0.0495                    
[04/22/26 00:24:01] INFO     epoch=36 step=5500 loss=384.7970 dsm=384.8374     
                             control=0.0029 path_kl=-0.4816 jar=-1.3167        
                             quality=0.7749                                    
[04/22/26 00:25:14] INFO     epoch=36 step=5600 loss=643.0466 dsm=643.1513     
                             control=0.0029 path_kl=-1.1299 jar=-0.8075        
                             quality=0.8212                                    
[04/22/26 00:25:51] INFO     epoch=36 done                                     
                    INFO     epoch=36 diag: cos_sim=-0.0169 ctrl_mag=0.8434    
                             score_mag=17.0576 ratio=0.0494                    
[04/22/26 00:26:26] INFO     epoch=37 step=5700 loss=537.7450 dsm=537.8740     
                             control=0.0029 path_kl=-1.3676 jar=-0.0264        
                             quality=0.7735                                    
[04/22/26 00:27:38] INFO     epoch=37 step=5800 loss=220.2005 dsm=220.2932     
                             control=0.0029 path_kl=-1.0089 jar=-1.3798        
                             quality=0.8183                                    
[04/22/26 00:27:44] INFO     epoch=37 done                                     
                    INFO     epoch=37 diag: cos_sim=-0.0169 ctrl_mag=0.8433    
                             score_mag=17.0576 ratio=0.0494                    
[04/22/26 00:28:50] INFO     epoch=38 step=5900 loss=438.9518 dsm=439.0111     
                             control=0.0029 path_kl=-0.6814 jar=-0.3107        
                             quality=0.8859                                    
[04/22/26 00:29:38] INFO     epoch=38 done                                     
                    INFO     epoch=38 diag: cos_sim=-0.0169 ctrl_mag=0.8431    
                             score_mag=17.0576 ratio=0.0494                    
[04/22/26 00:30:02] INFO     epoch=39 step=6000 loss=439.6259 dsm=439.7809     
                             control=0.0028 path_kl=-1.6467 jar=-0.0760        
                             quality=0.9704                                    
[04/22/26 00:31:15] INFO     epoch=39 step=6100 loss=639.6399 dsm=639.7184     
                             control=0.0029 path_kl=-0.8643 jar=-0.8388        
                             quality=0.7923                                    
[04/22/26 00:31:31] INFO     epoch=39 done                                     
                    INFO     epoch=39 diag: cos_sim=-0.0169 ctrl_mag=0.8430    
                             score_mag=17.0576 ratio=0.0494                    
[04/22/26 00:32:27] INFO     epoch=40 step=6200 loss=401.1482 dsm=401.2827     
                             control=0.0029 path_kl=-1.4314 jar=-0.5938        
                             quality=0.8513                                    
[04/22/26 00:33:24] INFO     epoch=40 done                                     
                    INFO     epoch=40 diag: cos_sim=-0.0169 ctrl_mag=0.8428    
                             score_mag=17.0576 ratio=0.0494                    
[04/22/26 00:33:39] INFO     epoch=41 step=6300 loss=480.6154 dsm=480.7360     
                             control=0.0029 path_kl=-1.2783 jar=-1.6524        
                             quality=0.7265                                    
[04/22/26 00:34:51] INFO     epoch=41 step=6400 loss=387.2125 dsm=387.3689     
                             control=0.0029 path_kl=-1.6400 jar=-0.0106        
                             quality=0.7581                                    
[04/22/26 00:35:18] INFO     epoch=41 done                                     
                    INFO     epoch=41 diag: cos_sim=-0.0169 ctrl_mag=0.8428    
                             score_mag=17.0576 ratio=0.0494                    
[04/22/26 00:36:03] INFO     epoch=42 step=6500 loss=624.7599 dsm=624.9493     
                             control=0.0029 path_kl=-1.9884 jar=0.5446         
                             quality=0.9421                                    
[04/22/26 00:37:11] INFO     epoch=42 done                                     
                    INFO     epoch=42 diag: cos_sim=-0.0169 ctrl_mag=0.8428    
                             score_mag=17.0576 ratio=0.0494                    
[04/22/26 00:37:16] INFO     epoch=43 step=6600 loss=574.2330 dsm=574.3724     
                             control=0.0029 path_kl=-1.4771 jar=0.1603         
                             quality=0.8368                                    
[04/22/26 00:38:28] INFO     epoch=43 step=6700 loss=530.6660 dsm=530.8278     
                             control=0.0029 path_kl=-1.7019 jar=0.6099         
                             quality=0.8349                                    
[04/22/26 00:39:05] INFO     epoch=43 done                                     
                    INFO     epoch=43 diag: cos_sim=-0.0169 ctrl_mag=0.8429    
                             score_mag=17.0576 ratio=0.0494                    
[04/22/26 00:39:40] INFO     epoch=44 step=6800 loss=454.6111 dsm=454.7794     
                             control=0.0029 path_kl=-1.7569 jar=-3.2912        
                             quality=0.7447                                    
[04/22/26 00:40:53] INFO     epoch=44 step=6900 loss=189.5988 dsm=189.7477     
                             control=0.0029 path_kl=-1.5605 jar=0.1445         
                             quality=0.7076                                    
[04/22/26 00:40:58] INFO     epoch=44 done                                     
                    INFO     epoch=44 diag: cos_sim=-0.0170 ctrl_mag=0.8431    
                             score_mag=17.0576 ratio=0.0494                    
[04/22/26 00:42:05] INFO     epoch=45 step=7000 loss=345.2420 dsm=345.3744     
                             control=0.0028 path_kl=-1.4060 jar=-0.0483        
                             quality=0.8215                                    
[04/22/26 00:42:52] INFO     epoch=45 done                                     
                    INFO     epoch=45 diag: cos_sim=-0.0170 ctrl_mag=0.8434    
                             score_mag=17.0576 ratio=0.0494                    
[04/22/26 00:43:17] INFO     epoch=46 step=7100 loss=339.6887 dsm=339.7913     
                             control=0.0029 path_kl=-1.1098 jar=-0.1800        
                             quality=0.8368                                    
[04/22/26 00:44:30] INFO     epoch=46 step=7200 loss=656.9374 dsm=656.9979     
                             control=0.0029 path_kl=-0.7015 jar=-1.8049        
                             quality=0.9656                                    
[04/22/26 00:44:46] INFO     epoch=46 done                                     
                    INFO     epoch=46 diag: cos_sim=-0.0170 ctrl_mag=0.8434    
                             score_mag=17.0576 ratio=0.0494                    
[04/22/26 00:45:42] INFO     epoch=47 step=7300 loss=252.1273 dsm=252.3035     
                             control=0.0028 path_kl=-1.8364 jar=0.2003         
                             quality=0.7428                                    
[04/22/26 00:46:39] INFO     epoch=47 done                                     
                    INFO     epoch=47 diag: cos_sim=-0.0170 ctrl_mag=0.8436    
                             score_mag=17.0576 ratio=0.0495                    
[04/22/26 00:46:55] INFO     epoch=48 step=7400 loss=461.5800 dsm=461.6776     
                             control=0.0028 path_kl=-1.0603 jar=-0.4849        
                             quality=0.8394                                    
[04/22/26 00:48:07] INFO     epoch=48 step=7500 loss=497.7697 dsm=497.7933     
                             control=0.0029 path_kl=-0.3254 jar=-2.1183        
                             quality=0.8923                                    
[04/22/26 00:48:33] INFO     epoch=48 done                                     
                    INFO     epoch=48 diag: cos_sim=-0.0171 ctrl_mag=0.8439    
                             score_mag=17.0576 ratio=0.0495                    
[04/22/26 00:49:19] INFO     epoch=49 step=7600 loss=541.1505 dsm=541.2555     
                             control=0.0029 path_kl=-1.1336 jar=-1.0746        
                             quality=0.8304                                    
[04/22/26 00:50:26] INFO     epoch=49 done                                     
                    INFO     epoch=49 diag: cos_sim=-0.0170 ctrl_mag=0.8439    
                             score_mag=17.0576 ratio=0.0495                    
[04/22/26 00:50:32] INFO     epoch=50 step=7700 loss=427.3149 dsm=427.4236     
                             control=0.0030 path_kl=-1.1656 jar=-0.9134        
                             quality=0.7843                                    
[04/22/26 00:51:44] INFO     epoch=50 step=7800 loss=410.2452 dsm=410.2857     
                             control=0.0028 path_kl=-0.5062 jar=-0.8533        
                             quality=1.0096                                    
[04/22/26 00:52:20] INFO     epoch=50 done                                     
                    INFO     epoch=50 diag: cos_sim=-0.0171 ctrl_mag=0.8438    
                             score_mag=17.0576 ratio=0.0495                    
[04/22/26 00:52:57] INFO     epoch=51 step=7900 loss=695.0568 dsm=695.0508     
                             control=0.0029 path_kl=-0.0236 jar=-1.5632        
                             quality=0.8390                                    
[04/22/26 00:54:09] INFO     epoch=51 step=8000 loss=423.1869 dsm=423.1858     
                             control=0.0029 path_kl=-0.0810 jar=-2.5841        
                             quality=0.9119                                    
[04/22/26 00:54:14] INFO     epoch=51 done                                     
                    INFO     epoch=51 diag: cos_sim=-0.0171 ctrl_mag=0.8437    
                             score_mag=17.0576 ratio=0.0495                    
[04/22/26 00:55:21] INFO     epoch=52 step=8100 loss=570.1733 dsm=570.1417     
                             control=0.0030 path_kl=0.2387 jar=-2.8330         
                             quality=0.7709                                    
[04/22/26 00:56:07] INFO     epoch=52 done                                     
                    INFO     epoch=52 diag: cos_sim=-0.0171 ctrl_mag=0.8436    
                             score_mag=17.0576 ratio=0.0495                    
[04/22/26 00:56:34] INFO     epoch=53 step=8200 loss=581.1342 dsm=581.0419     
                             control=0.0029 path_kl=0.8286 jar=-4.1187         
                             quality=0.9419                                    
[04/22/26 00:57:46] INFO     epoch=53 step=8300 loss=505.2430 dsm=505.2263     
                             control=0.0029 path_kl=0.0841 jar=-2.6004         
                             quality=0.8225                                    
[04/22/26 00:58:01] INFO     epoch=53 done                                     
                    INFO     epoch=53 diag: cos_sim=-0.0171 ctrl_mag=0.8434    
                             score_mag=17.0576 ratio=0.0494                    
[04/22/26 00:58:58] INFO     epoch=54 step=8400 loss=498.6113 dsm=498.5876     
                             control=0.0028 path_kl=0.1497 jar=-2.3352         
                             quality=0.8656                                    
[04/22/26 00:59:55] INFO     epoch=54 done                                     
                    INFO     epoch=54 diag: cos_sim=-0.0170 ctrl_mag=0.8432    
                             score_mag=17.0576 ratio=0.0494                    
[04/22/26 01:00:11] INFO     epoch=55 step=8500 loss=510.3786 dsm=510.3488     
                             control=0.0029 path_kl=0.2095 jar=-1.9450         
                             quality=0.8887                                    
[04/22/26 01:01:23] INFO     epoch=55 step=8600 loss=453.7313 dsm=453.7423     
                             control=0.0029 path_kl=-0.1965 jar=-0.7777        
                             quality=0.8561                                    
[04/22/26 01:01:48] INFO     epoch=55 done                                     
                    INFO     epoch=55 diag: cos_sim=-0.0169 ctrl_mag=0.8429    
                             score_mag=17.0576 ratio=0.0494                    
[04/22/26 01:02:35] INFO     epoch=56 step=8700 loss=662.0370 dsm=661.9794     
                             control=0.0029 path_kl=0.4948 jar=-3.4523         
                             quality=0.8116                                    
[04/22/26 01:03:42] INFO     epoch=56 done                                     
                    INFO     epoch=56 diag: cos_sim=-0.0170 ctrl_mag=0.8426    
                             score_mag=17.0576 ratio=0.0494                    
[04/22/26 01:03:48] INFO     epoch=57 step=8800 loss=353.5070 dsm=353.3960     
                             control=0.0029 path_kl=1.0045 jar=-5.2110         
                             quality=1.0574                                    
[04/22/26 01:05:00] INFO     epoch=57 step=8900 loss=673.1511 dsm=673.0604     
                             control=0.0029 path_kl=0.8270 jar=-1.9611         
                             quality=0.8065                                    
[04/22/26 01:05:35] INFO     epoch=57 done                                     
                    INFO     epoch=57 diag: cos_sim=-0.0170 ctrl_mag=0.8422    
                             score_mag=17.0576 ratio=0.0494                    
[04/22/26 01:06:12] INFO     epoch=58 step=9000 loss=457.7924 dsm=457.7178     
                             control=0.0029 path_kl=0.6683 jar=-2.3055         
                             quality=0.7698                                    
[04/22/26 01:07:25] INFO     epoch=58 step=9100 loss=429.7433 dsm=429.6901     
                             control=0.0029 path_kl=0.4396 jar=-3.0093         
                             quality=0.9226                                    
[04/22/26 01:07:29] INFO     epoch=58 done                                     
                    INFO     epoch=58 diag: cos_sim=-0.0170 ctrl_mag=0.8419    
                             score_mag=17.0576 ratio=0.0494                    
[04/22/26 01:08:37] INFO     epoch=59 step=9200 loss=199.1228 dsm=199.0901     
                             control=0.0029 path_kl=0.2158 jar=-2.0269         
                             quality=1.1082                                    
[04/22/26 01:09:22] INFO     epoch=59 done                                     
                    INFO     epoch=59 diag: cos_sim=-0.0170 ctrl_mag=0.8413    
                             score_mag=17.0576 ratio=0.0493                    
[04/22/26 01:09:49] INFO     epoch=60 step=9300 loss=586.4440 dsm=586.3598     
                             control=0.0028 path_kl=0.7586 jar=-2.5736         
                             quality=0.8367                                    
[04/22/26 01:11:02] INFO     epoch=60 step=9400 loss=542.2499 dsm=542.0922     
                             control=0.0029 path_kl=1.4948 jar=-3.4873         
                             quality=0.8283                                    
[04/22/26 01:11:16] INFO     epoch=60 done                                     
                    INFO     epoch=60 diag: cos_sim=-0.0170 ctrl_mag=0.8407    
                             score_mag=17.0576 ratio=0.0493                    
  Evaluating FID for Config D seed=42 (N=5000)... C:\Users\artun\Desktop\ITS-project\.venv\Lib\site-packages\torchmetrics\utilities\prints.py:43: UserWarning: Metric `InceptionScore` will save all extracted features in buffer. For large datasets this may lead to large memory footprint.
  warnings.warn(*args, **kwargs)  # noqa: B028
FID=323.94
  Seed 42 done: dsm=194.6399, FID=323.94

Results -> C:\Users\artun\Desktop\ITS-project\data\results\controlled_config_d_results.json
