Config D controlled training: epochs=30, seeds=[42]
  Config D seed=42: 30 epochs, backbone=checkpoints/score_fmnist_v2/score_epoch_0050.pt
[04/20/26 23:44:50] INFO     Loaded pretrained score backbone from             
                             checkpoints/score_fmnist_v2/score_epoch_0050.pt   
                    INFO     Score model frozen — only control policy will be  
                             trained.                                          
C:\Users\artun\Desktop\ITS-project\src\its\training\controlled_score_training.py:411: FutureWarning: `torch.cuda.amp.GradScaler(args...)` is deprecated. Please use `torch.amp.GradScaler('cuda', args...)` instead.
  scaler = torch.cuda.amp.GradScaler(enabled=config.mixed_precision and device.type == "cuda")
C:\Users\artun\Desktop\ITS-project\src\its\training\controlled_score_training.py:489: FutureWarning: `torch.cuda.amp.autocast(args...)` is deprecated. Please use `torch.amp.autocast('cuda', args...)` instead.
  with torch.cuda.amp.autocast(enabled=scaler.is_enabled()):
[04/20/26 23:44:54] WARNING  High control grad norm: 13.88 at step=0           
[04/20/26 23:44:55] WARNING  High control grad norm: 13.55 at step=1           
[04/20/26 23:44:56] WARNING  High control grad norm: 13.72 at step=2           
[04/20/26 23:44:57] WARNING  High control grad norm: 13.84 at step=3           
                    WARNING  High control grad norm: 13.85 at step=4           
[04/20/26 23:44:58] WARNING  High control grad norm: 13.80 at step=5           
[04/20/26 23:44:59] WARNING  High control grad norm: 13.84 at step=6           
                    WARNING  High control grad norm: 14.18 at step=7           
[04/20/26 23:45:00] WARNING  High control grad norm: 13.84 at step=8           
[04/20/26 23:45:01] WARNING  High control grad norm: 13.79 at step=9           
                    WARNING  High control grad norm: 13.85 at step=10          
[04/20/26 23:45:02] WARNING  High control grad norm: 13.57 at step=11          
[04/20/26 23:45:03] WARNING  High control grad norm: 13.78 at step=12          
[04/20/26 23:45:04] WARNING  High control grad norm: 13.74 at step=13          
                    WARNING  High control grad norm: 13.77 at step=14          
[04/20/26 23:45:05] WARNING  High control grad norm: 13.55 at step=15          
[04/20/26 23:45:06] WARNING  High control grad norm: 13.87 at step=16          
                    WARNING  High control grad norm: 13.83 at step=17          
[04/20/26 23:45:07] WARNING  High control grad norm: 13.96 at step=18          
[04/20/26 23:45:08] WARNING  High control grad norm: 13.91 at step=19          
                    WARNING  High control grad norm: 13.75 at step=20          
[04/20/26 23:45:09] WARNING  High control grad norm: 14.02 at step=21          
[04/20/26 23:45:10] WARNING  High control grad norm: 13.93 at step=22          
[04/20/26 23:45:11] WARNING  High control grad norm: 13.77 at step=23          
                    WARNING  High control grad norm: 13.72 at step=24          
[04/20/26 23:45:12] WARNING  High control grad norm: 13.49 at step=25          
[04/20/26 23:45:13] WARNING  High control grad norm: 13.70 at step=26          
                    WARNING  High control grad norm: 13.60 at step=27          
[04/20/26 23:45:14] WARNING  High control grad norm: 13.58 at step=28          
[04/20/26 23:45:15] WARNING  High control grad norm: 13.74 at step=29          
[04/20/26 23:45:16] WARNING  High control grad norm: 13.40 at step=30          
                    WARNING  High control grad norm: 13.38 at step=31          
[04/20/26 23:45:17] WARNING  High control grad norm: 13.44 at step=32          
[04/20/26 23:45:18] WARNING  High control grad norm: 13.46 at step=33          
                    WARNING  High control grad norm: 13.37 at step=34          
[04/20/26 23:45:19] WARNING  High control grad norm: 13.34 at step=35          
[04/20/26 23:45:20] WARNING  High control grad norm: 13.34 at step=36          
[04/20/26 23:45:21] WARNING  High control grad norm: 13.59 at step=37          
                    WARNING  High control grad norm: 13.31 at step=38          
[04/20/26 23:45:22] WARNING  High control grad norm: 13.47 at step=39          
[04/20/26 23:45:23] WARNING  High control grad norm: 13.31 at step=40          
                    WARNING  High control grad norm: 13.31 at step=41          
[04/20/26 23:45:24] WARNING  High control grad norm: 13.20 at step=42          
[04/20/26 23:45:25] WARNING  High control grad norm: 13.56 at step=43          
[04/20/26 23:45:26] WARNING  High control grad norm: 13.52 at step=44          
                    WARNING  High control grad norm: 13.55 at step=45          
[04/20/26 23:45:27] WARNING  High control grad norm: 13.35 at step=46          
[04/20/26 23:45:28] WARNING  High control grad norm: 13.69 at step=47          
                    WARNING  High control grad norm: 13.66 at step=48          
[04/20/26 23:45:29] WARNING  High control grad norm: 13.13 at step=49          
[04/20/26 23:45:30] WARNING  High control grad norm: 13.30 at step=50          
[04/20/26 23:45:31] WARNING  High control grad norm: 13.43 at step=51          
                    WARNING  High control grad norm: 12.92 at step=52          
[04/20/26 23:45:32] WARNING  High control grad norm: 12.81 at step=53          
[04/20/26 23:45:33] WARNING  High control grad norm: 13.47 at step=54          
                    WARNING  High control grad norm: 13.62 at step=55          
[04/20/26 23:45:34] WARNING  High control grad norm: 13.18 at step=56          
[04/20/26 23:45:35] WARNING  High control grad norm: 13.09 at step=57          
[04/20/26 23:45:36] WARNING  High control grad norm: 13.46 at step=58          
                    WARNING  High control grad norm: 13.28 at step=59          
[04/20/26 23:45:37] WARNING  High control grad norm: 13.64 at step=60          
[04/20/26 23:45:38] WARNING  High control grad norm: 13.19 at step=61          
                    WARNING  High control grad norm: 13.40 at step=62          
[04/20/26 23:45:39] WARNING  High control grad norm: 13.25 at step=63          
[04/20/26 23:45:40] WARNING  High control grad norm: 12.99 at step=64          
[04/20/26 23:45:41] WARNING  High control grad norm: 13.34 at step=65          
                    WARNING  High control grad norm: 13.52 at step=66          
[04/20/26 23:45:42] WARNING  High control grad norm: 13.46 at step=67          
[04/20/26 23:45:43] WARNING  High control grad norm: 12.89 at step=68          
                    WARNING  High control grad norm: 13.18 at step=69          
[04/20/26 23:45:44] WARNING  High control grad norm: 13.29 at step=70          
[04/20/26 23:45:45] WARNING  High control grad norm: 13.17 at step=71          
[04/20/26 23:45:46] WARNING  High control grad norm: 13.16 at step=72          
                    WARNING  High control grad norm: 13.04 at step=73          
[04/20/26 23:45:47] WARNING  High control grad norm: 13.03 at step=74          
[04/20/26 23:45:48] WARNING  High control grad norm: 13.41 at step=75          
                    WARNING  High control grad norm: 12.87 at step=76          
[04/20/26 23:45:49] WARNING  High control grad norm: 12.86 at step=77          
[04/20/26 23:45:50] WARNING  High control grad norm: 13.47 at step=78          
[04/20/26 23:45:51] WARNING  High control grad norm: 13.08 at step=79          
                    WARNING  High control grad norm: 13.16 at step=80          
[04/20/26 23:45:52] WARNING  High control grad norm: 13.50 at step=81          
[04/20/26 23:45:53] WARNING  High control grad norm: 13.13 at step=82          
                    WARNING  High control grad norm: 13.12 at step=83          
[04/20/26 23:45:54] WARNING  High control grad norm: 12.99 at step=84          
[04/20/26 23:45:55] WARNING  High control grad norm: 12.79 at step=85          
[04/20/26 23:45:56] WARNING  High control grad norm: 12.67 at step=86          
                    WARNING  High control grad norm: 13.00 at step=87          
[04/20/26 23:45:57] WARNING  High control grad norm: 13.23 at step=88          
[04/20/26 23:45:58] WARNING  High control grad norm: 12.91 at step=89          
                    WARNING  High control grad norm: 12.82 at step=90          
[04/20/26 23:45:59] WARNING  High control grad norm: 12.75 at step=91          
[04/20/26 23:46:00] WARNING  High control grad norm: 12.98 at step=92          
[04/20/26 23:46:01] WARNING  High control grad norm: 12.94 at step=93          
                    WARNING  High control grad norm: 12.79 at step=94          
[04/20/26 23:46:02] WARNING  High control grad norm: 12.90 at step=95          
[04/20/26 23:46:03] WARNING  High control grad norm: 12.59 at step=96          
[04/20/26 23:46:04] WARNING  High control grad norm: 12.64 at step=97          
                    WARNING  High control grad norm: 12.82 at step=98          
[04/20/26 23:46:05] WARNING  High control grad norm: 12.89 at step=99          
                    INFO     epoch=1 step=100 loss=591.3157 dsm=589.7297       
                             control=0.0401 path_kl=15.7559 jar=-29.0339       
                             quality=1.0068                                    
[04/20/26 23:46:06] WARNING  High control grad norm: 12.47 at step=100         
                    WARNING  High control grad norm: 13.10 at step=101         
[04/20/26 23:46:07] WARNING  High control grad norm: 13.00 at step=102         
[04/20/26 23:46:08] WARNING  High control grad norm: 12.65 at step=103         
[04/20/26 23:46:09] WARNING  High control grad norm: 12.92 at step=104         
                    WARNING  High control grad norm: 12.70 at step=105         
[04/20/26 23:46:10] WARNING  High control grad norm: 12.62 at step=106         
[04/20/26 23:46:11] WARNING  High control grad norm: 13.10 at step=107         
                    WARNING  High control grad norm: 12.73 at step=108         
[04/20/26 23:46:12] WARNING  High control grad norm: 12.77 at step=109         
[04/20/26 23:46:13] WARNING  High control grad norm: 12.60 at step=110         
[04/20/26 23:46:14] WARNING  High control grad norm: 12.58 at step=111         
                    WARNING  High control grad norm: 12.49 at step=112         
[04/20/26 23:46:15] WARNING  High control grad norm: 12.74 at step=113         
[04/20/26 23:46:16] WARNING  High control grad norm: 12.40 at step=114         
                    WARNING  High control grad norm: 12.90 at step=115         
[04/20/26 23:46:17] WARNING  High control grad norm: 12.72 at step=116         
[04/20/26 23:46:18] WARNING  High control grad norm: 12.66 at step=117         
[04/20/26 23:46:19] WARNING  High control grad norm: 12.82 at step=118         
                    WARNING  High control grad norm: 12.90 at step=119         
[04/20/26 23:46:20] WARNING  High control grad norm: 12.77 at step=120         
[04/20/26 23:46:21] WARNING  High control grad norm: 12.64 at step=121         
[04/20/26 23:46:22] WARNING  High control grad norm: 12.77 at step=122         
                    WARNING  High control grad norm: 12.58 at step=123         
[04/20/26 23:46:23] WARNING  High control grad norm: 12.57 at step=124         
[04/20/26 23:46:24] WARNING  High control grad norm: 12.53 at step=125         
                    WARNING  High control grad norm: 12.48 at step=126         
[04/20/26 23:46:25] WARNING  High control grad norm: 12.54 at step=127         
[04/20/26 23:46:26] WARNING  High control grad norm: 12.67 at step=128         
[04/20/26 23:46:27] WARNING  High control grad norm: 12.42 at step=129         
                    WARNING  High control grad norm: 12.62 at step=130         
[04/20/26 23:46:28] WARNING  High control grad norm: 12.57 at step=131         
[04/20/26 23:46:29] WARNING  High control grad norm: 12.44 at step=132         
                    WARNING  High control grad norm: 12.71 at step=133         
[04/20/26 23:46:30] WARNING  High control grad norm: 12.41 at step=134         
[04/20/26 23:46:31] WARNING  High control grad norm: 12.19 at step=135         
[04/20/26 23:46:32] WARNING  High control grad norm: 12.73 at step=136         
                    WARNING  High control grad norm: 12.86 at step=137         
[04/20/26 23:46:33] WARNING  High control grad norm: 12.55 at step=138         
[04/20/26 23:46:34] WARNING  High control grad norm: 12.73 at step=139         
[04/20/26 23:46:35] WARNING  High control grad norm: 12.44 at step=140         
                    WARNING  High control grad norm: 12.56 at step=141         
[04/20/26 23:46:36] WARNING  High control grad norm: 12.31 at step=142         
[04/20/26 23:46:37] WARNING  High control grad norm: 12.54 at step=143         
                    WARNING  High control grad norm: 12.38 at step=144         
[04/20/26 23:46:38] WARNING  High control grad norm: 12.18 at step=145         
[04/20/26 23:46:39] WARNING  High control grad norm: 12.33 at step=146         
[04/20/26 23:46:40] WARNING  High control grad norm: 12.58 at step=147         
                    WARNING  High control grad norm: 12.43 at step=148         
[04/20/26 23:46:41] WARNING  High control grad norm: 12.35 at step=149         
[04/20/26 23:46:42] WARNING  High control grad norm: 12.39 at step=150         
                    WARNING  High control grad norm: 12.33 at step=151         
[04/20/26 23:46:43] WARNING  High control grad norm: 12.56 at step=152         
[04/20/26 23:46:44] WARNING  High control grad norm: 12.38 at step=153         
[04/20/26 23:46:45] WARNING  High control grad norm: 12.35 at step=154         
                    WARNING  High control grad norm: 12.39 at step=155         
[04/20/26 23:46:46] WARNING  High control grad norm: 24.95 at step=156         
                    INFO     epoch=1 done                                      
                    INFO     epoch=1 diag: cos_sim=0.0025 ctrl_mag=3.3398      
                             score_mag=17.0576 ratio=0.1958                    
                    WARNING  High control grad norm: 12.27 at step=157         
[04/20/26 23:46:47] WARNING  High control grad norm: 12.24 at step=158         
[04/20/26 23:46:48] WARNING  High control grad norm: 12.32 at step=159         
[04/20/26 23:46:49] WARNING  High control grad norm: 12.36 at step=160         
                    WARNING  High control grad norm: 12.22 at step=161         
[04/20/26 23:46:50] WARNING  High control grad norm: 12.27 at step=162         
[04/20/26 23:46:51] WARNING  High control grad norm: 12.22 at step=163         
                    WARNING  High control grad norm: 12.31 at step=164         
[04/20/26 23:46:52] WARNING  High control grad norm: 12.46 at step=165         
[04/20/26 23:46:53] WARNING  High control grad norm: 11.98 at step=166         
[04/20/26 23:46:54] WARNING  High control grad norm: 12.25 at step=167         
                    WARNING  High control grad norm: 12.50 at step=168         
[04/20/26 23:46:55] WARNING  High control grad norm: 12.27 at step=169         
[04/20/26 23:46:56] WARNING  High control grad norm: 11.96 at step=170         
[04/20/26 23:46:57] WARNING  High control grad norm: 11.99 at step=171         
                    WARNING  High control grad norm: 12.30 at step=172         
[04/20/26 23:46:58] WARNING  High control grad norm: 12.09 at step=173         
[04/20/26 23:46:59] WARNING  High control grad norm: 12.34 at step=174         
                    WARNING  High control grad norm: 12.23 at step=175         
[04/20/26 23:47:00] WARNING  High control grad norm: 12.09 at step=176         
[04/20/26 23:47:01] WARNING  High control grad norm: 12.36 at step=177         
[04/20/26 23:47:02] WARNING  High control grad norm: 12.06 at step=178         
                    WARNING  High control grad norm: 12.22 at step=179         
[04/20/26 23:47:03] WARNING  High control grad norm: 12.28 at step=180         
[04/20/26 23:47:04] WARNING  High control grad norm: 12.43 at step=181         
[04/20/26 23:47:05] WARNING  High control grad norm: 12.32 at step=182         
                    WARNING  High control grad norm: 12.28 at step=183         
[04/20/26 23:47:06] WARNING  High control grad norm: 11.88 at step=184         
[04/20/26 23:47:07] WARNING  High control grad norm: 11.87 at step=185         
                    WARNING  High control grad norm: 12.37 at step=186         
[04/20/26 23:47:08] WARNING  High control grad norm: 12.03 at step=187         
[04/20/26 23:47:09] WARNING  High control grad norm: 12.16 at step=188         
[04/20/26 23:47:10] WARNING  High control grad norm: 11.92 at step=189         
                    WARNING  High control grad norm: 12.20 at step=190         
[04/20/26 23:47:11] WARNING  High control grad norm: 12.16 at step=191         
[04/20/26 23:47:12] WARNING  High control grad norm: 12.09 at step=192         
[04/20/26 23:47:13] WARNING  High control grad norm: 11.88 at step=193         
                    WARNING  High control grad norm: 11.73 at step=194         
[04/20/26 23:47:14] WARNING  High control grad norm: 12.09 at step=195         
[04/20/26 23:47:15] WARNING  High control grad norm: 11.91 at step=196         
                    WARNING  High control grad norm: 11.93 at step=197         
[04/20/26 23:47:16] WARNING  High control grad norm: 11.87 at step=198         
[04/20/26 23:47:17] WARNING  High control grad norm: 12.06 at step=199         
                    INFO     epoch=2 step=200 loss=458.2574 dsm=457.0407       
                             control=0.0325 path_kl=12.0911 jar=-23.7443       
                             quality=0.7238                                    
[04/20/26 23:47:18] WARNING  High control grad norm: 12.06 at step=200         
                    WARNING  High control grad norm: 12.07 at step=201         
[04/20/26 23:47:19] WARNING  High control grad norm: 12.05 at step=202         
[04/20/26 23:47:20] WARNING  High control grad norm: 11.88 at step=203         
[04/20/26 23:47:21] WARNING  High control grad norm: 11.76 at step=204         
                    WARNING  High control grad norm: 12.00 at step=205         
[04/20/26 23:47:22] WARNING  High control grad norm: 12.19 at step=206         
[04/20/26 23:47:23] WARNING  High control grad norm: 11.75 at step=207         
                    WARNING  High control grad norm: 11.83 at step=208         
[04/20/26 23:47:24] WARNING  High control grad norm: 11.71 at step=209         
[04/20/26 23:47:25] WARNING  High control grad norm: 12.13 at step=210         
[04/20/26 23:47:26] WARNING  High control grad norm: 11.92 at step=211         
                    WARNING  High control grad norm: 11.85 at step=212         
[04/20/26 23:47:27] WARNING  High control grad norm: 12.07 at step=213         
[04/20/26 23:47:28] WARNING  High control grad norm: 11.69 at step=214         
[04/20/26 23:47:29] WARNING  High control grad norm: 11.63 at step=215         
                    WARNING  High control grad norm: 11.85 at step=216         
[04/20/26 23:47:30] WARNING  High control grad norm: 11.74 at step=217         
[04/20/26 23:47:31] WARNING  High control grad norm: 11.66 at step=218         
[04/20/26 23:47:32] WARNING  High control grad norm: 11.87 at step=219         
                    WARNING  High control grad norm: 11.92 at step=220         
[04/20/26 23:47:33] WARNING  High control grad norm: 12.10 at step=221         
[04/20/26 23:47:34] WARNING  High control grad norm: 11.55 at step=222         
[04/20/26 23:47:35] WARNING  High control grad norm: 11.65 at step=223         
                    WARNING  High control grad norm: 12.00 at step=224         
[04/20/26 23:47:36] WARNING  High control grad norm: 11.65 at step=225         
[04/20/26 23:47:37] WARNING  High control grad norm: 11.57 at step=226         
[04/20/26 23:47:38] WARNING  High control grad norm: 11.48 at step=227         
                    WARNING  High control grad norm: 11.67 at step=228         
[04/20/26 23:47:39] WARNING  High control grad norm: 11.83 at step=229         
[04/20/26 23:47:40] WARNING  High control grad norm: 11.62 at step=230         
                    WARNING  High control grad norm: 11.60 at step=231         
[04/20/26 23:47:41] WARNING  High control grad norm: 11.57 at step=232         
[04/20/26 23:47:42] WARNING  High control grad norm: 11.54 at step=233         
[04/20/26 23:47:43] WARNING  High control grad norm: 11.75 at step=234         
                    WARNING  High control grad norm: 11.67 at step=235         
[04/20/26 23:47:44] WARNING  High control grad norm: 11.71 at step=236         
[04/20/26 23:47:45] WARNING  High control grad norm: 11.82 at step=237         
[04/20/26 23:47:46] WARNING  High control grad norm: 11.42 at step=238         
                    WARNING  High control grad norm: 11.70 at step=239         
[04/20/26 23:47:47] WARNING  High control grad norm: 11.42 at step=240         
[04/20/26 23:47:48] WARNING  High control grad norm: 11.63 at step=241         
[04/20/26 23:47:49] WARNING  High control grad norm: 11.52 at step=242         
                    WARNING  High control grad norm: 11.56 at step=243         
[04/20/26 23:47:50] WARNING  High control grad norm: 11.66 at step=244         
[04/20/26 23:47:51] WARNING  High control grad norm: 11.59 at step=245         
                    WARNING  High control grad norm: 11.42 at step=246         
[04/20/26 23:47:52] WARNING  High control grad norm: 11.39 at step=247         
[04/20/26 23:47:53] WARNING  High control grad norm: 11.78 at step=248         
[04/20/26 23:47:54] WARNING  High control grad norm: 11.94 at step=249         
                    WARNING  High control grad norm: 11.42 at step=250         
[04/20/26 23:47:55] WARNING  High control grad norm: 11.56 at step=251         
[04/20/26 23:47:56] WARNING  High control grad norm: 11.74 at step=252         
[04/20/26 23:47:57] WARNING  High control grad norm: 11.63 at step=253         
                    WARNING  High control grad norm: 11.49 at step=254         
[04/20/26 23:47:58] WARNING  High control grad norm: 11.51 at step=255         
[04/20/26 23:47:59] WARNING  High control grad norm: 11.90 at step=256         
[04/20/26 23:48:00] WARNING  High control grad norm: 11.62 at step=257         
                    WARNING  High control grad norm: 11.55 at step=258         
[04/20/26 23:48:01] WARNING  High control grad norm: 11.48 at step=259         
[04/20/26 23:48:02] WARNING  High control grad norm: 11.55 at step=260         
                    WARNING  High control grad norm: 11.56 at step=261         
[04/20/26 23:48:03] WARNING  High control grad norm: 11.70 at step=262         
[04/20/26 23:48:04] WARNING  High control grad norm: 11.85 at step=263         
[04/20/26 23:48:05] WARNING  High control grad norm: 11.51 at step=264         
                    WARNING  High control grad norm: 11.48 at step=265         
[04/20/26 23:48:06] WARNING  High control grad norm: 11.17 at step=266         
[04/20/26 23:48:07] WARNING  High control grad norm: 11.45 at step=267         
[04/20/26 23:48:08] WARNING  High control grad norm: 11.75 at step=268         
                    WARNING  High control grad norm: 11.33 at step=269         
[04/20/26 23:48:09] WARNING  High control grad norm: 11.50 at step=270         
[04/20/26 23:48:10] WARNING  High control grad norm: 11.65 at step=271         
                    WARNING  High control grad norm: 11.29 at step=272         
[04/20/26 23:48:11] WARNING  High control grad norm: 11.38 at step=273         
[04/20/26 23:48:12] WARNING  High control grad norm: 11.19 at step=274         
[04/20/26 23:48:13] WARNING  High control grad norm: 11.35 at step=275         
                    WARNING  High control grad norm: 11.30 at step=276         
[04/20/26 23:48:14] WARNING  High control grad norm: 11.58 at step=277         
[04/20/26 23:48:15] WARNING  High control grad norm: 11.26 at step=278         
[04/20/26 23:48:16] WARNING  High control grad norm: 11.36 at step=279         
                    WARNING  High control grad norm: 11.34 at step=280         
[04/20/26 23:48:17] WARNING  High control grad norm: 11.40 at step=281         
[04/20/26 23:48:18] WARNING  High control grad norm: 11.38 at step=282         
                    WARNING  High control grad norm: 11.21 at step=283         
[04/20/26 23:48:19] WARNING  High control grad norm: 11.11 at step=284         
[04/20/26 23:48:20] WARNING  High control grad norm: 11.14 at step=285         
[04/20/26 23:48:21] WARNING  High control grad norm: 11.25 at step=286         
                    WARNING  High control grad norm: 11.32 at step=287         
[04/20/26 23:48:22] WARNING  High control grad norm: 11.37 at step=288         
[04/20/26 23:48:23] WARNING  High control grad norm: 11.33 at step=289         
[04/20/26 23:48:24] WARNING  High control grad norm: 11.15 at step=290         
                    WARNING  High control grad norm: 11.26 at step=291         
[04/20/26 23:48:25] WARNING  High control grad norm: 11.00 at step=292         
[04/20/26 23:48:26] WARNING  High control grad norm: 11.56 at step=293         
                    WARNING  High control grad norm: 11.32 at step=294         
[04/20/26 23:48:27] WARNING  High control grad norm: 11.40 at step=295         
[04/20/26 23:48:28] WARNING  High control grad norm: 11.35 at step=296         
[04/20/26 23:48:29] WARNING  High control grad norm: 11.47 at step=297         
                    WARNING  High control grad norm: 11.07 at step=298         
[04/20/26 23:48:30] WARNING  High control grad norm: 11.28 at step=299         
                    INFO     epoch=2 step=300 loss=271.0639 dsm=270.4343       
                             control=0.0266 path_kl=6.2067 jar=-18.7659        
                             quality=0.8654                                    
[04/20/26 23:48:31] WARNING  High control grad norm: 11.31 at step=300         
[04/20/26 23:48:32] WARNING  High control grad norm: 11.42 at step=301         
                    WARNING  High control grad norm: 11.58 at step=302         
[04/20/26 23:48:33] WARNING  High control grad norm: 11.15 at step=303         
[04/20/26 23:48:34] WARNING  High control grad norm: 11.07 at step=304         
                    WARNING  High control grad norm: 11.32 at step=305         
[04/20/26 23:48:35] WARNING  High control grad norm: 11.36 at step=306         
[04/20/26 23:48:36] WARNING  High control grad norm: 11.44 at step=307         
[04/20/26 23:48:37] WARNING  High control grad norm: 11.18 at step=308         
                    WARNING  High control grad norm: 11.21 at step=309         
[04/20/26 23:48:38] WARNING  High control grad norm: 11.21 at step=310         
[04/20/26 23:48:39] WARNING  High control grad norm: 10.98 at step=311         
[04/20/26 23:48:40] WARNING  High control grad norm: 11.18 at step=312         
                    WARNING  High control grad norm: 22.53 at step=313         
                    INFO     epoch=2 done                                      
                    INFO     epoch=2 diag: cos_sim=-0.0004 ctrl_mag=2.7568     
                             score_mag=17.0576 ratio=0.1616                    
[04/20/26 23:48:41] WARNING  High control grad norm: 10.99 at step=314         
                    WARNING  High control grad norm: 11.43 at step=315         
[04/20/26 23:48:42] WARNING  High control grad norm: 11.37 at step=316         
[04/20/26 23:48:43] WARNING  High control grad norm: 11.11 at step=317         
[04/20/26 23:48:44] WARNING  High control grad norm: 11.13 at step=318         
                    WARNING  High control grad norm: 11.44 at step=319         
[04/20/26 23:48:45] WARNING  High control grad norm: 10.88 at step=320         
[04/20/26 23:48:46] WARNING  High control grad norm: 11.02 at step=321         
                    WARNING  High control grad norm: 11.07 at step=322         
[04/20/26 23:48:47] WARNING  High control grad norm: 11.28 at step=323         
[04/20/26 23:48:48] WARNING  High control grad norm: 11.31 at step=324         
[04/20/26 23:48:49] WARNING  High control grad norm: 10.87 at step=325         
                    WARNING  High control grad norm: 10.93 at step=326         
[04/20/26 23:48:50] WARNING  High control grad norm: 11.18 at step=327         
[04/20/26 23:48:51] WARNING  High control grad norm: 10.83 at step=328         
[04/20/26 23:48:52] WARNING  High control grad norm: 11.16 at step=329         
                    WARNING  High control grad norm: 10.96 at step=330         
[04/20/26 23:48:53] WARNING  High control grad norm: 10.81 at step=331         
[04/20/26 23:48:54] WARNING  High control grad norm: 11.18 at step=332         
[04/20/26 23:48:55] WARNING  High control grad norm: 10.89 at step=333         
                    WARNING  High control grad norm: 10.95 at step=334         
[04/20/26 23:48:56] WARNING  High control grad norm: 10.86 at step=335         
[04/20/26 23:48:57] WARNING  High control grad norm: 11.11 at step=336         
                    WARNING  High control grad norm: 10.85 at step=337         
[04/20/26 23:48:58] WARNING  High control grad norm: 10.86 at step=338         
[04/20/26 23:48:59] WARNING  High control grad norm: 11.03 at step=339         
[04/20/26 23:49:00] WARNING  High control grad norm: 10.78 at step=340         
                    WARNING  High control grad norm: 11.09 at step=341         
[04/20/26 23:49:01] WARNING  High control grad norm: 11.10 at step=342         
[04/20/26 23:49:02] WARNING  High control grad norm: 10.76 at step=343         
[04/20/26 23:49:03] WARNING  High control grad norm: 10.76 at step=344         
                    WARNING  High control grad norm: 10.76 at step=345         
[04/20/26 23:49:04] WARNING  High control grad norm: 10.66 at step=346         
[04/20/26 23:49:05] WARNING  High control grad norm: 10.84 at step=347         
[04/20/26 23:49:06] WARNING  High control grad norm: 10.87 at step=348         
                    WARNING  High control grad norm: 10.64 at step=349         
[04/20/26 23:49:07] WARNING  High control grad norm: 10.75 at step=350         
[04/20/26 23:49:08] WARNING  High control grad norm: 10.78 at step=351         
                    WARNING  High control grad norm: 10.64 at step=352         
[04/20/26 23:49:09] WARNING  High control grad norm: 10.79 at step=353         
[04/20/26 23:49:10] WARNING  High control grad norm: 10.59 at step=354         
[04/20/26 23:49:11] WARNING  High control grad norm: 10.80 at step=355         
                    WARNING  High control grad norm: 11.02 at step=356         
[04/20/26 23:49:12] WARNING  High control grad norm: 11.00 at step=357         
[04/20/26 23:49:13] WARNING  High control grad norm: 10.96 at step=358         
[04/20/26 23:49:14] WARNING  High control grad norm: 11.09 at step=359         
                    WARNING  High control grad norm: 10.67 at step=360         
[04/20/26 23:49:15] WARNING  High control grad norm: 11.03 at step=361         
[04/20/26 23:49:16] WARNING  High control grad norm: 10.92 at step=362         
                    WARNING  High control grad norm: 10.52 at step=363         
[04/20/26 23:49:17] WARNING  High control grad norm: 11.11 at step=364         
[04/20/26 23:49:18] WARNING  High control grad norm: 11.17 at step=365         
[04/20/26 23:49:19] WARNING  High control grad norm: 10.64 at step=366         
                    WARNING  High control grad norm: 10.94 at step=367         
[04/20/26 23:49:20] WARNING  High control grad norm: 11.08 at step=368         
[04/20/26 23:49:21] WARNING  High control grad norm: 10.58 at step=369         
[04/20/26 23:49:22] WARNING  High control grad norm: 10.81 at step=370         
                    WARNING  High control grad norm: 10.76 at step=371         
[04/20/26 23:49:23] WARNING  High control grad norm: 10.73 at step=372         
[04/20/26 23:49:24] WARNING  High control grad norm: 10.82 at step=373         
[04/20/26 23:49:25] WARNING  High control grad norm: 10.47 at step=374         
                    WARNING  High control grad norm: 10.64 at step=375         
[04/20/26 23:49:26] WARNING  High control grad norm: 10.70 at step=376         
[04/20/26 23:49:27] WARNING  High control grad norm: 10.59 at step=377         
                    WARNING  High control grad norm: 10.71 at step=378         
[04/20/26 23:49:28] WARNING  High control grad norm: 10.69 at step=379         
[04/20/26 23:49:29] WARNING  High control grad norm: 10.98 at step=380         
[04/20/26 23:49:30] WARNING  High control grad norm: 10.55 at step=381         
                    WARNING  High control grad norm: 10.46 at step=382         
[04/20/26 23:49:31] WARNING  High control grad norm: 10.75 at step=383         
[04/20/26 23:49:32] WARNING  High control grad norm: 11.07 at step=384         
[04/20/26 23:49:33] WARNING  High control grad norm: 10.93 at step=385         
                    WARNING  High control grad norm: 10.45 at step=386         
[04/20/26 23:49:34] WARNING  High control grad norm: 10.43 at step=387         
[04/20/26 23:49:35] WARNING  High control grad norm: 10.61 at step=388         
[04/20/26 23:49:36] WARNING  High control grad norm: 10.54 at step=389         
                    WARNING  High control grad norm: 10.88 at step=390         
[04/20/26 23:49:37] WARNING  High control grad norm: 10.69 at step=391         
[04/20/26 23:49:38] WARNING  High control grad norm: 10.38 at step=392         
                    WARNING  High control grad norm: 10.62 at step=393         
[04/20/26 23:49:39] WARNING  High control grad norm: 10.60 at step=394         
[04/20/26 23:49:40] WARNING  High control grad norm: 10.67 at step=395         
[04/20/26 23:49:41] WARNING  High control grad norm: 10.59 at step=396         
                    WARNING  High control grad norm: 10.37 at step=397         
[04/20/26 23:49:42] WARNING  High control grad norm: 10.38 at step=398         
[04/20/26 23:49:43] WARNING  High control grad norm: 10.79 at step=399         
                    INFO     epoch=3 step=400 loss=635.9097 dsm=635.0138       
                             control=0.0226 path_kl=8.8680 jar=-19.5346        
                             quality=0.8940                                    
[04/20/26 23:49:44] WARNING  High control grad norm: 10.96 at step=400         
[04/20/26 23:49:47] WARNING  High control grad norm: 10.77 at step=401         
[04/20/26 23:49:51] WARNING  High control grad norm: 10.60 at step=402         
[04/20/26 23:49:58] WARNING  High control grad norm: 10.65 at step=403         
[04/20/26 23:49:59] WARNING  High control grad norm: 10.58 at step=404         
[04/20/26 23:50:00] WARNING  High control grad norm: 10.22 at step=405         
[04/20/26 23:50:02] WARNING  High control grad norm: 10.48 at step=406         
[04/20/26 23:50:03] WARNING  High control grad norm: 10.81 at step=407         
[04/20/26 23:50:05] WARNING  High control grad norm: 10.71 at step=408         
[04/20/26 23:50:06] WARNING  High control grad norm: 10.32 at step=409         
[04/20/26 23:50:07] WARNING  High control grad norm: 10.56 at step=410         
[04/20/26 23:50:09] WARNING  High control grad norm: 10.52 at step=411         
[04/20/26 23:50:10] WARNING  High control grad norm: 10.69 at step=412         
[04/20/26 23:50:12] WARNING  High control grad norm: 10.58 at step=413         
[04/20/26 23:50:13] WARNING  High control grad norm: 10.79 at step=414         
[04/20/26 23:50:15] WARNING  High control grad norm: 10.61 at step=415         
[04/20/26 23:50:16] WARNING  High control grad norm: 10.53 at step=416         
[04/20/26 23:50:17] WARNING  High control grad norm: 10.54 at step=417         
[04/20/26 23:50:19] WARNING  High control grad norm: 10.63 at step=418         
[04/20/26 23:50:20] WARNING  High control grad norm: 10.52 at step=419         
[04/20/26 23:50:21] WARNING  High control grad norm: 10.46 at step=420         
[04/20/26 23:50:23] WARNING  High control grad norm: 10.44 at step=421         
[04/20/26 23:50:24] WARNING  High control grad norm: 10.49 at step=422         
[04/20/26 23:50:26] WARNING  High control grad norm: 10.74 at step=423         
[04/20/26 23:50:27] WARNING  High control grad norm: 10.61 at step=424         
[04/20/26 23:50:29] WARNING  High control grad norm: 10.29 at step=425         
[04/20/26 23:50:30] WARNING  High control grad norm: 10.49 at step=426         
[04/20/26 23:50:31] WARNING  High control grad norm: 10.16 at step=427         
[04/20/26 23:50:33] WARNING  High control grad norm: 10.32 at step=428         
[04/20/26 23:50:34] WARNING  High control grad norm: 10.57 at step=429         
[04/20/26 23:50:36] WARNING  High control grad norm: 10.31 at step=430         
[04/20/26 23:50:37] WARNING  High control grad norm: 10.45 at step=431         
[04/20/26 23:50:38] WARNING  High control grad norm: 10.35 at step=432         
[04/20/26 23:50:40] WARNING  High control grad norm: 10.46 at step=433         
[04/20/26 23:50:41] WARNING  High control grad norm: 10.42 at step=434         
[04/20/26 23:50:43] WARNING  High control grad norm: 10.27 at step=435         
[04/20/26 23:50:44] WARNING  High control grad norm: 10.30 at step=436         
[04/20/26 23:50:46] WARNING  High control grad norm: 10.19 at step=437         
[04/20/26 23:50:47] WARNING  High control grad norm: 10.50 at step=438         
[04/20/26 23:50:48] WARNING  High control grad norm: 10.28 at step=439         
[04/20/26 23:50:50] WARNING  High control grad norm: 10.55 at step=440         
[04/20/26 23:50:51] WARNING  High control grad norm: 10.16 at step=441         
[04/20/26 23:50:53] WARNING  High control grad norm: 10.31 at step=442         
[04/20/26 23:50:54] WARNING  High control grad norm: 10.22 at step=443         
[04/20/26 23:50:55] WARNING  High control grad norm: 10.33 at step=444         
[04/20/26 23:50:57] WARNING  High control grad norm: 10.42 at step=445         
[04/20/26 23:50:58] WARNING  High control grad norm: 10.54 at step=446         
[04/20/26 23:51:00] WARNING  High control grad norm: 10.07 at step=447         
[04/20/26 23:51:01] WARNING  High control grad norm: 10.41 at step=448         
[04/20/26 23:51:02] WARNING  High control grad norm: 10.35 at step=449         
[04/20/26 23:51:04] WARNING  High control grad norm: 10.26 at step=450         
[04/20/26 23:51:05] WARNING  High control grad norm: 10.38 at step=451         
[04/20/26 23:51:07] WARNING  High control grad norm: 10.44 at step=452         
[04/20/26 23:51:08] WARNING  High control grad norm: 10.18 at step=453         
[04/20/26 23:51:09] WARNING  High control grad norm: 10.54 at step=454         
[04/20/26 23:51:11] WARNING  High control grad norm: 10.17 at step=455         
[04/20/26 23:51:12] WARNING  High control grad norm: 10.34 at step=456         
[04/20/26 23:51:14] WARNING  High control grad norm: 10.41 at step=457         
[04/20/26 23:51:15] WARNING  High control grad norm: 10.35 at step=458         
[04/20/26 23:51:16] WARNING  High control grad norm: 10.48 at step=459         
[04/20/26 23:51:18] WARNING  High control grad norm: 10.24 at step=460         
[04/20/26 23:51:19] WARNING  High control grad norm: 10.28 at step=461         
[04/20/26 23:51:21] WARNING  High control grad norm: 10.14 at step=462         
[04/20/26 23:51:22] WARNING  High control grad norm: 10.38 at step=463         
[04/20/26 23:51:23] WARNING  High control grad norm: 10.30 at step=464         
[04/20/26 23:51:25] WARNING  High control grad norm: 10.32 at step=465         
[04/20/26 23:51:26] WARNING  High control grad norm: 10.18 at step=466         
[04/20/26 23:51:27] WARNING  High control grad norm: 10.11 at step=467         
[04/20/26 23:51:30] WARNING  High control grad norm: 10.06 at step=469         
[04/20/26 23:51:31] WARNING  High control grad norm: 20.47 at step=470         
                    INFO     epoch=3 done                                      
                    INFO     epoch=3 diag: cos_sim=0.0015 ctrl_mag=2.3789      
                             score_mag=17.0576 ratio=0.1395                    
[04/20/26 23:51:32] WARNING  High control grad norm: 10.25 at step=471         
[04/20/26 23:51:33] WARNING  High control grad norm: 10.58 at step=472         
[04/20/26 23:51:35] WARNING  High control grad norm: 10.17 at step=473         
[04/20/26 23:51:36] WARNING  High control grad norm: 10.54 at step=474         
[04/20/26 23:51:38] WARNING  High control grad norm: 10.30 at step=475         
[04/20/26 23:51:39] WARNING  High control grad norm: 10.19 at step=476         
[04/20/26 23:51:40] WARNING  High control grad norm: 10.27 at step=477         
[04/20/26 23:51:45] WARNING  High control grad norm: 10.31 at step=480         
[04/20/26 23:51:46] WARNING  High control grad norm: 10.07 at step=481         
[04/20/26 23:51:47] WARNING  High control grad norm: 10.15 at step=482         
[04/20/26 23:51:49] WARNING  High control grad norm: 10.27 at step=483         
[04/20/26 23:51:50] WARNING  High control grad norm: 10.08 at step=484         
[04/20/26 23:51:52] WARNING  High control grad norm: 10.09 at step=485         
[04/20/26 23:51:53] WARNING  High control grad norm: 10.33 at step=486         
[04/20/26 23:51:56] WARNING  High control grad norm: 10.15 at step=488         
[04/20/26 23:51:58] WARNING  High control grad norm: 10.49 at step=490         
[04/20/26 23:52:00] WARNING  High control grad norm: 10.34 at step=491         
[04/20/26 23:52:01] WARNING  High control grad norm: 10.13 at step=492         
[04/20/26 23:52:03] WARNING  High control grad norm: 10.44 at step=493         
[04/20/26 23:52:04] WARNING  High control grad norm: 10.03 at step=494         
[04/20/26 23:52:05] WARNING  High control grad norm: 10.14 at step=495         
[04/20/26 23:52:07] WARNING  High control grad norm: 10.05 at step=496         
[04/20/26 23:52:08] WARNING  High control grad norm: 10.37 at step=497         
[04/20/26 23:52:11] WARNING  High control grad norm: 10.05 at step=499         
                    INFO     epoch=4 step=500 loss=691.2070 dsm=690.4979       
                             control=0.0194 path_kl=7.0061 jar=-13.4139        
                             quality=0.8331                                    
[04/20/26 23:52:18] WARNING  High control grad norm: 10.16 at step=504         
[04/20/26 23:52:21] WARNING  High control grad norm: 10.16 at step=506         
[04/20/26 23:52:22] WARNING  High control grad norm: 10.18 at step=507         
[04/20/26 23:52:24] WARNING  High control grad norm: 10.09 at step=508         
[04/20/26 23:52:26] WARNING  High control grad norm: 10.02 at step=510         
[04/20/26 23:52:29] WARNING  High control grad norm: 10.03 at step=512         
[04/20/26 23:52:31] WARNING  High control grad norm: 10.01 at step=513         
[04/20/26 23:52:32] WARNING  High control grad norm: 10.06 at step=514         
[04/20/26 23:52:33] WARNING  High control grad norm: 10.01 at step=515         
[04/20/26 23:52:35] WARNING  High control grad norm: 10.09 at step=516         
[04/20/26 23:52:37] WARNING  High control grad norm: 10.07 at step=518         
[04/20/26 23:52:40] WARNING  High control grad norm: 10.03 at step=520         
[04/20/26 23:52:53] WARNING  High control grad norm: 10.22 at step=529         
[04/20/26 23:52:56] WARNING  High control grad norm: 10.06 at step=531         
[04/20/26 23:53:29] WARNING  High control grad norm: 10.04 at step=555         
[04/20/26 23:54:31] INFO     epoch=4 step=600 loss=731.9782 dsm=731.2380       
                             control=0.0167 path_kl=7.3351 jar=-15.5814        
                             quality=0.6466                                    
[04/20/26 23:55:08] WARNING  High control grad norm: 18.27 at step=627         
                    INFO     epoch=4 done                                      
                    INFO     epoch=4 diag: cos_sim=-0.0007 ctrl_mag=2.0937     
                             score_mag=17.0576 ratio=0.1227                    
[04/20/26 23:56:49] INFO     epoch=5 step=700 loss=777.3817 dsm=776.7979       
                             control=0.0147 path_kl=5.7418 jar=-11.1989        
                             quality=0.9491                                    
[04/20/26 23:58:46] WARNING  High control grad norm: 18.01 at step=784         
                    INFO     epoch=5 done                                      
                    INFO     epoch=5 diag: cos_sim=0.0022 ctrl_mag=1.9092      
                             score_mag=17.0576 ratio=0.1119                    
[04/20/26 23:59:07] INFO     epoch=6 step=800 loss=371.0080 dsm=370.4911       
                             control=0.0131 path_kl=5.0830 jar=-9.1386         
                             quality=0.8473                                    
[04/21/26 00:01:28] INFO     epoch=6 step=900 loss=523.0103 dsm=522.5637       
                             control=0.0117 path_kl=4.3880 jar=-10.3793        
                             quality=0.7717                                    
[04/21/26 00:02:26] WARNING  High control grad norm: 17.29 at step=941         
                    INFO     epoch=6 done                                      
                    INFO     epoch=6 diag: cos_sim=0.0020 ctrl_mag=1.7208      
                             score_mag=17.0576 ratio=0.1009                    
[04/21/26 00:03:47] INFO     epoch=7 step=1000 loss=624.1659 dsm=623.7689      
                             control=0.0107 path_kl=3.8811 jar=-10.9895        
                             quality=0.8811                                    
[04/21/26 00:06:04] WARNING  High control grad norm: 16.13 at step=1098        
                    INFO     epoch=7 done                                      
                    INFO     epoch=7 diag: cos_sim=0.0057 ctrl_mag=1.6151      
                             score_mag=17.0576 ratio=0.0947                    
[04/21/26 00:06:06] INFO     epoch=8 step=1100 loss=673.7270 dsm=673.4412      
                             control=0.0094 path_kl=2.7657 jar=-11.4509        
                             quality=0.9103                                    
[04/21/26 00:08:26] INFO     epoch=8 step=1200 loss=805.1506 dsm=804.6219      
                             control=0.0089 path_kl=5.2072 jar=-10.7807        
                             quality=0.7929                                    
[04/21/26 00:09:43] WARNING  High control grad norm: 15.64 at step=1255        
                    INFO     epoch=8 done                                      
                    INFO     epoch=8 diag: cos_sim=0.0005 ctrl_mag=1.4894      
                             score_mag=17.0576 ratio=0.0873                    
[04/21/26 00:10:44] INFO     epoch=9 step=1300 loss=481.5213 dsm=481.2231      
                             control=0.0082 path_kl=2.8959 jar=-9.3242         
                             quality=0.8531                                    
[04/21/26 00:13:04] INFO     epoch=9 step=1400 loss=1128.9279 dsm=1128.6576    
                             control=0.0075 path_kl=2.6267 jar=-6.0640         
                             quality=0.7502                                    
[04/21/26 00:13:21] WARNING  High control grad norm: 14.22 at step=1412        
                    INFO     epoch=9 done                                      
                    INFO     epoch=9 diag: cos_sim=-0.0001 ctrl_mag=1.3902     
                             score_mag=17.0576 ratio=0.0815                    
[04/21/26 00:15:23] INFO     epoch=10 step=1500 loss=476.0120 dsm=475.6935     
                             control=0.0071 path_kl=3.1096 jar=-8.4113         
                             quality=0.7489                                    
[04/21/26 00:16:59] WARNING  High control grad norm: 14.47 at step=1569        
                    INFO     epoch=10 done                                     
                    INFO     epoch=10 diag: cos_sim=0.0000 ctrl_mag=1.2898     
                             score_mag=17.0576 ratio=0.0756                    
[04/21/26 00:17:41] INFO     epoch=11 step=1600 loss=372.0444 dsm=371.8286     
                             control=0.0066 path_kl=2.0610 jar=-4.8868         
                             quality=0.9604                                    
[04/21/26 00:20:01] INFO     epoch=11 step=1700 loss=433.5806 dsm=433.3693     
                             control=0.0063 path_kl=2.0304 jar=-6.1709         
                             quality=0.8140                                    
[04/21/26 00:20:37] WARNING  High control grad norm: 13.96 at step=1726        
                    INFO     epoch=11 done                                     
                    INFO     epoch=11 diag: cos_sim=-0.0020 ctrl_mag=1.2113    
                             score_mag=17.0576 ratio=0.0710                    
[04/21/26 00:22:19] INFO     epoch=12 step=1800 loss=333.9198 dsm=333.6460     
                             control=0.0058 path_kl=2.6415 jar=-6.1566         
                             quality=0.9532                                    
[04/21/26 00:24:15] WARNING  High control grad norm: 13.40 at step=1883        
                    INFO     epoch=12 done                                     
                    INFO     epoch=12 diag: cos_sim=-0.0000 ctrl_mag=1.1629    
                             score_mag=17.0576 ratio=0.0682                    
[04/21/26 00:24:38] INFO     epoch=13 step=1900 loss=504.6848 dsm=504.5273     
                             control=0.0056 path_kl=1.4830 jar=-4.7042         
                             quality=0.9115                                    
[04/21/26 00:26:57] INFO     epoch=13 step=2000 loss=404.1985 dsm=404.0714     
                             control=0.0053 path_kl=1.1962 jar=-4.0487         
                             quality=0.7509                                    
[04/21/26 00:27:53] WARNING  High control grad norm: 13.31 at step=2040        
                    INFO     epoch=13 done                                     
                    INFO     epoch=13 diag: cos_sim=-0.0028 ctrl_mag=1.1404    
                             score_mag=17.0576 ratio=0.0669                    
[04/21/26 00:29:16] INFO     epoch=14 step=2100 loss=383.4788 dsm=383.2894     
                             control=0.0051 path_kl=1.8061 jar=-5.2431         
                             quality=0.8766                                    
[04/21/26 00:31:31] WARNING  High control grad norm: 13.30 at step=2197        
                    INFO     epoch=14 done                                     
                    INFO     epoch=14 diag: cos_sim=-0.0102 ctrl_mag=1.1131    
                             score_mag=17.0576 ratio=0.0653                    
[04/21/26 00:31:34] INFO     epoch=15 step=2200 loss=902.4501 dsm=902.1833     
                             control=0.0049 path_kl=2.5568 jar=-5.1145         
                             quality=1.0990                                    
[04/21/26 00:33:54] INFO     epoch=15 step=2300 loss=438.2158 dsm=437.9548     
                             control=0.0046 path_kl=2.5388 jar=-5.5153         
                             quality=0.7076                                    
[04/21/26 00:35:09] WARNING  High control grad norm: 12.82 at step=2354        
                    INFO     epoch=15 done                                     
                    INFO     epoch=15 diag: cos_sim=-0.0134 ctrl_mag=1.0787    
                             score_mag=17.0576 ratio=0.0632                    
[04/21/26 00:36:12] INFO     epoch=16 step=2400 loss=619.8373 dsm=619.6407     
                             control=0.0044 path_kl=1.8728 jar=-5.1385         
                             quality=0.9303                                    
[04/21/26 00:38:32] INFO     epoch=16 step=2500 loss=417.9227 dsm=417.7296     
                             control=0.0043 path_kl=1.8402 jar=-4.2828         
                             quality=0.9102                                    
[04/21/26 00:38:47] WARNING  High control grad norm: 12.98 at step=2511        
                    INFO     epoch=16 done                                     
                    INFO     epoch=16 diag: cos_sim=-0.0128 ctrl_mag=1.0343    
                             score_mag=17.0576 ratio=0.0606                    
[04/21/26 00:40:51] INFO     epoch=17 step=2600 loss=534.6572 dsm=534.5275     
                             control=0.0041 path_kl=1.2224 jar=-3.5688         
                             quality=0.7434                                    
[04/21/26 00:42:26] WARNING  High control grad norm: 12.01 at step=2668        
                    INFO     epoch=17 done                                     
                    INFO     epoch=17 diag: cos_sim=-0.0147 ctrl_mag=1.0045    
                             score_mag=17.0576 ratio=0.0589                    
[04/21/26 00:43:09] INFO     epoch=18 step=2700 loss=405.1090 dsm=404.9256     
                             control=0.0039 path_kl=1.7566 jar=-4.2462         
                             quality=0.7703                                    
[04/21/26 00:45:29] INFO     epoch=18 step=2800 loss=436.4425 dsm=436.2480     
                             control=0.0037 path_kl=1.8675 jar=-4.1244         
                             quality=0.7791                                    
[04/21/26 00:46:04] WARNING  High control grad norm: 12.26 at step=2825        
                    INFO     epoch=18 done                                     
                    INFO     epoch=18 diag: cos_sim=-0.0189 ctrl_mag=0.9833    
                             score_mag=17.0576 ratio=0.0576                    
[04/21/26 00:47:48] INFO     epoch=19 step=2900 loss=546.3328 dsm=546.1315     
                             control=0.0037 path_kl=1.9391 jar=-3.3176         
                             quality=0.7301                                    
[04/21/26 00:49:43] WARNING  High control grad norm: 12.72 at step=2982        
                    INFO     epoch=19 done                                     
                    INFO     epoch=19 diag: cos_sim=-0.0163 ctrl_mag=0.9501    
                             score_mag=17.0576 ratio=0.0557                    
[04/21/26 00:50:07] INFO     epoch=20 step=3000 loss=490.3420 dsm=490.1205     
                             control=0.0036 path_kl=2.1342 jar=-3.4796         
                             quality=0.8114                                    
[04/21/26 00:52:27] INFO     epoch=20 step=3100 loss=667.0422 dsm=666.9558     
                             control=0.0034 path_kl=0.7888 jar=-2.8181         
                             quality=0.7529                                    
[04/21/26 00:53:21] WARNING  High control grad norm: 12.12 at step=3139        
                    INFO     epoch=20 done                                     
                    INFO     epoch=20 diag: cos_sim=-0.0190 ctrl_mag=0.9255    
                             score_mag=17.0576 ratio=0.0543                    
[04/21/26 00:54:46] INFO     epoch=21 step=3200 loss=257.4689 dsm=257.3005     
                             control=0.0033 path_kl=1.6018 jar=-3.2317         
                             quality=0.8211                                    
[04/21/26 00:57:00] WARNING  High control grad norm: 12.04 at step=3296        
                    INFO     epoch=21 done                                     
                    INFO     epoch=21 diag: cos_sim=-0.0205 ctrl_mag=0.9033    
                             score_mag=17.0576 ratio=0.0530                    
[04/21/26 00:57:04] INFO     epoch=22 step=3300 loss=588.4918 dsm=588.3939     
                             control=0.0032 path_kl=0.8946 jar=-2.6333         
                             quality=0.8351                                    
[04/21/26 00:59:25] INFO     epoch=22 step=3400 loss=459.7467 dsm=459.6028     
                             control=0.0031 path_kl=1.3507 jar=-2.8920         
                             quality=0.8779                                    
[04/21/26 01:00:39] WARNING  High control grad norm: 11.96 at step=3453        
                    INFO     epoch=22 done                                     
                    INFO     epoch=22 diag: cos_sim=-0.0209 ctrl_mag=0.8877    
                             score_mag=17.0576 ratio=0.0520                    
[04/21/26 01:01:43] INFO     epoch=23 step=3500 loss=634.3559 dsm=634.2183     
                             control=0.0032 path_kl=1.2729 jar=-5.3403         
                             quality=1.0228                                    
[04/21/26 01:04:03] INFO     epoch=23 step=3600 loss=418.5420 dsm=418.3556     
                             control=0.0031 path_kl=1.7844 jar=-3.2942         
                             quality=0.7973                                    
[04/21/26 01:04:18] WARNING  High control grad norm: 12.09 at step=3610        
                    INFO     epoch=23 done                                     
                    INFO     epoch=23 diag: cos_sim=-0.0193 ctrl_mag=0.8733    
                             score_mag=17.0576 ratio=0.0512                    
[04/21/26 01:06:22] INFO     epoch=24 step=3700 loss=340.7240 dsm=340.6131     
                             control=0.0031 path_kl=1.0261 jar=-2.7864         
                             quality=0.8254                                    
[04/21/26 01:07:56] WARNING  High control grad norm: 11.98 at step=3767        
                    INFO     epoch=24 done                                     
                    INFO     epoch=24 diag: cos_sim=-0.0173 ctrl_mag=0.8650    
                             score_mag=17.0576 ratio=0.0507                    
[04/21/26 01:08:41] INFO     epoch=25 step=3800 loss=436.8566 dsm=436.6452     
                             control=0.0031 path_kl=2.0332 jar=-3.9885         
                             quality=0.8063                                    
[04/21/26 01:11:01] INFO     epoch=25 step=3900 loss=481.1898 dsm=481.0390     
                             control=0.0029 path_kl=1.4200 jar=-3.2175         
                             quality=0.8794                                    
[04/21/26 01:11:35] WARNING  High control grad norm: 11.60 at step=3924        
                    INFO     epoch=25 done                                     
                    INFO     epoch=25 diag: cos_sim=-0.0169 ctrl_mag=0.8574    
                             score_mag=17.0576 ratio=0.0503                    
[04/21/26 01:13:20] INFO     epoch=26 step=4000 loss=427.4054 dsm=427.2693     
                             control=0.0030 path_kl=1.2798 jar=-2.6263         
                             quality=0.8051                                    
[04/21/26 01:15:13] WARNING  High control grad norm: 11.70 at step=4081        
                    INFO     epoch=26 done                                     
                    INFO     epoch=26 diag: cos_sim=-0.0171 ctrl_mag=0.8524    
                             score_mag=17.0576 ratio=0.0500                    
[04/21/26 01:15:38] INFO     epoch=27 step=4100 loss=274.3605 dsm=274.2133     
                             control=0.0029 path_kl=1.3959 jar=-2.5162         
                             quality=0.7554                                    
[04/21/26 01:17:58] INFO     epoch=27 step=4200 loss=311.8124 dsm=311.7422     
                             control=0.0030 path_kl=0.6246 jar=-3.3657         
                             quality=0.7730                                    
[04/21/26 01:18:51] WARNING  High control grad norm: 11.61 at step=4238        
                    INFO     epoch=27 done                                     
                    INFO     epoch=27 diag: cos_sim=-0.0172 ctrl_mag=0.8487    
                             score_mag=17.0576 ratio=0.0498                    
[04/21/26 01:20:17] INFO     epoch=28 step=4300 loss=828.1443 dsm=828.0253     
                             control=0.0029 path_kl=1.1180 jar=-3.3141         
                             quality=0.7217                                    
[04/21/26 01:22:30] WARNING  High control grad norm: 11.88 at step=4395        
                    INFO     epoch=28 done                                     
                    INFO     epoch=28 diag: cos_sim=-0.0171 ctrl_mag=0.8467    
                             score_mag=17.0576 ratio=0.0496                    
[04/21/26 01:22:35] INFO     epoch=29 step=4400 loss=359.4780 dsm=359.4001     
                             control=0.0029 path_kl=0.6760 jar=-2.6130         
                             quality=1.0223                                    
[04/21/26 01:24:55] INFO     epoch=29 step=4500 loss=688.8074 dsm=688.6841     
                             control=0.0029 path_kl=1.1541 jar=-3.5450         
                             quality=0.7913                                    
[04/21/26 01:26:08] WARNING  High control grad norm: 12.05 at step=4552        
                    INFO     epoch=29 done                                     
                    INFO     epoch=29 diag: cos_sim=-0.0172 ctrl_mag=0.8455    
                             score_mag=17.0576 ratio=0.0496                    
[04/21/26 01:27:13] INFO     epoch=30 step=4600 loss=250.5944 dsm=250.4353     
                             control=0.0029 path_kl=1.5080 jar=-5.1525         
                             quality=0.8213                                    
[04/21/26 01:29:33] INFO     epoch=30 step=4700 loss=237.3968 dsm=237.3459     
                             control=0.0029 path_kl=0.4301 jar=-2.3358         
                             quality=0.7855                                    
[04/21/26 01:29:46] WARNING  High control grad norm: 11.97 at step=4709        
                    INFO     epoch=30 done                                     
                    INFO     epoch=30 diag: cos_sim=-0.0172 ctrl_mag=0.8447    
                             score_mag=17.0576 ratio=0.0495                    
  Evaluating FID for Config D seed=42 (N=5000)... C:\Users\artun\Desktop\ITS-project\.venv\Lib\site-packages\torchmetrics\utilities\prints.py:43: UserWarning: Metric `InceptionScore` will save all extracted features in buffer. For large datasets this may lead to large memory footprint.
  warnings.warn(*args, **kwargs)  # noqa: B028
FID=323.94
  Seed 42 done: dsm=194.6399, FID=323.94

Results -> C:\Users\artun\Desktop\ITS-project\data\results\controlled_config_d_results.json
