2026-04-19 23:06:48,975 INFO Loaded pretrained score backbone from checkpoints/score_fmnist_v2/score_epoch_0050.pt
2026-04-19 23:06:48,981 INFO Score model frozen — only control policy will be trained.
2026-04-19 23:08:10,665 INFO Loaded pretrained score backbone from checkpoints/score_fmnist_v2/score_epoch_0050.pt
2026-04-19 23:08:10,669 INFO Score model frozen — only control policy will be trained.
2026-04-19 23:13:51,101 INFO Loaded pretrained score backbone from checkpoints/score_fmnist_v2/score_epoch_0050.pt
2026-04-19 23:13:51,106 INFO Score model frozen — only control policy will be trained.
2026-04-19 23:13:54,623 WARNING NaN/Inf loss at epoch=1 step=0 (streak=1); skipping batch.
2026-04-19 23:13:58,894 WARNING NaN/Inf loss at epoch=1 step=1 (streak=2); skipping batch.
2026-04-19 23:14:01,522 WARNING NaN/Inf loss at epoch=1 step=2 (streak=3); skipping batch.
2026-04-19 23:14:05,226 WARNING NaN/Inf loss at epoch=1 step=3 (streak=4); skipping batch.
2026-04-19 23:14:07,701 WARNING NaN/Inf loss at epoch=1 step=4 (streak=5); skipping batch.
2026-04-19 23:14:11,417 WARNING NaN/Inf loss at epoch=1 step=5 (streak=6); skipping batch.
2026-04-19 23:14:13,819 WARNING NaN/Inf loss at epoch=1 step=6 (streak=7); skipping batch.
2026-04-19 23:14:17,607 WARNING NaN/Inf loss at epoch=1 step=7 (streak=8); skipping batch.
2026-04-19 23:14:20,037 WARNING NaN/Inf loss at epoch=1 step=8 (streak=9); skipping batch.
2026-04-19 23:14:23,758 WARNING NaN/Inf loss at epoch=1 step=9 (streak=10); skipping batch.
2026-04-19 23:16:22,176 INFO Loaded pretrained score backbone from checkpoints/score_fmnist_v2/score_epoch_0050.pt
2026-04-19 23:16:22,180 INFO Score model frozen — only control policy will be trained.
2026-04-19 23:16:25,740 WARNING High control grad norm: 13.88 at step=0
2026-04-19 23:16:28,938 WARNING High control grad norm: 13.57 at step=1
2026-04-19 23:16:31,878 WARNING High control grad norm: 13.73 at step=2
2026-04-19 23:16:34,801 WARNING High control grad norm: 13.85 at step=3
2026-04-19 23:16:37,769 WARNING High control grad norm: 13.86 at step=4
2026-04-19 23:16:40,736 WARNING High control grad norm: 13.81 at step=5
2026-04-19 23:16:43,662 WARNING High control grad norm: 13.85 at step=6
2026-04-19 23:16:46,601 WARNING High control grad norm: 14.18 at step=7
2026-04-19 23:16:49,560 WARNING High control grad norm: 13.86 at step=8
2026-04-19 23:16:52,509 WARNING High control grad norm: 13.78 at step=9
2026-04-19 23:16:55,443 WARNING High control grad norm: 13.86 at step=10
2026-04-19 23:16:58,404 WARNING High control grad norm: 13.57 at step=11
2026-04-19 23:17:01,336 WARNING High control grad norm: 13.78 at step=12
2026-04-19 23:17:04,297 WARNING High control grad norm: 13.75 at step=13
2026-04-19 23:17:07,308 WARNING High control grad norm: 13.79 at step=14
2026-04-19 23:17:10,249 WARNING High control grad norm: 13.57 at step=15
2026-04-19 23:17:13,168 WARNING High control grad norm: 13.89 at step=16
2026-04-19 23:17:16,110 WARNING High control grad norm: 13.84 at step=17
2026-04-19 23:17:19,062 WARNING High control grad norm: 13.99 at step=18
2026-04-19 23:17:21,993 WARNING High control grad norm: 13.93 at step=19
2026-04-19 23:17:24,997 WARNING High control grad norm: 13.76 at step=20
2026-04-19 23:17:27,937 WARNING High control grad norm: 14.03 at step=21
2026-04-19 23:17:30,875 WARNING High control grad norm: 13.95 at step=22
2026-04-19 23:17:33,822 WARNING High control grad norm: 13.79 at step=23
2026-04-19 23:17:36,742 WARNING High control grad norm: 13.72 at step=24
2026-04-19 23:17:39,675 WARNING High control grad norm: 13.50 at step=25
2026-04-19 23:17:42,614 WARNING High control grad norm: 13.72 at step=26
2026-04-19 23:17:45,560 WARNING High control grad norm: 13.64 at step=27
2026-04-19 23:17:48,585 WARNING High control grad norm: 13.60 at step=28
2026-04-19 23:17:51,674 WARNING High control grad norm: 13.73 at step=29
2026-04-19 23:17:54,685 WARNING High control grad norm: 13.40 at step=30
2026-04-19 23:17:57,738 WARNING High control grad norm: 13.38 at step=31
2026-04-19 23:18:00,750 WARNING High control grad norm: 13.45 at step=32
2026-04-19 23:18:03,837 WARNING High control grad norm: 13.48 at step=33
2026-04-19 23:18:06,855 WARNING High control grad norm: 13.38 at step=34
2026-04-19 23:18:09,847 WARNING High control grad norm: 13.36 at step=35
2026-04-19 23:18:12,857 WARNING High control grad norm: 13.35 at step=36
2026-04-19 23:18:15,854 WARNING High control grad norm: 13.58 at step=37
2026-04-19 23:18:18,933 WARNING High control grad norm: 13.31 at step=38
2026-04-19 23:18:21,960 WARNING High control grad norm: 13.46 at step=39
2026-04-19 23:18:24,970 WARNING High control grad norm: 13.34 at step=40
2026-04-20 23:44:50,464 INFO Loaded pretrained score backbone from checkpoints/score_fmnist_v2/score_epoch_0050.pt
2026-04-20 23:44:50,475 INFO Score model frozen — only control policy will be trained.
2026-04-20 23:44:54,697 WARNING High control grad norm: 13.88 at step=0
2026-04-20 23:44:55,652 WARNING High control grad norm: 13.55 at step=1
2026-04-20 23:44:56,343 WARNING High control grad norm: 13.72 at step=2
2026-04-20 23:44:57,037 WARNING High control grad norm: 13.84 at step=3
2026-04-20 23:44:57,727 WARNING High control grad norm: 13.85 at step=4
2026-04-20 23:44:58,418 WARNING High control grad norm: 13.80 at step=5
2026-04-20 23:44:59,115 WARNING High control grad norm: 13.84 at step=6
2026-04-20 23:44:59,811 WARNING High control grad norm: 14.18 at step=7
2026-04-20 23:45:00,510 WARNING High control grad norm: 13.84 at step=8
2026-04-20 23:45:01,214 WARNING High control grad norm: 13.79 at step=9
2026-04-20 23:45:01,916 WARNING High control grad norm: 13.85 at step=10
2026-04-20 23:45:02,617 WARNING High control grad norm: 13.57 at step=11
2026-04-20 23:45:03,317 WARNING High control grad norm: 13.78 at step=12
2026-04-20 23:45:04,014 WARNING High control grad norm: 13.74 at step=13
2026-04-20 23:45:04,712 WARNING High control grad norm: 13.77 at step=14
2026-04-20 23:45:05,419 WARNING High control grad norm: 13.55 at step=15
2026-04-20 23:45:06,126 WARNING High control grad norm: 13.87 at step=16
2026-04-20 23:45:06,845 WARNING High control grad norm: 13.83 at step=17
2026-04-20 23:45:07,556 WARNING High control grad norm: 13.96 at step=18
2026-04-20 23:45:08,267 WARNING High control grad norm: 13.91 at step=19
2026-04-20 23:45:08,975 WARNING High control grad norm: 13.75 at step=20
2026-04-20 23:45:09,682 WARNING High control grad norm: 14.02 at step=21
2026-04-20 23:45:10,390 WARNING High control grad norm: 13.93 at step=22
2026-04-20 23:45:11,097 WARNING High control grad norm: 13.77 at step=23
2026-04-20 23:45:11,803 WARNING High control grad norm: 13.72 at step=24
2026-04-20 23:45:12,512 WARNING High control grad norm: 13.49 at step=25
2026-04-20 23:45:13,222 WARNING High control grad norm: 13.70 at step=26
2026-04-20 23:45:13,932 WARNING High control grad norm: 13.60 at step=27
2026-04-20 23:45:14,644 WARNING High control grad norm: 13.58 at step=28
2026-04-20 23:45:15,355 WARNING High control grad norm: 13.74 at step=29
2026-04-20 23:45:16,061 WARNING High control grad norm: 13.40 at step=30
2026-04-20 23:45:16,770 WARNING High control grad norm: 13.38 at step=31
2026-04-20 23:45:17,477 WARNING High control grad norm: 13.44 at step=32
2026-04-20 23:45:18,193 WARNING High control grad norm: 13.46 at step=33
2026-04-20 23:45:18,901 WARNING High control grad norm: 13.37 at step=34
2026-04-20 23:45:19,620 WARNING High control grad norm: 13.34 at step=35
2026-04-20 23:45:20,329 WARNING High control grad norm: 13.34 at step=36
2026-04-20 23:45:21,043 WARNING High control grad norm: 13.59 at step=37
2026-04-20 23:45:21,750 WARNING High control grad norm: 13.31 at step=38
2026-04-20 23:45:22,461 WARNING High control grad norm: 13.47 at step=39
2026-04-20 23:45:23,181 WARNING High control grad norm: 13.31 at step=40
2026-04-20 23:45:23,893 WARNING High control grad norm: 13.31 at step=41
2026-04-20 23:45:24,610 WARNING High control grad norm: 13.20 at step=42
2026-04-20 23:45:25,318 WARNING High control grad norm: 13.56 at step=43
2026-04-20 23:45:26,026 WARNING High control grad norm: 13.52 at step=44
2026-04-20 23:45:26,740 WARNING High control grad norm: 13.55 at step=45
2026-04-20 23:45:27,467 WARNING High control grad norm: 13.35 at step=46
2026-04-20 23:45:28,178 WARNING High control grad norm: 13.69 at step=47
2026-04-20 23:45:28,892 WARNING High control grad norm: 13.66 at step=48
2026-04-20 23:45:29,606 WARNING High control grad norm: 13.13 at step=49
2026-04-20 23:45:30,327 WARNING High control grad norm: 13.30 at step=50
2026-04-20 23:45:31,043 WARNING High control grad norm: 13.43 at step=51
2026-04-20 23:45:31,757 WARNING High control grad norm: 12.92 at step=52
2026-04-20 23:45:32,470 WARNING High control grad norm: 12.81 at step=53
2026-04-20 23:45:33,180 WARNING High control grad norm: 13.47 at step=54
2026-04-20 23:45:33,893 WARNING High control grad norm: 13.62 at step=55
2026-04-20 23:45:34,606 WARNING High control grad norm: 13.18 at step=56
2026-04-20 23:45:35,317 WARNING High control grad norm: 13.09 at step=57
2026-04-20 23:45:36,033 WARNING High control grad norm: 13.46 at step=58
2026-04-20 23:45:36,748 WARNING High control grad norm: 13.28 at step=59
2026-04-20 23:45:37,460 WARNING High control grad norm: 13.64 at step=60
2026-04-20 23:45:38,173 WARNING High control grad norm: 13.19 at step=61
2026-04-20 23:45:38,891 WARNING High control grad norm: 13.40 at step=62
2026-04-20 23:45:39,601 WARNING High control grad norm: 13.25 at step=63
2026-04-20 23:45:40,317 WARNING High control grad norm: 12.99 at step=64
2026-04-20 23:45:41,030 WARNING High control grad norm: 13.34 at step=65
2026-04-20 23:45:41,748 WARNING High control grad norm: 13.52 at step=66
2026-04-20 23:45:42,467 WARNING High control grad norm: 13.46 at step=67
2026-04-20 23:45:43,189 WARNING High control grad norm: 12.89 at step=68
2026-04-20 23:45:43,904 WARNING High control grad norm: 13.18 at step=69
2026-04-20 23:45:44,620 WARNING High control grad norm: 13.29 at step=70
2026-04-20 23:45:45,350 WARNING High control grad norm: 13.17 at step=71
2026-04-20 23:45:46,064 WARNING High control grad norm: 13.16 at step=72
2026-04-20 23:45:46,777 WARNING High control grad norm: 13.04 at step=73
2026-04-20 23:45:47,493 WARNING High control grad norm: 13.03 at step=74
2026-04-20 23:45:48,213 WARNING High control grad norm: 13.41 at step=75
2026-04-20 23:45:48,930 WARNING High control grad norm: 12.87 at step=76
2026-04-20 23:45:49,644 WARNING High control grad norm: 12.86 at step=77
2026-04-20 23:45:50,362 WARNING High control grad norm: 13.47 at step=78
2026-04-20 23:45:51,071 WARNING High control grad norm: 13.08 at step=79
2026-04-20 23:45:51,783 WARNING High control grad norm: 13.16 at step=80
2026-04-20 23:45:52,501 WARNING High control grad norm: 13.50 at step=81
2026-04-20 23:45:53,224 WARNING High control grad norm: 13.13 at step=82
2026-04-20 23:45:53,940 WARNING High control grad norm: 13.12 at step=83
2026-04-20 23:45:54,665 WARNING High control grad norm: 12.99 at step=84
2026-04-20 23:45:55,386 WARNING High control grad norm: 12.79 at step=85
2026-04-20 23:45:56,098 WARNING High control grad norm: 12.67 at step=86
2026-04-20 23:45:56,815 WARNING High control grad norm: 13.00 at step=87
2026-04-20 23:45:57,540 WARNING High control grad norm: 13.23 at step=88
2026-04-20 23:45:58,257 WARNING High control grad norm: 12.91 at step=89
2026-04-20 23:45:58,977 WARNING High control grad norm: 12.82 at step=90
2026-04-20 23:45:59,695 WARNING High control grad norm: 12.75 at step=91
2026-04-20 23:46:00,415 WARNING High control grad norm: 12.98 at step=92
2026-04-20 23:46:01,134 WARNING High control grad norm: 12.94 at step=93
2026-04-20 23:46:01,852 WARNING High control grad norm: 12.79 at step=94
2026-04-20 23:46:02,571 WARNING High control grad norm: 12.90 at step=95
2026-04-20 23:46:03,297 WARNING High control grad norm: 12.59 at step=96
2026-04-20 23:46:04,021 WARNING High control grad norm: 12.64 at step=97
2026-04-20 23:46:04,739 WARNING High control grad norm: 12.82 at step=98
2026-04-20 23:46:05,459 WARNING High control grad norm: 12.89 at step=99
2026-04-20 23:46:05,462 INFO epoch=1 step=100 loss=591.3157 dsm=589.7297 control=0.0401 path_kl=15.7559 jar=-29.0339 quality=1.0068
2026-04-20 23:46:06,186 WARNING High control grad norm: 12.47 at step=100
2026-04-20 23:46:06,905 WARNING High control grad norm: 13.10 at step=101
2026-04-20 23:46:07,620 WARNING High control grad norm: 13.00 at step=102
2026-04-20 23:46:08,338 WARNING High control grad norm: 12.65 at step=103
2026-04-20 23:46:09,065 WARNING High control grad norm: 12.92 at step=104
2026-04-20 23:46:09,785 WARNING High control grad norm: 12.70 at step=105
2026-04-20 23:46:10,508 WARNING High control grad norm: 12.62 at step=106
2026-04-20 23:46:11,227 WARNING High control grad norm: 13.10 at step=107
2026-04-20 23:46:11,946 WARNING High control grad norm: 12.73 at step=108
2026-04-20 23:46:12,660 WARNING High control grad norm: 12.77 at step=109
2026-04-20 23:46:13,375 WARNING High control grad norm: 12.60 at step=110
2026-04-20 23:46:14,109 WARNING High control grad norm: 12.58 at step=111
2026-04-20 23:46:14,833 WARNING High control grad norm: 12.49 at step=112
2026-04-20 23:46:15,556 WARNING High control grad norm: 12.74 at step=113
2026-04-20 23:46:16,274 WARNING High control grad norm: 12.40 at step=114
2026-04-20 23:46:16,995 WARNING High control grad norm: 12.90 at step=115
2026-04-20 23:46:17,712 WARNING High control grad norm: 12.72 at step=116
2026-04-20 23:46:18,433 WARNING High control grad norm: 12.66 at step=117
2026-04-20 23:46:19,153 WARNING High control grad norm: 12.82 at step=118
2026-04-20 23:46:19,882 WARNING High control grad norm: 12.90 at step=119
2026-04-20 23:46:20,601 WARNING High control grad norm: 12.77 at step=120
2026-04-20 23:46:21,319 WARNING High control grad norm: 12.64 at step=121
2026-04-20 23:46:22,033 WARNING High control grad norm: 12.77 at step=122
2026-04-20 23:46:22,756 WARNING High control grad norm: 12.58 at step=123
2026-04-20 23:46:23,475 WARNING High control grad norm: 12.57 at step=124
2026-04-20 23:46:24,197 WARNING High control grad norm: 12.53 at step=125
2026-04-20 23:46:24,913 WARNING High control grad norm: 12.48 at step=126
2026-04-20 23:46:25,629 WARNING High control grad norm: 12.54 at step=127
2026-04-20 23:46:26,346 WARNING High control grad norm: 12.67 at step=128
2026-04-20 23:46:27,071 WARNING High control grad norm: 12.42 at step=129
2026-04-20 23:46:27,791 WARNING High control grad norm: 12.62 at step=130
2026-04-20 23:46:28,513 WARNING High control grad norm: 12.57 at step=131
2026-04-20 23:46:29,243 WARNING High control grad norm: 12.44 at step=132
2026-04-20 23:46:29,965 WARNING High control grad norm: 12.71 at step=133
2026-04-20 23:46:30,684 WARNING High control grad norm: 12.41 at step=134
2026-04-20 23:46:31,402 WARNING High control grad norm: 12.19 at step=135
2026-04-20 23:46:32,123 WARNING High control grad norm: 12.73 at step=136
2026-04-20 23:46:32,840 WARNING High control grad norm: 12.86 at step=137
2026-04-20 23:46:33,556 WARNING High control grad norm: 12.55 at step=138
2026-04-20 23:46:34,286 WARNING High control grad norm: 12.73 at step=139
2026-04-20 23:46:35,007 WARNING High control grad norm: 12.44 at step=140
2026-04-20 23:46:35,726 WARNING High control grad norm: 12.56 at step=141
2026-04-20 23:46:36,460 WARNING High control grad norm: 12.31 at step=142
2026-04-20 23:46:37,182 WARNING High control grad norm: 12.54 at step=143
2026-04-20 23:46:37,901 WARNING High control grad norm: 12.38 at step=144
2026-04-20 23:46:38,626 WARNING High control grad norm: 12.18 at step=145
2026-04-20 23:46:39,347 WARNING High control grad norm: 12.33 at step=146
2026-04-20 23:46:40,068 WARNING High control grad norm: 12.58 at step=147
2026-04-20 23:46:40,788 WARNING High control grad norm: 12.43 at step=148
2026-04-20 23:46:41,510 WARNING High control grad norm: 12.35 at step=149
2026-04-20 23:46:42,230 WARNING High control grad norm: 12.39 at step=150
2026-04-20 23:46:42,947 WARNING High control grad norm: 12.33 at step=151
2026-04-20 23:46:43,667 WARNING High control grad norm: 12.56 at step=152
2026-04-20 23:46:44,386 WARNING High control grad norm: 12.38 at step=153
2026-04-20 23:46:45,116 WARNING High control grad norm: 12.35 at step=154
2026-04-20 23:46:45,834 WARNING High control grad norm: 12.39 at step=155
2026-04-20 23:46:46,172 WARNING High control grad norm: 24.95 at step=156
2026-04-20 23:46:46,175 INFO epoch=1 done
2026-04-20 23:46:46,204 INFO epoch=1 diag: cos_sim=0.0025 ctrl_mag=3.3398 score_mag=17.0576 ratio=0.1958
2026-04-20 23:46:46,934 WARNING High control grad norm: 12.27 at step=157
2026-04-20 23:46:47,659 WARNING High control grad norm: 12.24 at step=158
2026-04-20 23:46:48,378 WARNING High control grad norm: 12.32 at step=159
2026-04-20 23:46:49,103 WARNING High control grad norm: 12.36 at step=160
2026-04-20 23:46:49,831 WARNING High control grad norm: 12.22 at step=161
2026-04-20 23:46:50,551 WARNING High control grad norm: 12.27 at step=162
2026-04-20 23:46:51,269 WARNING High control grad norm: 12.22 at step=163
2026-04-20 23:46:51,992 WARNING High control grad norm: 12.31 at step=164
2026-04-20 23:46:52,716 WARNING High control grad norm: 12.46 at step=165
2026-04-20 23:46:53,445 WARNING High control grad norm: 11.98 at step=166
2026-04-20 23:46:54,167 WARNING High control grad norm: 12.25 at step=167
2026-04-20 23:46:54,909 WARNING High control grad norm: 12.50 at step=168
2026-04-20 23:46:55,629 WARNING High control grad norm: 12.27 at step=169
2026-04-20 23:46:56,357 WARNING High control grad norm: 11.96 at step=170
2026-04-20 23:46:57,082 WARNING High control grad norm: 11.99 at step=171
2026-04-20 23:46:57,800 WARNING High control grad norm: 12.30 at step=172
2026-04-20 23:46:58,521 WARNING High control grad norm: 12.09 at step=173
2026-04-20 23:46:59,242 WARNING High control grad norm: 12.34 at step=174
2026-04-20 23:46:59,989 WARNING High control grad norm: 12.23 at step=175
2026-04-20 23:47:00,743 WARNING High control grad norm: 12.09 at step=176
2026-04-20 23:47:01,470 WARNING High control grad norm: 12.36 at step=177
2026-04-20 23:47:02,197 WARNING High control grad norm: 12.06 at step=178
2026-04-20 23:47:02,916 WARNING High control grad norm: 12.22 at step=179
2026-04-20 23:47:03,643 WARNING High control grad norm: 12.28 at step=180
2026-04-20 23:47:04,361 WARNING High control grad norm: 12.43 at step=181
2026-04-20 23:47:05,084 WARNING High control grad norm: 12.32 at step=182
2026-04-20 23:47:05,809 WARNING High control grad norm: 12.28 at step=183
2026-04-20 23:47:06,535 WARNING High control grad norm: 11.88 at step=184
2026-04-20 23:47:07,260 WARNING High control grad norm: 11.87 at step=185
2026-04-20 23:47:07,984 WARNING High control grad norm: 12.37 at step=186
2026-04-20 23:47:08,706 WARNING High control grad norm: 12.03 at step=187
2026-04-20 23:47:09,428 WARNING High control grad norm: 12.16 at step=188
2026-04-20 23:47:10,152 WARNING High control grad norm: 11.92 at step=189
2026-04-20 23:47:10,887 WARNING High control grad norm: 12.20 at step=190
2026-04-20 23:47:11,616 WARNING High control grad norm: 12.16 at step=191
2026-04-20 23:47:12,341 WARNING High control grad norm: 12.09 at step=192
2026-04-20 23:47:13,063 WARNING High control grad norm: 11.88 at step=193
2026-04-20 23:47:13,786 WARNING High control grad norm: 11.73 at step=194
2026-04-20 23:47:14,507 WARNING High control grad norm: 12.09 at step=195
2026-04-20 23:47:15,235 WARNING High control grad norm: 11.91 at step=196
2026-04-20 23:47:15,962 WARNING High control grad norm: 11.93 at step=197
2026-04-20 23:47:16,715 WARNING High control grad norm: 11.87 at step=198
2026-04-20 23:47:17,435 WARNING High control grad norm: 12.06 at step=199
2026-04-20 23:47:17,439 INFO epoch=2 step=200 loss=458.2574 dsm=457.0407 control=0.0325 path_kl=12.0911 jar=-23.7443 quality=0.7238
2026-04-20 23:47:18,162 WARNING High control grad norm: 12.06 at step=200
2026-04-20 23:47:18,887 WARNING High control grad norm: 12.07 at step=201
2026-04-20 23:47:19,615 WARNING High control grad norm: 12.05 at step=202
2026-04-20 23:47:20,337 WARNING High control grad norm: 11.88 at step=203
2026-04-20 23:47:21,069 WARNING High control grad norm: 11.76 at step=204
2026-04-20 23:47:21,793 WARNING High control grad norm: 12.00 at step=205
2026-04-20 23:47:22,526 WARNING High control grad norm: 12.19 at step=206
2026-04-20 23:47:23,253 WARNING High control grad norm: 11.75 at step=207
2026-04-20 23:47:23,987 WARNING High control grad norm: 11.83 at step=208
2026-04-20 23:47:24,712 WARNING High control grad norm: 11.71 at step=209
2026-04-20 23:47:25,441 WARNING High control grad norm: 12.13 at step=210
2026-04-20 23:47:26,162 WARNING High control grad norm: 11.92 at step=211
2026-04-20 23:47:26,886 WARNING High control grad norm: 11.85 at step=212
2026-04-20 23:47:27,617 WARNING High control grad norm: 12.07 at step=213
2026-04-20 23:47:28,343 WARNING High control grad norm: 11.69 at step=214
2026-04-20 23:47:29,067 WARNING High control grad norm: 11.63 at step=215
2026-04-20 23:47:29,805 WARNING High control grad norm: 11.85 at step=216
2026-04-20 23:47:30,526 WARNING High control grad norm: 11.74 at step=217
2026-04-20 23:47:31,254 WARNING High control grad norm: 11.66 at step=218
2026-04-20 23:47:32,029 WARNING High control grad norm: 11.87 at step=219
2026-04-20 23:47:32,786 WARNING High control grad norm: 11.92 at step=220
2026-04-20 23:47:33,545 WARNING High control grad norm: 12.10 at step=221
2026-04-20 23:47:34,300 WARNING High control grad norm: 11.55 at step=222
2026-04-20 23:47:35,047 WARNING High control grad norm: 11.65 at step=223
2026-04-20 23:47:35,804 WARNING High control grad norm: 12.00 at step=224
2026-04-20 23:47:36,541 WARNING High control grad norm: 11.65 at step=225
2026-04-20 23:47:37,280 WARNING High control grad norm: 11.57 at step=226
2026-04-20 23:47:38,006 WARNING High control grad norm: 11.48 at step=227
2026-04-20 23:47:38,734 WARNING High control grad norm: 11.67 at step=228
2026-04-20 23:47:39,459 WARNING High control grad norm: 11.83 at step=229
2026-04-20 23:47:40,189 WARNING High control grad norm: 11.62 at step=230
2026-04-20 23:47:40,917 WARNING High control grad norm: 11.60 at step=231
2026-04-20 23:47:41,655 WARNING High control grad norm: 11.57 at step=232
2026-04-20 23:47:42,377 WARNING High control grad norm: 11.54 at step=233
2026-04-20 23:47:43,105 WARNING High control grad norm: 11.75 at step=234
2026-04-20 23:47:43,943 WARNING High control grad norm: 11.67 at step=235
2026-04-20 23:47:44,680 WARNING High control grad norm: 11.71 at step=236
2026-04-20 23:47:45,421 WARNING High control grad norm: 11.82 at step=237
2026-04-20 23:47:46,176 WARNING High control grad norm: 11.42 at step=238
2026-04-20 23:47:46,899 WARNING High control grad norm: 11.70 at step=239
2026-04-20 23:47:47,636 WARNING High control grad norm: 11.42 at step=240
2026-04-20 23:47:48,358 WARNING High control grad norm: 11.63 at step=241
2026-04-20 23:47:49,086 WARNING High control grad norm: 11.52 at step=242
2026-04-20 23:47:49,815 WARNING High control grad norm: 11.56 at step=243
2026-04-20 23:47:50,545 WARNING High control grad norm: 11.66 at step=244
2026-04-20 23:47:51,269 WARNING High control grad norm: 11.59 at step=245
2026-04-20 23:47:51,994 WARNING High control grad norm: 11.42 at step=246
2026-04-20 23:47:52,724 WARNING High control grad norm: 11.39 at step=247
2026-04-20 23:47:53,453 WARNING High control grad norm: 11.78 at step=248
2026-04-20 23:47:54,184 WARNING High control grad norm: 11.94 at step=249
2026-04-20 23:47:54,909 WARNING High control grad norm: 11.42 at step=250
2026-04-20 23:47:55,632 WARNING High control grad norm: 11.56 at step=251
2026-04-20 23:47:56,365 WARNING High control grad norm: 11.74 at step=252
2026-04-20 23:47:57,094 WARNING High control grad norm: 11.63 at step=253
2026-04-20 23:47:57,823 WARNING High control grad norm: 11.49 at step=254
2026-04-20 23:47:58,549 WARNING High control grad norm: 11.51 at step=255
2026-04-20 23:47:59,274 WARNING High control grad norm: 11.90 at step=256
2026-04-20 23:48:00,000 WARNING High control grad norm: 11.62 at step=257
2026-04-20 23:48:00,729 WARNING High control grad norm: 11.55 at step=258
2026-04-20 23:48:01,457 WARNING High control grad norm: 11.48 at step=259
2026-04-20 23:48:02,183 WARNING High control grad norm: 11.55 at step=260
2026-04-20 23:48:02,909 WARNING High control grad norm: 11.56 at step=261
2026-04-20 23:48:03,636 WARNING High control grad norm: 11.70 at step=262
2026-04-20 23:48:04,360 WARNING High control grad norm: 11.85 at step=263
2026-04-20 23:48:05,087 WARNING High control grad norm: 11.51 at step=264
2026-04-20 23:48:05,819 WARNING High control grad norm: 11.48 at step=265
2026-04-20 23:48:06,553 WARNING High control grad norm: 11.17 at step=266
2026-04-20 23:48:07,276 WARNING High control grad norm: 11.45 at step=267
2026-04-20 23:48:08,002 WARNING High control grad norm: 11.75 at step=268
2026-04-20 23:48:08,733 WARNING High control grad norm: 11.33 at step=269
2026-04-20 23:48:09,459 WARNING High control grad norm: 11.50 at step=270
2026-04-20 23:48:10,183 WARNING High control grad norm: 11.65 at step=271
2026-04-20 23:48:10,917 WARNING High control grad norm: 11.29 at step=272
2026-04-20 23:48:11,643 WARNING High control grad norm: 11.38 at step=273
2026-04-20 23:48:12,365 WARNING High control grad norm: 11.19 at step=274
2026-04-20 23:48:13,090 WARNING High control grad norm: 11.35 at step=275
2026-04-20 23:48:13,823 WARNING High control grad norm: 11.30 at step=276
2026-04-20 23:48:14,546 WARNING High control grad norm: 11.58 at step=277
2026-04-20 23:48:15,273 WARNING High control grad norm: 11.26 at step=278
2026-04-20 23:48:16,001 WARNING High control grad norm: 11.36 at step=279
2026-04-20 23:48:16,729 WARNING High control grad norm: 11.34 at step=280
2026-04-20 23:48:17,456 WARNING High control grad norm: 11.40 at step=281
2026-04-20 23:48:18,183 WARNING High control grad norm: 11.38 at step=282
2026-04-20 23:48:18,913 WARNING High control grad norm: 11.21 at step=283
2026-04-20 23:48:19,653 WARNING High control grad norm: 11.11 at step=284
2026-04-20 23:48:20,377 WARNING High control grad norm: 11.14 at step=285
2026-04-20 23:48:21,105 WARNING High control grad norm: 11.25 at step=286
2026-04-20 23:48:21,830 WARNING High control grad norm: 11.32 at step=287
2026-04-20 23:48:22,556 WARNING High control grad norm: 11.37 at step=288
2026-04-20 23:48:23,285 WARNING High control grad norm: 11.33 at step=289
2026-04-20 23:48:24,030 WARNING High control grad norm: 11.15 at step=290
2026-04-20 23:48:24,759 WARNING High control grad norm: 11.26 at step=291
2026-04-20 23:48:25,489 WARNING High control grad norm: 11.00 at step=292
2026-04-20 23:48:26,219 WARNING High control grad norm: 11.56 at step=293
2026-04-20 23:48:26,945 WARNING High control grad norm: 11.32 at step=294
2026-04-20 23:48:27,672 WARNING High control grad norm: 11.40 at step=295
2026-04-20 23:48:28,398 WARNING High control grad norm: 11.35 at step=296
2026-04-20 23:48:29,125 WARNING High control grad norm: 11.47 at step=297
2026-04-20 23:48:29,855 WARNING High control grad norm: 11.07 at step=298
2026-04-20 23:48:30,582 WARNING High control grad norm: 11.28 at step=299
2026-04-20 23:48:30,584 INFO epoch=2 step=300 loss=271.0639 dsm=270.4343 control=0.0266 path_kl=6.2067 jar=-18.7659 quality=0.8654
2026-04-20 23:48:31,317 WARNING High control grad norm: 11.31 at step=300
2026-04-20 23:48:32,052 WARNING High control grad norm: 11.42 at step=301
2026-04-20 23:48:32,778 WARNING High control grad norm: 11.58 at step=302
2026-04-20 23:48:33,509 WARNING High control grad norm: 11.15 at step=303
2026-04-20 23:48:34,235 WARNING High control grad norm: 11.07 at step=304
2026-04-20 23:48:34,962 WARNING High control grad norm: 11.32 at step=305
2026-04-20 23:48:35,696 WARNING High control grad norm: 11.36 at step=306
2026-04-20 23:48:36,430 WARNING High control grad norm: 11.44 at step=307
2026-04-20 23:48:37,152 WARNING High control grad norm: 11.18 at step=308
2026-04-20 23:48:37,875 WARNING High control grad norm: 11.21 at step=309
2026-04-20 23:48:38,608 WARNING High control grad norm: 11.21 at step=310
2026-04-20 23:48:39,340 WARNING High control grad norm: 10.98 at step=311
2026-04-20 23:48:40,070 WARNING High control grad norm: 11.18 at step=312
2026-04-20 23:48:40,363 WARNING High control grad norm: 22.53 at step=313
2026-04-20 23:48:40,366 INFO epoch=2 done
2026-04-20 23:48:40,386 INFO epoch=2 diag: cos_sim=-0.0004 ctrl_mag=2.7568 score_mag=17.0576 ratio=0.1616
2026-04-20 23:48:41,128 WARNING High control grad norm: 10.99 at step=314
2026-04-20 23:48:41,856 WARNING High control grad norm: 11.43 at step=315
2026-04-20 23:48:42,599 WARNING High control grad norm: 11.37 at step=316
2026-04-20 23:48:43,324 WARNING High control grad norm: 11.11 at step=317
2026-04-20 23:48:44,061 WARNING High control grad norm: 11.13 at step=318
2026-04-20 23:48:44,790 WARNING High control grad norm: 11.44 at step=319
2026-04-20 23:48:45,530 WARNING High control grad norm: 10.88 at step=320
2026-04-20 23:48:46,263 WARNING High control grad norm: 11.02 at step=321
2026-04-20 23:48:46,993 WARNING High control grad norm: 11.07 at step=322
2026-04-20 23:48:47,718 WARNING High control grad norm: 11.28 at step=323
2026-04-20 23:48:48,447 WARNING High control grad norm: 11.31 at step=324
2026-04-20 23:48:49,173 WARNING High control grad norm: 10.87 at step=325
2026-04-20 23:48:49,902 WARNING High control grad norm: 10.93 at step=326
2026-04-20 23:48:50,630 WARNING High control grad norm: 11.18 at step=327
2026-04-20 23:48:51,359 WARNING High control grad norm: 10.83 at step=328
2026-04-20 23:48:52,083 WARNING High control grad norm: 11.16 at step=329
2026-04-20 23:48:52,812 WARNING High control grad norm: 10.96 at step=330
2026-04-20 23:48:53,544 WARNING High control grad norm: 10.81 at step=331
2026-04-20 23:48:54,283 WARNING High control grad norm: 11.18 at step=332
2026-04-20 23:48:55,022 WARNING High control grad norm: 10.89 at step=333
2026-04-20 23:48:55,748 WARNING High control grad norm: 10.95 at step=334
2026-04-20 23:48:56,476 WARNING High control grad norm: 10.86 at step=335
2026-04-20 23:48:57,202 WARNING High control grad norm: 11.11 at step=336
2026-04-20 23:48:57,931 WARNING High control grad norm: 10.85 at step=337
2026-04-20 23:48:58,662 WARNING High control grad norm: 10.86 at step=338
2026-04-20 23:48:59,387 WARNING High control grad norm: 11.03 at step=339
2026-04-20 23:49:00,120 WARNING High control grad norm: 10.78 at step=340
2026-04-20 23:49:00,863 WARNING High control grad norm: 11.09 at step=341
2026-04-20 23:49:01,604 WARNING High control grad norm: 11.10 at step=342
2026-04-20 23:49:02,342 WARNING High control grad norm: 10.76 at step=343
2026-04-20 23:49:03,080 WARNING High control grad norm: 10.76 at step=344
2026-04-20 23:49:03,811 WARNING High control grad norm: 10.76 at step=345
2026-04-20 23:49:04,541 WARNING High control grad norm: 10.66 at step=346
2026-04-20 23:49:05,266 WARNING High control grad norm: 10.84 at step=347
2026-04-20 23:49:06,000 WARNING High control grad norm: 10.87 at step=348
2026-04-20 23:49:06,736 WARNING High control grad norm: 10.64 at step=349
2026-04-20 23:49:07,465 WARNING High control grad norm: 10.75 at step=350
2026-04-20 23:49:08,201 WARNING High control grad norm: 10.78 at step=351
2026-04-20 23:49:08,939 WARNING High control grad norm: 10.64 at step=352
2026-04-20 23:49:09,669 WARNING High control grad norm: 10.79 at step=353
2026-04-20 23:49:10,395 WARNING High control grad norm: 10.59 at step=354
2026-04-20 23:49:11,141 WARNING High control grad norm: 10.80 at step=355
2026-04-20 23:49:11,870 WARNING High control grad norm: 11.02 at step=356
2026-04-20 23:49:12,602 WARNING High control grad norm: 11.00 at step=357
2026-04-20 23:49:13,327 WARNING High control grad norm: 10.96 at step=358
2026-04-20 23:49:14,059 WARNING High control grad norm: 11.09 at step=359
2026-04-20 23:49:14,786 WARNING High control grad norm: 10.67 at step=360
2026-04-20 23:49:15,527 WARNING High control grad norm: 11.03 at step=361
2026-04-20 23:49:16,252 WARNING High control grad norm: 10.92 at step=362
2026-04-20 23:49:16,981 WARNING High control grad norm: 10.52 at step=363
2026-04-20 23:49:17,714 WARNING High control grad norm: 11.11 at step=364
2026-04-20 23:49:18,446 WARNING High control grad norm: 11.17 at step=365
2026-04-20 23:49:19,174 WARNING High control grad norm: 10.64 at step=366
2026-04-20 23:49:19,901 WARNING High control grad norm: 10.94 at step=367
2026-04-20 23:49:20,630 WARNING High control grad norm: 11.08 at step=368
2026-04-20 23:49:21,365 WARNING High control grad norm: 10.58 at step=369
2026-04-20 23:49:22,098 WARNING High control grad norm: 10.81 at step=370
2026-04-20 23:49:22,834 WARNING High control grad norm: 10.76 at step=371
2026-04-20 23:49:23,566 WARNING High control grad norm: 10.73 at step=372
2026-04-20 23:49:24,297 WARNING High control grad norm: 10.82 at step=373
2026-04-20 23:49:25,032 WARNING High control grad norm: 10.47 at step=374
2026-04-20 23:49:25,766 WARNING High control grad norm: 10.64 at step=375
2026-04-20 23:49:26,501 WARNING High control grad norm: 10.70 at step=376
2026-04-20 23:49:27,236 WARNING High control grad norm: 10.59 at step=377
2026-04-20 23:49:27,965 WARNING High control grad norm: 10.71 at step=378
2026-04-20 23:49:28,694 WARNING High control grad norm: 10.69 at step=379
2026-04-20 23:49:29,429 WARNING High control grad norm: 10.98 at step=380
2026-04-20 23:49:30,162 WARNING High control grad norm: 10.55 at step=381
2026-04-20 23:49:30,896 WARNING High control grad norm: 10.46 at step=382
2026-04-20 23:49:31,629 WARNING High control grad norm: 10.75 at step=383
2026-04-20 23:49:32,359 WARNING High control grad norm: 11.07 at step=384
2026-04-20 23:49:33,096 WARNING High control grad norm: 10.93 at step=385
2026-04-20 23:49:33,825 WARNING High control grad norm: 10.45 at step=386
2026-04-20 23:49:34,554 WARNING High control grad norm: 10.43 at step=387
2026-04-20 23:49:35,296 WARNING High control grad norm: 10.61 at step=388
2026-04-20 23:49:36,032 WARNING High control grad norm: 10.54 at step=389
2026-04-20 23:49:36,766 WARNING High control grad norm: 10.88 at step=390
2026-04-20 23:49:37,502 WARNING High control grad norm: 10.69 at step=391
2026-04-20 23:49:38,238 WARNING High control grad norm: 10.38 at step=392
2026-04-20 23:49:38,967 WARNING High control grad norm: 10.62 at step=393
2026-04-20 23:49:39,697 WARNING High control grad norm: 10.60 at step=394
2026-04-20 23:49:40,429 WARNING High control grad norm: 10.67 at step=395
2026-04-20 23:49:41,161 WARNING High control grad norm: 10.59 at step=396
2026-04-20 23:49:41,893 WARNING High control grad norm: 10.37 at step=397
2026-04-20 23:49:42,630 WARNING High control grad norm: 10.38 at step=398
2026-04-20 23:49:43,364 WARNING High control grad norm: 10.79 at step=399
2026-04-20 23:49:43,367 INFO epoch=3 step=400 loss=635.9097 dsm=635.0138 control=0.0226 path_kl=8.8680 jar=-19.5346 quality=0.8940
2026-04-20 23:49:44,108 WARNING High control grad norm: 10.96 at step=400
2026-04-20 23:49:47,475 WARNING High control grad norm: 10.77 at step=401
2026-04-20 23:49:51,609 WARNING High control grad norm: 10.60 at step=402
2026-04-20 23:49:58,039 WARNING High control grad norm: 10.65 at step=403
2026-04-20 23:49:59,466 WARNING High control grad norm: 10.58 at step=404
2026-04-20 23:50:00,914 WARNING High control grad norm: 10.22 at step=405
2026-04-20 23:50:02,341 WARNING High control grad norm: 10.48 at step=406
2026-04-20 23:50:03,759 WARNING High control grad norm: 10.81 at step=407
2026-04-20 23:50:05,167 WARNING High control grad norm: 10.71 at step=408
2026-04-20 23:50:06,576 WARNING High control grad norm: 10.32 at step=409
2026-04-20 23:50:07,982 WARNING High control grad norm: 10.56 at step=410
2026-04-20 23:50:09,385 WARNING High control grad norm: 10.52 at step=411
2026-04-20 23:50:10,790 WARNING High control grad norm: 10.69 at step=412
2026-04-20 23:50:12,202 WARNING High control grad norm: 10.58 at step=413
2026-04-20 23:50:13,601 WARNING High control grad norm: 10.79 at step=414
2026-04-20 23:50:15,006 WARNING High control grad norm: 10.61 at step=415
2026-04-20 23:50:16,408 WARNING High control grad norm: 10.53 at step=416
2026-04-20 23:50:17,801 WARNING High control grad norm: 10.54 at step=417
2026-04-20 23:50:19,201 WARNING High control grad norm: 10.63 at step=418
2026-04-20 23:50:20,597 WARNING High control grad norm: 10.52 at step=419
2026-04-20 23:50:21,994 WARNING High control grad norm: 10.46 at step=420
2026-04-20 23:50:23,390 WARNING High control grad norm: 10.44 at step=421
2026-04-20 23:50:24,800 WARNING High control grad norm: 10.49 at step=422
2026-04-20 23:50:26,264 WARNING High control grad norm: 10.74 at step=423
2026-04-20 23:50:27,710 WARNING High control grad norm: 10.61 at step=424
2026-04-20 23:50:29,109 WARNING High control grad norm: 10.29 at step=425
2026-04-20 23:50:30,524 WARNING High control grad norm: 10.49 at step=426
2026-04-20 23:50:31,930 WARNING High control grad norm: 10.16 at step=427
2026-04-20 23:50:33,324 WARNING High control grad norm: 10.32 at step=428
2026-04-20 23:50:34,724 WARNING High control grad norm: 10.57 at step=429
2026-04-20 23:50:36,129 WARNING High control grad norm: 10.31 at step=430
2026-04-20 23:50:37,536 WARNING High control grad norm: 10.45 at step=431
2026-04-20 23:50:38,932 WARNING High control grad norm: 10.35 at step=432
2026-04-20 23:50:40,332 WARNING High control grad norm: 10.46 at step=433
2026-04-20 23:50:41,768 WARNING High control grad norm: 10.42 at step=434
2026-04-20 23:50:43,171 WARNING High control grad norm: 10.27 at step=435
2026-04-20 23:50:44,606 WARNING High control grad norm: 10.30 at step=436
2026-04-20 23:50:46,004 WARNING High control grad norm: 10.19 at step=437
2026-04-20 23:50:47,401 WARNING High control grad norm: 10.50 at step=438
2026-04-20 23:50:48,802 WARNING High control grad norm: 10.28 at step=439
2026-04-20 23:50:50,202 WARNING High control grad norm: 10.55 at step=440
2026-04-20 23:50:51,602 WARNING High control grad norm: 10.16 at step=441
2026-04-20 23:50:53,015 WARNING High control grad norm: 10.31 at step=442
2026-04-20 23:50:54,414 WARNING High control grad norm: 10.22 at step=443
2026-04-20 23:50:55,822 WARNING High control grad norm: 10.33 at step=444
2026-04-20 23:50:57,263 WARNING High control grad norm: 10.42 at step=445
2026-04-20 23:50:58,655 WARNING High control grad norm: 10.54 at step=446
2026-04-20 23:51:00,054 WARNING High control grad norm: 10.07 at step=447
2026-04-20 23:51:01,461 WARNING High control grad norm: 10.41 at step=448
2026-04-20 23:51:02,861 WARNING High control grad norm: 10.35 at step=449
2026-04-20 23:51:04,262 WARNING High control grad norm: 10.26 at step=450
2026-04-20 23:51:05,657 WARNING High control grad norm: 10.38 at step=451
2026-04-20 23:51:07,055 WARNING High control grad norm: 10.44 at step=452
2026-04-20 23:51:08,454 WARNING High control grad norm: 10.18 at step=453
2026-04-20 23:51:09,844 WARNING High control grad norm: 10.54 at step=454
2026-04-20 23:51:11,239 WARNING High control grad norm: 10.17 at step=455
2026-04-20 23:51:12,627 WARNING High control grad norm: 10.34 at step=456
2026-04-20 23:51:14,022 WARNING High control grad norm: 10.41 at step=457
2026-04-20 23:51:15,422 WARNING High control grad norm: 10.35 at step=458
2026-04-20 23:51:16,819 WARNING High control grad norm: 10.48 at step=459
2026-04-20 23:51:18,211 WARNING High control grad norm: 10.24 at step=460
2026-04-20 23:51:19,607 WARNING High control grad norm: 10.28 at step=461
2026-04-20 23:51:21,001 WARNING High control grad norm: 10.14 at step=462
2026-04-20 23:51:22,392 WARNING High control grad norm: 10.38 at step=463
2026-04-20 23:51:23,799 WARNING High control grad norm: 10.30 at step=464
2026-04-20 23:51:25,192 WARNING High control grad norm: 10.32 at step=465
2026-04-20 23:51:26,585 WARNING High control grad norm: 10.18 at step=466
2026-04-20 23:51:27,983 WARNING High control grad norm: 10.11 at step=467
2026-04-20 23:51:30,768 WARNING High control grad norm: 10.06 at step=469
2026-04-20 23:51:31,028 WARNING High control grad norm: 20.47 at step=470
2026-04-20 23:51:31,030 INFO epoch=3 done
2026-04-20 23:51:31,038 INFO epoch=3 diag: cos_sim=0.0015 ctrl_mag=2.3789 score_mag=17.0576 ratio=0.1395
2026-04-20 23:51:32,439 WARNING High control grad norm: 10.25 at step=471
2026-04-20 23:51:33,838 WARNING High control grad norm: 10.58 at step=472
2026-04-20 23:51:35,245 WARNING High control grad norm: 10.17 at step=473
2026-04-20 23:51:36,648 WARNING High control grad norm: 10.54 at step=474
2026-04-20 23:51:38,046 WARNING High control grad norm: 10.30 at step=475
2026-04-20 23:51:39,439 WARNING High control grad norm: 10.19 at step=476
2026-04-20 23:51:40,837 WARNING High control grad norm: 10.27 at step=477
2026-04-20 23:51:45,012 WARNING High control grad norm: 10.31 at step=480
2026-04-20 23:51:46,409 WARNING High control grad norm: 10.07 at step=481
2026-04-20 23:51:47,803 WARNING High control grad norm: 10.15 at step=482
2026-04-20 23:51:49,222 WARNING High control grad norm: 10.27 at step=483
2026-04-20 23:51:50,614 WARNING High control grad norm: 10.08 at step=484
2026-04-20 23:51:52,007 WARNING High control grad norm: 10.09 at step=485
2026-04-20 23:51:53,393 WARNING High control grad norm: 10.33 at step=486
2026-04-20 23:51:56,182 WARNING High control grad norm: 10.15 at step=488
2026-04-20 23:51:58,966 WARNING High control grad norm: 10.49 at step=490
2026-04-20 23:52:00,362 WARNING High control grad norm: 10.34 at step=491
2026-04-20 23:52:01,762 WARNING High control grad norm: 10.13 at step=492
2026-04-20 23:52:03,160 WARNING High control grad norm: 10.44 at step=493
2026-04-20 23:52:04,552 WARNING High control grad norm: 10.03 at step=494
2026-04-20 23:52:05,949 WARNING High control grad norm: 10.14 at step=495
2026-04-20 23:52:07,346 WARNING High control grad norm: 10.05 at step=496
2026-04-20 23:52:08,734 WARNING High control grad norm: 10.37 at step=497
2026-04-20 23:52:11,519 WARNING High control grad norm: 10.05 at step=499
2026-04-20 23:52:11,520 INFO epoch=4 step=500 loss=691.2070 dsm=690.4979 control=0.0194 path_kl=7.0061 jar=-13.4139 quality=0.8331
2026-04-20 23:52:18,479 WARNING High control grad norm: 10.16 at step=504
2026-04-20 23:52:21,268 WARNING High control grad norm: 10.16 at step=506
2026-04-20 23:52:22,658 WARNING High control grad norm: 10.18 at step=507
2026-04-20 23:52:24,050 WARNING High control grad norm: 10.09 at step=508
2026-04-20 23:52:26,839 WARNING High control grad norm: 10.02 at step=510
2026-04-20 23:52:29,623 WARNING High control grad norm: 10.03 at step=512
2026-04-20 23:52:31,022 WARNING High control grad norm: 10.01 at step=513
2026-04-20 23:52:32,417 WARNING High control grad norm: 10.06 at step=514
2026-04-20 23:52:33,812 WARNING High control grad norm: 10.01 at step=515
2026-04-20 23:52:35,205 WARNING High control grad norm: 10.09 at step=516
2026-04-20 23:52:37,991 WARNING High control grad norm: 10.07 at step=518
2026-04-20 23:52:40,783 WARNING High control grad norm: 10.03 at step=520
2026-04-20 23:52:53,328 WARNING High control grad norm: 10.22 at step=529
2026-04-20 23:52:56,113 WARNING High control grad norm: 10.06 at step=531
2026-04-20 23:53:29,555 WARNING High control grad norm: 10.04 at step=555
2026-04-20 23:54:31,079 INFO epoch=4 step=600 loss=731.9782 dsm=731.2380 control=0.0167 path_kl=7.3351 jar=-15.5814 quality=0.6466
2026-04-20 23:55:08,981 WARNING High control grad norm: 18.27 at step=627
2026-04-20 23:55:08,983 INFO epoch=4 done
2026-04-20 23:55:08,990 INFO epoch=4 diag: cos_sim=-0.0007 ctrl_mag=2.0937 score_mag=17.0576 ratio=0.1227
2026-04-20 23:56:49,398 INFO epoch=5 step=700 loss=777.3817 dsm=776.7979 control=0.0147 path_kl=5.7418 jar=-11.1989 quality=0.9491
2026-04-20 23:58:46,875 WARNING High control grad norm: 18.01 at step=784
2026-04-20 23:58:46,876 INFO epoch=5 done
2026-04-20 23:58:46,885 INFO epoch=5 diag: cos_sim=0.0022 ctrl_mag=1.9092 score_mag=17.0576 ratio=0.1119
2026-04-20 23:59:07,873 INFO epoch=6 step=800 loss=371.0080 dsm=370.4911 control=0.0131 path_kl=5.0830 jar=-9.1386 quality=0.8473
2026-04-21 00:01:28,852 INFO epoch=6 step=900 loss=523.0103 dsm=522.5637 control=0.0117 path_kl=4.3880 jar=-10.3793 quality=0.7717
2026-04-21 00:02:26,421 WARNING High control grad norm: 17.29 at step=941
2026-04-21 00:02:26,423 INFO epoch=6 done
2026-04-21 00:02:26,430 INFO epoch=6 diag: cos_sim=0.0020 ctrl_mag=1.7208 score_mag=17.0576 ratio=0.1009
2026-04-21 00:03:47,566 INFO epoch=7 step=1000 loss=624.1659 dsm=623.7689 control=0.0107 path_kl=3.8811 jar=-10.9895 quality=0.8811
2026-04-21 00:06:04,814 WARNING High control grad norm: 16.13 at step=1098
2026-04-21 00:06:04,816 INFO epoch=7 done
2026-04-21 00:06:04,823 INFO epoch=7 diag: cos_sim=0.0057 ctrl_mag=1.6151 score_mag=17.0576 ratio=0.0947
2026-04-21 00:06:06,237 INFO epoch=8 step=1100 loss=673.7270 dsm=673.4412 control=0.0094 path_kl=2.7657 jar=-11.4509 quality=0.9103
2026-04-21 00:08:26,079 INFO epoch=8 step=1200 loss=805.1506 dsm=804.6219 control=0.0089 path_kl=5.2072 jar=-10.7807 quality=0.7929
2026-04-21 00:09:43,310 WARNING High control grad norm: 15.64 at step=1255
2026-04-21 00:09:43,311 INFO epoch=8 done
2026-04-21 00:09:43,319 INFO epoch=8 diag: cos_sim=0.0005 ctrl_mag=1.4894 score_mag=17.0576 ratio=0.0873
2026-04-21 00:10:44,818 INFO epoch=9 step=1300 loss=481.5213 dsm=481.2231 control=0.0082 path_kl=2.8959 jar=-9.3242 quality=0.8531
2026-04-21 00:13:04,510 INFO epoch=9 step=1400 loss=1128.9279 dsm=1128.6576 control=0.0075 path_kl=2.6267 jar=-6.0640 quality=0.7502
2026-04-21 00:13:21,542 WARNING High control grad norm: 14.22 at step=1412
2026-04-21 00:13:21,543 INFO epoch=9 done
2026-04-21 00:13:21,551 INFO epoch=9 diag: cos_sim=-0.0001 ctrl_mag=1.3902 score_mag=17.0576 ratio=0.0815
2026-04-21 00:15:23,083 INFO epoch=10 step=1500 loss=476.0120 dsm=475.6935 control=0.0071 path_kl=3.1096 jar=-8.4113 quality=0.7489
2026-04-21 00:16:59,578 WARNING High control grad norm: 14.47 at step=1569
2026-04-21 00:16:59,580 INFO epoch=10 done
2026-04-21 00:16:59,590 INFO epoch=10 diag: cos_sim=0.0000 ctrl_mag=1.2898 score_mag=17.0576 ratio=0.0756
2026-04-21 00:17:41,577 INFO epoch=11 step=1600 loss=372.0444 dsm=371.8286 control=0.0066 path_kl=2.0610 jar=-4.8868 quality=0.9604
2026-04-21 00:20:01,264 INFO epoch=11 step=1700 loss=433.5806 dsm=433.3693 control=0.0063 path_kl=2.0304 jar=-6.1709 quality=0.8140
2026-04-21 00:20:37,832 WARNING High control grad norm: 13.96 at step=1726
2026-04-21 00:20:37,834 INFO epoch=11 done
2026-04-21 00:20:37,846 INFO epoch=11 diag: cos_sim=-0.0020 ctrl_mag=1.2113 score_mag=17.0576 ratio=0.0710
2026-04-21 00:22:19,761 INFO epoch=12 step=1800 loss=333.9198 dsm=333.6460 control=0.0058 path_kl=2.6415 jar=-6.1566 quality=0.9532
2026-04-21 00:24:15,950 WARNING High control grad norm: 13.40 at step=1883
2026-04-21 00:24:15,952 INFO epoch=12 done
2026-04-21 00:24:15,960 INFO epoch=12 diag: cos_sim=-0.0000 ctrl_mag=1.1629 score_mag=17.0576 ratio=0.0682
2026-04-21 00:24:38,310 INFO epoch=13 step=1900 loss=504.6848 dsm=504.5273 control=0.0056 path_kl=1.4830 jar=-4.7042 quality=0.9115
2026-04-21 00:26:57,824 INFO epoch=13 step=2000 loss=404.1985 dsm=404.0714 control=0.0053 path_kl=1.1962 jar=-4.0487 quality=0.7509
2026-04-21 00:27:53,910 WARNING High control grad norm: 13.31 at step=2040
2026-04-21 00:27:53,911 INFO epoch=13 done
2026-04-21 00:27:53,919 INFO epoch=13 diag: cos_sim=-0.0028 ctrl_mag=1.1404 score_mag=17.0576 ratio=0.0669
2026-04-21 00:29:16,331 INFO epoch=14 step=2100 loss=383.4788 dsm=383.2894 control=0.0051 path_kl=1.8061 jar=-5.2431 quality=0.8766
2026-04-21 00:31:31,929 WARNING High control grad norm: 13.30 at step=2197
2026-04-21 00:31:31,931 INFO epoch=14 done
2026-04-21 00:31:31,939 INFO epoch=14 diag: cos_sim=-0.0102 ctrl_mag=1.1131 score_mag=17.0576 ratio=0.0653
2026-04-21 00:31:34,788 INFO epoch=15 step=2200 loss=902.4501 dsm=902.1833 control=0.0049 path_kl=2.5568 jar=-5.1145 quality=1.0990
2026-04-21 00:33:54,195 INFO epoch=15 step=2300 loss=438.2158 dsm=437.9548 control=0.0046 path_kl=2.5388 jar=-5.5153 quality=0.7076
2026-04-21 00:35:09,862 WARNING High control grad norm: 12.82 at step=2354
2026-04-21 00:35:09,864 INFO epoch=15 done
2026-04-21 00:35:09,878 INFO epoch=15 diag: cos_sim=-0.0134 ctrl_mag=1.0787 score_mag=17.0576 ratio=0.0632
2026-04-21 00:36:12,851 INFO epoch=16 step=2400 loss=619.8373 dsm=619.6407 control=0.0044 path_kl=1.8728 jar=-5.1385 quality=0.9303
2026-04-21 00:38:32,167 INFO epoch=16 step=2500 loss=417.9227 dsm=417.7296 control=0.0043 path_kl=1.8402 jar=-4.2828 quality=0.9102
2026-04-21 00:38:47,939 WARNING High control grad norm: 12.98 at step=2511
2026-04-21 00:38:47,942 INFO epoch=16 done
2026-04-21 00:38:47,949 INFO epoch=16 diag: cos_sim=-0.0128 ctrl_mag=1.0343 score_mag=17.0576 ratio=0.0606
2026-04-21 00:40:51,292 INFO epoch=17 step=2600 loss=534.6572 dsm=534.5275 control=0.0041 path_kl=1.2224 jar=-3.5688 quality=0.7434
2026-04-21 00:42:26,331 WARNING High control grad norm: 12.01 at step=2668
2026-04-21 00:42:26,333 INFO epoch=17 done
2026-04-21 00:42:26,341 INFO epoch=17 diag: cos_sim=-0.0147 ctrl_mag=1.0045 score_mag=17.0576 ratio=0.0589
2026-04-21 00:43:09,748 INFO epoch=18 step=2700 loss=405.1090 dsm=404.9256 control=0.0039 path_kl=1.7566 jar=-4.2462 quality=0.7703
2026-04-21 00:45:29,460 INFO epoch=18 step=2800 loss=436.4425 dsm=436.2480 control=0.0037 path_kl=1.8675 jar=-4.1244 quality=0.7791
2026-04-21 00:46:04,676 WARNING High control grad norm: 12.26 at step=2825
2026-04-21 00:46:04,677 INFO epoch=18 done
2026-04-21 00:46:04,688 INFO epoch=18 diag: cos_sim=-0.0189 ctrl_mag=0.9833 score_mag=17.0576 ratio=0.0576
2026-04-21 00:47:48,111 INFO epoch=19 step=2900 loss=546.3328 dsm=546.1315 control=0.0037 path_kl=1.9391 jar=-3.3176 quality=0.7301
2026-04-21 00:49:43,410 WARNING High control grad norm: 12.72 at step=2982
2026-04-21 00:49:43,412 INFO epoch=19 done
2026-04-21 00:49:43,422 INFO epoch=19 diag: cos_sim=-0.0163 ctrl_mag=0.9501 score_mag=17.0576 ratio=0.0557
2026-04-21 00:50:07,530 INFO epoch=20 step=3000 loss=490.3420 dsm=490.1205 control=0.0036 path_kl=2.1342 jar=-3.4796 quality=0.8114
2026-04-21 00:52:27,374 INFO epoch=20 step=3100 loss=667.0422 dsm=666.9558 control=0.0034 path_kl=0.7888 jar=-2.8181 quality=0.7529
2026-04-21 00:53:21,986 WARNING High control grad norm: 12.12 at step=3139
2026-04-21 00:53:21,988 INFO epoch=20 done
2026-04-21 00:53:21,996 INFO epoch=20 diag: cos_sim=-0.0190 ctrl_mag=0.9255 score_mag=17.0576 ratio=0.0543
2026-04-21 00:54:46,138 INFO epoch=21 step=3200 loss=257.4689 dsm=257.3005 control=0.0033 path_kl=1.6018 jar=-3.2317 quality=0.8211
2026-04-21 00:57:00,622 WARNING High control grad norm: 12.04 at step=3296
2026-04-21 00:57:00,624 INFO epoch=21 done
2026-04-21 00:57:00,632 INFO epoch=21 diag: cos_sim=-0.0205 ctrl_mag=0.9033 score_mag=17.0576 ratio=0.0530
2026-04-21 00:57:04,820 INFO epoch=22 step=3300 loss=588.4918 dsm=588.3939 control=0.0032 path_kl=0.8946 jar=-2.6333 quality=0.8351
2026-04-21 00:59:25,004 INFO epoch=22 step=3400 loss=459.7467 dsm=459.6028 control=0.0031 path_kl=1.3507 jar=-2.8920 quality=0.8779
2026-04-21 01:00:39,486 WARNING High control grad norm: 11.96 at step=3453
2026-04-21 01:00:39,488 INFO epoch=22 done
2026-04-21 01:00:39,496 INFO epoch=22 diag: cos_sim=-0.0209 ctrl_mag=0.8877 score_mag=17.0576 ratio=0.0520
2026-04-21 01:01:43,920 INFO epoch=23 step=3500 loss=634.3559 dsm=634.2183 control=0.0032 path_kl=1.2729 jar=-5.3403 quality=1.0228
2026-04-21 01:04:03,622 INFO epoch=23 step=3600 loss=418.5420 dsm=418.3556 control=0.0031 path_kl=1.7844 jar=-3.2942 quality=0.7973
2026-04-21 01:04:18,099 WARNING High control grad norm: 12.09 at step=3610
2026-04-21 01:04:18,102 INFO epoch=23 done
2026-04-21 01:04:18,112 INFO epoch=23 diag: cos_sim=-0.0193 ctrl_mag=0.8733 score_mag=17.0576 ratio=0.0512
2026-04-21 01:06:22,888 INFO epoch=24 step=3700 loss=340.7240 dsm=340.6131 control=0.0031 path_kl=1.0261 jar=-2.7864 quality=0.8254
2026-04-21 01:07:56,669 WARNING High control grad norm: 11.98 at step=3767
2026-04-21 01:07:56,671 INFO epoch=24 done
2026-04-21 01:07:56,679 INFO epoch=24 diag: cos_sim=-0.0173 ctrl_mag=0.8650 score_mag=17.0576 ratio=0.0507
2026-04-21 01:08:41,416 INFO epoch=25 step=3800 loss=436.8566 dsm=436.6452 control=0.0031 path_kl=2.0332 jar=-3.9885 quality=0.8063
2026-04-21 01:11:01,649 INFO epoch=25 step=3900 loss=481.1898 dsm=481.0390 control=0.0029 path_kl=1.4200 jar=-3.2175 quality=0.8794
2026-04-21 01:11:35,389 WARNING High control grad norm: 11.60 at step=3924
2026-04-21 01:11:35,392 INFO epoch=25 done
2026-04-21 01:11:35,400 INFO epoch=25 diag: cos_sim=-0.0169 ctrl_mag=0.8574 score_mag=17.0576 ratio=0.0503
2026-04-21 01:13:20,325 INFO epoch=26 step=4000 loss=427.4054 dsm=427.2693 control=0.0030 path_kl=1.2798 jar=-2.6263 quality=0.8051
2026-04-21 01:15:13,751 WARNING High control grad norm: 11.70 at step=4081
2026-04-21 01:15:13,754 INFO epoch=26 done
2026-04-21 01:15:13,765 INFO epoch=26 diag: cos_sim=-0.0171 ctrl_mag=0.8524 score_mag=17.0576 ratio=0.0500
2026-04-21 01:15:38,938 INFO epoch=27 step=4100 loss=274.3605 dsm=274.2133 control=0.0029 path_kl=1.3959 jar=-2.5162 quality=0.7554
2026-04-21 01:17:58,452 INFO epoch=27 step=4200 loss=311.8124 dsm=311.7422 control=0.0030 path_kl=0.6246 jar=-3.3657 quality=0.7730
2026-04-21 01:18:51,637 WARNING High control grad norm: 11.61 at step=4238
2026-04-21 01:18:51,638 INFO epoch=27 done
2026-04-21 01:18:51,646 INFO epoch=27 diag: cos_sim=-0.0172 ctrl_mag=0.8487 score_mag=17.0576 ratio=0.0498
2026-04-21 01:20:17,129 INFO epoch=28 step=4300 loss=828.1443 dsm=828.0253 control=0.0029 path_kl=1.1180 jar=-3.3141 quality=0.7217
2026-04-21 01:22:30,023 WARNING High control grad norm: 11.88 at step=4395
2026-04-21 01:22:30,024 INFO epoch=28 done
2026-04-21 01:22:30,032 INFO epoch=28 diag: cos_sim=-0.0171 ctrl_mag=0.8467 score_mag=17.0576 ratio=0.0496
2026-04-21 01:22:35,645 INFO epoch=29 step=4400 loss=359.4780 dsm=359.4001 control=0.0029 path_kl=0.6760 jar=-2.6130 quality=1.0223
2026-04-21 01:24:55,419 INFO epoch=29 step=4500 loss=688.8074 dsm=688.6841 control=0.0029 path_kl=1.1541 jar=-3.5450 quality=0.7913
2026-04-21 01:26:08,209 WARNING High control grad norm: 12.05 at step=4552
2026-04-21 01:26:08,211 INFO epoch=29 done
2026-04-21 01:26:08,221 INFO epoch=29 diag: cos_sim=-0.0172 ctrl_mag=0.8455 score_mag=17.0576 ratio=0.0496
2026-04-21 01:27:13,827 INFO epoch=30 step=4600 loss=250.5944 dsm=250.4353 control=0.0029 path_kl=1.5080 jar=-5.1525 quality=0.8213
2026-04-21 01:29:33,477 INFO epoch=30 step=4700 loss=237.3968 dsm=237.3459 control=0.0029 path_kl=0.4301 jar=-2.3358 quality=0.7855
2026-04-21 01:29:46,405 WARNING High control grad norm: 11.97 at step=4709
2026-04-21 01:29:46,408 INFO epoch=30 done
2026-04-21 01:29:46,415 INFO epoch=30 diag: cos_sim=-0.0172 ctrl_mag=0.8447 score_mag=17.0576 ratio=0.0495
2026-04-22 00:14:36,895 INFO Loaded pretrained score backbone from checkpoints/score_fmnist_v2/score_best.pt
2026-04-22 00:14:36,902 INFO Score model frozen — only control policy will be trained.
2026-04-22 00:15:41,144 INFO epoch=31 step=4800 loss=412.2626 dsm=412.2831 control=0.0029 path_kl=-0.2929 jar=-1.0922 quality=0.8767
2026-04-22 00:16:28,319 INFO epoch=31 done
2026-04-22 00:16:28,337 INFO epoch=31 diag: cos_sim=-0.0171 ctrl_mag=0.8444 score_mag=17.0576 ratio=0.0495
2026-04-22 00:16:51,883 INFO epoch=32 step=4900 loss=565.3819 dsm=565.4867 control=0.0029 path_kl=-1.1276 jar=-0.3147 quality=0.7987
2026-04-22 00:18:03,450 INFO epoch=32 step=5000 loss=486.9134 dsm=486.8952 control=0.0029 path_kl=0.0982 jar=-2.1473 quality=0.8292
2026-04-22 00:18:20,182 INFO epoch=32 done
2026-04-22 00:18:20,189 INFO epoch=32 diag: cos_sim=-0.0171 ctrl_mag=0.8442 score_mag=17.0576 ratio=0.0495
2026-04-22 00:19:14,735 INFO epoch=33 step=5100 loss=431.0518 dsm=431.0886 control=0.0029 path_kl=-0.4546 jar=-1.1935 quality=0.8741
2026-04-22 00:20:12,497 INFO epoch=33 done
2026-04-22 00:20:12,505 INFO epoch=33 diag: cos_sim=-0.0171 ctrl_mag=0.8439 score_mag=17.0576 ratio=0.0495
2026-04-22 00:20:26,189 INFO epoch=34 step=5200 loss=1010.3833 dsm=1010.4799 control=0.0029 path_kl=-1.0496 jar=-1.4190 quality=0.8389
2026-04-22 00:21:38,234 INFO epoch=34 step=5300 loss=691.0546 dsm=691.1191 control=0.0028 path_kl=-0.7415 jar=-1.5404 quality=0.9651
2026-04-22 00:22:05,170 INFO epoch=34 done
2026-04-22 00:22:05,179 INFO epoch=34 diag: cos_sim=-0.0170 ctrl_mag=0.8437 score_mag=17.0576 ratio=0.0495
2026-04-22 00:22:49,991 INFO epoch=35 step=5400 loss=275.8719 dsm=276.0012 control=0.0028 path_kl=-1.3736 jar=-0.7497 quality=0.8045
2026-04-22 00:23:58,233 INFO epoch=35 done
2026-04-22 00:23:58,241 INFO epoch=35 diag: cos_sim=-0.0170 ctrl_mag=0.8435 score_mag=17.0576 ratio=0.0495
2026-04-22 00:24:01,933 INFO epoch=36 step=5500 loss=384.7970 dsm=384.8374 control=0.0029 path_kl=-0.4816 jar=-1.3167 quality=0.7749
2026-04-22 00:25:14,241 INFO epoch=36 step=5600 loss=643.0466 dsm=643.1513 control=0.0029 path_kl=-1.1299 jar=-0.8075 quality=0.8212
2026-04-22 00:25:51,468 INFO epoch=36 done
2026-04-22 00:25:51,476 INFO epoch=36 diag: cos_sim=-0.0169 ctrl_mag=0.8434 score_mag=17.0576 ratio=0.0494
2026-04-22 00:26:26,257 INFO epoch=37 step=5700 loss=537.7450 dsm=537.8740 control=0.0029 path_kl=-1.3676 jar=-0.0264 quality=0.7735
2026-04-22 00:27:38,670 INFO epoch=37 step=5800 loss=220.2005 dsm=220.2932 control=0.0029 path_kl=-1.0089 jar=-1.3798 quality=0.8183
2026-04-22 00:27:44,715 INFO epoch=37 done
2026-04-22 00:27:44,724 INFO epoch=37 diag: cos_sim=-0.0169 ctrl_mag=0.8433 score_mag=17.0576 ratio=0.0494
2026-04-22 00:28:50,681 INFO epoch=38 step=5900 loss=438.9518 dsm=439.0111 control=0.0029 path_kl=-0.6814 jar=-0.3107 quality=0.8859
2026-04-22 00:29:38,064 INFO epoch=38 done
2026-04-22 00:29:38,073 INFO epoch=38 diag: cos_sim=-0.0169 ctrl_mag=0.8431 score_mag=17.0576 ratio=0.0494
2026-04-22 00:30:02,717 INFO epoch=39 step=6000 loss=439.6259 dsm=439.7809 control=0.0028 path_kl=-1.6467 jar=-0.0760 quality=0.9704
2026-04-22 00:31:15,214 INFO epoch=39 step=6100 loss=639.6399 dsm=639.7184 control=0.0029 path_kl=-0.8643 jar=-0.8388 quality=0.7923
2026-04-22 00:31:31,413 INFO epoch=39 done
2026-04-22 00:31:31,420 INFO epoch=39 diag: cos_sim=-0.0169 ctrl_mag=0.8430 score_mag=17.0576 ratio=0.0494
2026-04-22 00:32:27,226 INFO epoch=40 step=6200 loss=401.1482 dsm=401.2827 control=0.0029 path_kl=-1.4314 jar=-0.5938 quality=0.8513
2026-04-22 00:33:24,742 INFO epoch=40 done
2026-04-22 00:33:24,751 INFO epoch=40 diag: cos_sim=-0.0169 ctrl_mag=0.8428 score_mag=17.0576 ratio=0.0494
2026-04-22 00:33:39,365 INFO epoch=41 step=6300 loss=480.6154 dsm=480.7360 control=0.0029 path_kl=-1.2783 jar=-1.6524 quality=0.7265
2026-04-22 00:34:51,874 INFO epoch=41 step=6400 loss=387.2125 dsm=387.3689 control=0.0029 path_kl=-1.6400 jar=-0.0106 quality=0.7581
2026-04-22 00:35:18,237 INFO epoch=41 done
2026-04-22 00:35:18,244 INFO epoch=41 diag: cos_sim=-0.0169 ctrl_mag=0.8428 score_mag=17.0576 ratio=0.0494
2026-04-22 00:36:03,951 INFO epoch=42 step=6500 loss=624.7599 dsm=624.9493 control=0.0029 path_kl=-1.9884 jar=0.5446 quality=0.9421
2026-04-22 00:37:11,746 INFO epoch=42 done
2026-04-22 00:37:11,754 INFO epoch=42 diag: cos_sim=-0.0169 ctrl_mag=0.8428 score_mag=17.0576 ratio=0.0494
2026-04-22 00:37:16,114 INFO epoch=43 step=6600 loss=574.2330 dsm=574.3724 control=0.0029 path_kl=-1.4771 jar=0.1603 quality=0.8368
2026-04-22 00:38:28,724 INFO epoch=43 step=6700 loss=530.6660 dsm=530.8278 control=0.0029 path_kl=-1.7019 jar=0.6099 quality=0.8349
2026-04-22 00:39:05,255 INFO epoch=43 done
2026-04-22 00:39:05,265 INFO epoch=43 diag: cos_sim=-0.0169 ctrl_mag=0.8429 score_mag=17.0576 ratio=0.0494
2026-04-22 00:39:40,840 INFO epoch=44 step=6800 loss=454.6111 dsm=454.7794 control=0.0029 path_kl=-1.7569 jar=-3.2912 quality=0.7447
2026-04-22 00:40:53,497 INFO epoch=44 step=6900 loss=189.5988 dsm=189.7477 control=0.0029 path_kl=-1.5605 jar=0.1445 quality=0.7076
2026-04-22 00:40:58,828 INFO epoch=44 done
2026-04-22 00:40:58,836 INFO epoch=44 diag: cos_sim=-0.0170 ctrl_mag=0.8431 score_mag=17.0576 ratio=0.0494
2026-04-22 00:42:05,712 INFO epoch=45 step=7000 loss=345.2420 dsm=345.3744 control=0.0028 path_kl=-1.4060 jar=-0.0483 quality=0.8215
2026-04-22 00:42:52,485 INFO epoch=45 done
2026-04-22 00:42:52,493 INFO epoch=45 diag: cos_sim=-0.0170 ctrl_mag=0.8434 score_mag=17.0576 ratio=0.0494
2026-04-22 00:43:17,981 INFO epoch=46 step=7100 loss=339.6887 dsm=339.7913 control=0.0029 path_kl=-1.1098 jar=-0.1800 quality=0.8368
2026-04-22 00:44:30,709 INFO epoch=46 step=7200 loss=656.9374 dsm=656.9979 control=0.0029 path_kl=-0.7015 jar=-1.8049 quality=0.9656
2026-04-22 00:44:46,233 INFO epoch=46 done
2026-04-22 00:44:46,242 INFO epoch=46 diag: cos_sim=-0.0170 ctrl_mag=0.8434 score_mag=17.0576 ratio=0.0494
2026-04-22 00:45:42,901 INFO epoch=47 step=7300 loss=252.1273 dsm=252.3035 control=0.0028 path_kl=-1.8364 jar=0.2003 quality=0.7428
2026-04-22 00:46:39,775 INFO epoch=47 done
2026-04-22 00:46:39,784 INFO epoch=47 diag: cos_sim=-0.0170 ctrl_mag=0.8436 score_mag=17.0576 ratio=0.0495
2026-04-22 00:46:55,038 INFO epoch=48 step=7400 loss=461.5800 dsm=461.6776 control=0.0028 path_kl=-1.0603 jar=-0.4849 quality=0.8394
2026-04-22 00:48:07,670 INFO epoch=48 step=7500 loss=497.7697 dsm=497.7933 control=0.0029 path_kl=-0.3254 jar=-2.1183 quality=0.8923
2026-04-22 00:48:33,417 INFO epoch=48 done
2026-04-22 00:48:33,425 INFO epoch=48 diag: cos_sim=-0.0171 ctrl_mag=0.8439 score_mag=17.0576 ratio=0.0495
2026-04-22 00:49:19,872 INFO epoch=49 step=7600 loss=541.1505 dsm=541.2555 control=0.0029 path_kl=-1.1336 jar=-1.0746 quality=0.8304
2026-04-22 00:50:26,959 INFO epoch=49 done
2026-04-22 00:50:26,966 INFO epoch=49 diag: cos_sim=-0.0170 ctrl_mag=0.8439 score_mag=17.0576 ratio=0.0495
2026-04-22 00:50:32,046 INFO epoch=50 step=7700 loss=427.3149 dsm=427.4236 control=0.0030 path_kl=-1.1656 jar=-0.9134 quality=0.7843
2026-04-22 00:51:44,697 INFO epoch=50 step=7800 loss=410.2452 dsm=410.2857 control=0.0028 path_kl=-0.5062 jar=-0.8533 quality=1.0096
2026-04-22 00:52:20,585 INFO epoch=50 done
2026-04-22 00:52:20,594 INFO epoch=50 diag: cos_sim=-0.0171 ctrl_mag=0.8438 score_mag=17.0576 ratio=0.0495
2026-04-22 00:52:57,009 INFO epoch=51 step=7900 loss=695.0568 dsm=695.0508 control=0.0029 path_kl=-0.0236 jar=-1.5632 quality=0.8390
2026-04-22 00:54:09,651 INFO epoch=51 step=8000 loss=423.1869 dsm=423.1858 control=0.0029 path_kl=-0.0810 jar=-2.5841 quality=0.9119
2026-04-22 00:54:14,266 INFO epoch=51 done
2026-04-22 00:54:14,276 INFO epoch=51 diag: cos_sim=-0.0171 ctrl_mag=0.8437 score_mag=17.0576 ratio=0.0495
2026-04-22 00:55:21,839 INFO epoch=52 step=8100 loss=570.1733 dsm=570.1417 control=0.0030 path_kl=0.2387 jar=-2.8330 quality=0.7709
2026-04-22 00:56:07,859 INFO epoch=52 done
2026-04-22 00:56:07,868 INFO epoch=52 diag: cos_sim=-0.0171 ctrl_mag=0.8436 score_mag=17.0576 ratio=0.0495
2026-04-22 00:56:34,006 INFO epoch=53 step=8200 loss=581.1342 dsm=581.0419 control=0.0029 path_kl=0.8286 jar=-4.1187 quality=0.9419
2026-04-22 00:57:46,661 INFO epoch=53 step=8300 loss=505.2430 dsm=505.2263 control=0.0029 path_kl=0.0841 jar=-2.6004 quality=0.8225
2026-04-22 00:58:01,441 INFO epoch=53 done
2026-04-22 00:58:01,449 INFO epoch=53 diag: cos_sim=-0.0171 ctrl_mag=0.8434 score_mag=17.0576 ratio=0.0494
2026-04-22 00:58:58,832 INFO epoch=54 step=8400 loss=498.6113 dsm=498.5876 control=0.0028 path_kl=0.1497 jar=-2.3352 quality=0.8656
2026-04-22 00:59:55,022 INFO epoch=54 done
2026-04-22 00:59:55,031 INFO epoch=54 diag: cos_sim=-0.0170 ctrl_mag=0.8432 score_mag=17.0576 ratio=0.0494
2026-04-22 01:00:11,007 INFO epoch=55 step=8500 loss=510.3786 dsm=510.3488 control=0.0029 path_kl=0.2095 jar=-1.9450 quality=0.8887
2026-04-22 01:01:23,581 INFO epoch=55 step=8600 loss=453.7313 dsm=453.7423 control=0.0029 path_kl=-0.1965 jar=-0.7777 quality=0.8561
2026-04-22 01:01:48,534 INFO epoch=55 done
2026-04-22 01:01:48,542 INFO epoch=55 diag: cos_sim=-0.0169 ctrl_mag=0.8429 score_mag=17.0576 ratio=0.0494
2026-04-22 01:02:35,811 INFO epoch=56 step=8700 loss=662.0370 dsm=661.9794 control=0.0029 path_kl=0.4948 jar=-3.4523 quality=0.8116
2026-04-22 01:03:42,191 INFO epoch=56 done
2026-04-22 01:03:42,200 INFO epoch=56 diag: cos_sim=-0.0170 ctrl_mag=0.8426 score_mag=17.0576 ratio=0.0494
2026-04-22 01:03:48,003 INFO epoch=57 step=8800 loss=353.5070 dsm=353.3960 control=0.0029 path_kl=1.0045 jar=-5.2110 quality=1.0574
2026-04-22 01:05:00,689 INFO epoch=57 step=8900 loss=673.1511 dsm=673.0604 control=0.0029 path_kl=0.8270 jar=-1.9611 quality=0.8065
2026-04-22 01:05:35,792 INFO epoch=57 done
2026-04-22 01:05:35,804 INFO epoch=57 diag: cos_sim=-0.0170 ctrl_mag=0.8422 score_mag=17.0576 ratio=0.0494
2026-04-22 01:06:12,823 INFO epoch=58 step=9000 loss=457.7924 dsm=457.7178 control=0.0029 path_kl=0.6683 jar=-2.3055 quality=0.7698
2026-04-22 01:07:25,417 INFO epoch=58 step=9100 loss=429.7433 dsm=429.6901 control=0.0029 path_kl=0.4396 jar=-3.0093 quality=0.9226
2026-04-22 01:07:29,299 INFO epoch=58 done
2026-04-22 01:07:29,308 INFO epoch=58 diag: cos_sim=-0.0170 ctrl_mag=0.8419 score_mag=17.0576 ratio=0.0494
2026-04-22 01:08:37,566 INFO epoch=59 step=9200 loss=199.1228 dsm=199.0901 control=0.0029 path_kl=0.2158 jar=-2.0269 quality=1.1082
2026-04-22 01:09:22,861 INFO epoch=59 done
2026-04-22 01:09:22,869 INFO epoch=59 diag: cos_sim=-0.0170 ctrl_mag=0.8413 score_mag=17.0576 ratio=0.0493
2026-04-22 01:09:49,725 INFO epoch=60 step=9300 loss=586.4440 dsm=586.3598 control=0.0028 path_kl=0.7586 jar=-2.5736 quality=0.8367
2026-04-22 01:11:02,400 INFO epoch=60 step=9400 loss=542.2499 dsm=542.0922 control=0.0029 path_kl=1.4948 jar=-3.4873 quality=0.8283
2026-04-22 01:11:16,460 INFO epoch=60 done
2026-04-22 01:11:16,469 INFO epoch=60 diag: cos_sim=-0.0170 ctrl_mag=0.8407 score_mag=17.0576 ratio=0.0493
