2026-04-19 17:31:20,369 INFO Resumed from checkpoints\score_fmnist_v2\score_epoch_0015.pt (epoch=15, step=3345)
2026-04-19 17:31:47,104 WARNING High grad norm: 11726.91 at epoch=16 step=3345
2026-04-19 17:31:48,768 WARNING High grad norm: 21514.56 at epoch=16 step=3346
2026-04-19 17:31:49,080 WARNING High grad norm: 8971.98 at epoch=16 step=3347
2026-04-19 17:31:49,388 WARNING High grad norm: 16253.27 at epoch=16 step=3348
2026-04-19 17:31:49,693 WARNING High grad norm: 21292.35 at epoch=16 step=3349
2026-04-19 17:31:51,184 WARNING High grad norm: 7875.29 at epoch=16 step=3350
2026-04-19 17:31:51,490 WARNING High grad norm: 17523.19 at epoch=16 step=3351
2026-04-19 17:31:51,787 WARNING High grad norm: 17380.91 at epoch=16 step=3352
2026-04-19 17:31:53,212 WARNING High grad norm: 9721.99 at epoch=16 step=3353
2026-04-19 17:31:53,535 WARNING High grad norm: 18395.30 at epoch=16 step=3354
2026-04-19 17:31:53,860 WARNING High grad norm: 24081.44 at epoch=16 step=3355
2026-04-19 17:31:55,383 WARNING High grad norm: 8226.62 at epoch=16 step=3356
2026-04-19 17:31:55,718 WARNING High grad norm: 20412.09 at epoch=16 step=3357
2026-04-19 17:31:55,980 WARNING High grad norm: 26188.48 at epoch=16 step=3358
2026-04-19 17:31:56,204 WARNING High grad norm: 12696.45 at epoch=16 step=3359
2026-04-19 17:31:56,429 WARNING High grad norm: 16782.15 at epoch=16 step=3360
2026-04-19 17:31:57,989 WARNING High grad norm: 25898.68 at epoch=16 step=3361
2026-04-19 17:31:58,253 WARNING High grad norm: 10550.65 at epoch=16 step=3362
2026-04-19 17:31:58,516 WARNING High grad norm: 16744.25 at epoch=16 step=3363
2026-04-19 17:31:58,742 WARNING High grad norm: 24672.00 at epoch=16 step=3364
2026-04-19 17:32:00,304 WARNING High grad norm: 10178.22 at epoch=16 step=3365
2026-04-19 17:32:00,588 WARNING High grad norm: 16999.07 at epoch=16 step=3366
2026-04-19 17:32:00,819 WARNING High grad norm: 27627.36 at epoch=16 step=3367
2026-04-19 17:32:01,049 WARNING High grad norm: 8509.52 at epoch=16 step=3368
2026-04-19 17:32:02,497 WARNING High grad norm: 12321.99 at epoch=16 step=3369
2026-04-19 17:32:02,841 WARNING High grad norm: 12386.58 at epoch=16 step=3370
2026-04-19 17:32:03,079 WARNING High grad norm: 10441.75 at epoch=16 step=3371
2026-04-19 17:32:03,301 WARNING High grad norm: 21073.07 at epoch=16 step=3372
2026-04-19 17:32:03,529 WARNING High grad norm: 28529.13 at epoch=16 step=3373
2026-04-19 17:32:05,079 WARNING High grad norm: 18638.18 at epoch=16 step=3374
2026-04-19 17:32:05,339 WARNING High grad norm: 13572.35 at epoch=16 step=3375
2026-04-19 17:32:05,566 WARNING High grad norm: 23580.36 at epoch=16 step=3376
2026-04-19 17:32:05,794 WARNING High grad norm: 5957.94 at epoch=16 step=3377
2026-04-19 17:32:07,343 WARNING High grad norm: 15920.51 at epoch=16 step=3378
2026-04-19 17:32:07,623 WARNING High grad norm: 27950.15 at epoch=16 step=3379
2026-04-19 17:32:07,849 WARNING High grad norm: 16161.91 at epoch=16 step=3380
2026-04-19 17:32:08,077 WARNING High grad norm: 10802.87 at epoch=16 step=3381
2026-04-19 17:32:09,562 WARNING High grad norm: 17255.78 at epoch=16 step=3382
2026-04-19 17:32:09,897 WARNING High grad norm: 8528.75 at epoch=16 step=3383
2026-04-19 17:32:10,143 WARNING High grad norm: 24359.17 at epoch=16 step=3384
2026-04-19 17:32:10,376 WARNING High grad norm: 23307.18 at epoch=16 step=3385
2026-04-19 17:32:11,836 WARNING High grad norm: 16418.18 at epoch=16 step=3386
2026-04-19 17:32:12,172 WARNING High grad norm: 15345.20 at epoch=16 step=3387
2026-04-19 17:32:12,434 WARNING High grad norm: 19665.85 at epoch=16 step=3388
2026-04-19 17:32:12,691 WARNING High grad norm: 13076.14 at epoch=16 step=3389
2026-04-19 17:32:12,955 WARNING High grad norm: 11879.35 at epoch=16 step=3390
2026-04-19 17:32:13,219 WARNING High grad norm: 19138.97 at epoch=16 step=3391
2026-04-19 17:32:13,477 WARNING High grad norm: 5636.91 at epoch=16 step=3392
2026-04-19 17:32:13,731 WARNING High grad norm: 13543.26 at epoch=16 step=3393
2026-04-19 17:32:13,985 WARNING High grad norm: 19673.38 at epoch=16 step=3394
2026-04-19 17:32:14,240 WARNING High grad norm: 10292.69 at epoch=16 step=3395
2026-04-19 17:32:14,505 WARNING High grad norm: 19241.14 at epoch=16 step=3396
2026-04-19 17:32:14,768 WARNING High grad norm: 17341.20 at epoch=16 step=3397
2026-04-19 17:32:15,025 WARNING High grad norm: 11610.00 at epoch=16 step=3398
2026-04-19 17:32:15,284 WARNING High grad norm: 14097.33 at epoch=16 step=3399
2026-04-19 17:32:15,306 INFO epoch=16 step=3400 loss=571.8746 grad_norm=14097.3330 lr=1.59e-04
2026-04-19 17:32:15,550 WARNING High grad norm: 13444.63 at epoch=16 step=3400
2026-04-19 17:32:15,805 WARNING High grad norm: 9140.29 at epoch=16 step=3401
2026-04-19 17:32:16,064 WARNING High grad norm: 15089.89 at epoch=16 step=3402
2026-04-19 17:32:16,322 WARNING High grad norm: 20649.16 at epoch=16 step=3403
2026-04-19 17:32:16,589 WARNING High grad norm: 9554.42 at epoch=16 step=3404
2026-04-19 17:32:16,844 WARNING High grad norm: 16891.60 at epoch=16 step=3405
2026-04-19 17:32:17,102 WARNING High grad norm: 22683.29 at epoch=16 step=3406
2026-04-19 17:32:17,358 WARNING High grad norm: 9580.09 at epoch=16 step=3407
2026-04-19 17:32:17,615 WARNING High grad norm: 20800.97 at epoch=16 step=3408
2026-04-19 17:32:17,875 WARNING High grad norm: 20505.57 at epoch=16 step=3409
2026-04-19 17:32:18,135 WARNING High grad norm: 10712.50 at epoch=16 step=3410
2026-04-19 17:32:18,392 WARNING High grad norm: 10184.34 at epoch=16 step=3411
2026-04-19 17:32:18,650 WARNING High grad norm: 19834.97 at epoch=16 step=3412
2026-04-19 17:32:18,907 WARNING High grad norm: 10386.00 at epoch=16 step=3413
2026-04-19 17:32:19,163 WARNING High grad norm: 12037.77 at epoch=16 step=3414
2026-04-19 17:32:19,427 WARNING High grad norm: 16927.73 at epoch=16 step=3415
2026-04-19 17:32:19,687 WARNING High grad norm: 8598.93 at epoch=16 step=3416
2026-04-19 17:32:19,950 WARNING High grad norm: 17711.55 at epoch=16 step=3417
2026-04-19 17:32:20,223 WARNING High grad norm: 14804.06 at epoch=16 step=3418
2026-04-19 17:32:20,451 WARNING High grad norm: 11138.38 at epoch=16 step=3419
2026-04-19 17:32:20,675 WARNING High grad norm: 13826.13 at epoch=16 step=3420
2026-04-19 17:32:20,902 WARNING High grad norm: 19755.93 at epoch=16 step=3421
2026-04-19 17:32:21,128 WARNING High grad norm: 5569.82 at epoch=16 step=3422
2026-04-19 17:32:21,358 WARNING High grad norm: 11660.07 at epoch=16 step=3423
2026-04-19 17:32:21,582 WARNING High grad norm: 14458.67 at epoch=16 step=3424
2026-04-19 17:32:21,812 WARNING High grad norm: 4006.17 at epoch=16 step=3425
2026-04-19 17:32:22,043 WARNING High grad norm: 8548.74 at epoch=16 step=3426
2026-04-19 17:32:22,277 WARNING High grad norm: 3971.75 at epoch=16 step=3427
2026-04-19 17:32:22,503 WARNING High grad norm: 4704.97 at epoch=16 step=3428
2026-04-19 17:32:22,733 WARNING High grad norm: 4289.13 at epoch=16 step=3429
2026-04-19 17:32:22,958 WARNING High grad norm: 2768.25 at epoch=16 step=3430
2026-04-19 17:32:23,187 WARNING High grad norm: 3674.33 at epoch=16 step=3431
2026-04-19 17:32:23,414 WARNING High grad norm: 10399.72 at epoch=16 step=3432
2026-04-19 17:32:23,641 WARNING High grad norm: 6438.00 at epoch=16 step=3433
2026-04-19 17:32:23,870 WARNING High grad norm: 14521.91 at epoch=16 step=3434
2026-04-19 17:32:24,095 WARNING High grad norm: 11829.64 at epoch=16 step=3435
2026-04-19 17:32:24,323 WARNING High grad norm: 6825.45 at epoch=16 step=3436
2026-04-19 17:32:24,550 WARNING High grad norm: 10180.49 at epoch=16 step=3437
2026-04-19 17:32:24,781 WARNING High grad norm: 5909.10 at epoch=16 step=3438
2026-04-19 17:32:25,014 WARNING High grad norm: 6519.17 at epoch=16 step=3439
2026-04-19 17:32:25,243 WARNING High grad norm: 8564.13 at epoch=16 step=3440
2026-04-19 17:32:25,471 WARNING High grad norm: 9996.61 at epoch=16 step=3441
2026-04-19 17:32:25,703 WARNING High grad norm: 13041.31 at epoch=16 step=3442
2026-04-19 17:32:25,928 WARNING High grad norm: 10034.11 at epoch=16 step=3443
2026-04-19 17:32:26,157 WARNING High grad norm: 6769.54 at epoch=16 step=3444
2026-04-19 17:32:26,383 WARNING High grad norm: 7309.77 at epoch=16 step=3445
2026-04-19 17:32:26,612 WARNING High grad norm: 9592.23 at epoch=16 step=3446
2026-04-19 17:32:26,838 WARNING High grad norm: 9361.05 at epoch=16 step=3447
2026-04-19 17:32:27,064 WARNING High grad norm: 5617.51 at epoch=16 step=3448
2026-04-19 17:32:27,290 WARNING High grad norm: 5046.47 at epoch=16 step=3449
2026-04-19 17:32:27,521 WARNING High grad norm: 9071.94 at epoch=16 step=3450
2026-04-19 17:32:27,745 WARNING High grad norm: 9939.40 at epoch=16 step=3451
2026-04-19 17:32:27,968 WARNING High grad norm: 8372.80 at epoch=16 step=3452
2026-04-19 17:32:28,201 WARNING High grad norm: 8665.52 at epoch=16 step=3453
2026-04-19 17:32:28,437 WARNING High grad norm: 8898.78 at epoch=16 step=3454
2026-04-19 17:32:28,669 WARNING High grad norm: 7218.63 at epoch=16 step=3455
2026-04-19 17:32:28,900 WARNING High grad norm: 12946.83 at epoch=16 step=3456
2026-04-19 17:32:29,127 WARNING High grad norm: 8722.28 at epoch=16 step=3457
2026-04-19 17:32:29,358 WARNING High grad norm: 3957.04 at epoch=16 step=3458
2026-04-19 17:32:29,585 WARNING High grad norm: 7552.77 at epoch=16 step=3459
2026-04-19 17:32:29,817 WARNING High grad norm: 7034.72 at epoch=16 step=3460
2026-04-19 17:32:30,046 WARNING High grad norm: 5045.14 at epoch=16 step=3461
2026-04-19 17:32:30,276 WARNING High grad norm: 10148.24 at epoch=16 step=3462
2026-04-19 17:32:30,507 WARNING High grad norm: 9947.58 at epoch=16 step=3463
2026-04-19 17:32:30,733 WARNING High grad norm: 10598.32 at epoch=16 step=3464
2026-04-19 17:32:30,959 WARNING High grad norm: 10743.90 at epoch=16 step=3465
2026-04-19 17:32:31,184 WARNING High grad norm: 6138.52 at epoch=16 step=3466
2026-04-19 17:32:31,416 WARNING High grad norm: 6839.49 at epoch=16 step=3467
2026-04-19 17:32:31,642 WARNING High grad norm: 10994.36 at epoch=16 step=3468
2026-04-19 17:32:31,870 WARNING High grad norm: 6136.12 at epoch=16 step=3469
2026-04-19 17:32:32,095 WARNING High grad norm: 17378.18 at epoch=16 step=3470
2026-04-19 17:32:32,321 WARNING High grad norm: 16557.20 at epoch=16 step=3471
2026-04-19 17:32:32,547 WARNING High grad norm: 3140.15 at epoch=16 step=3472
2026-04-19 17:32:32,780 WARNING High grad norm: 13551.87 at epoch=16 step=3473
2026-04-19 17:32:33,008 WARNING High grad norm: 20244.22 at epoch=16 step=3474
2026-04-19 17:32:33,234 WARNING High grad norm: 9460.34 at epoch=16 step=3475
2026-04-19 17:32:33,460 WARNING High grad norm: 12259.79 at epoch=16 step=3476
2026-04-19 17:32:33,696 WARNING High grad norm: 3150.39 at epoch=16 step=3477
2026-04-19 17:32:33,926 WARNING High grad norm: 12741.79 at epoch=16 step=3478
2026-04-19 17:32:34,154 WARNING High grad norm: 6231.85 at epoch=16 step=3479
2026-04-19 17:32:35,640 WARNING High grad norm: 11478.97 at epoch=16 step=3480
2026-04-19 17:32:35,968 WARNING High grad norm: 8509.08 at epoch=16 step=3481
2026-04-19 17:32:36,236 WARNING High grad norm: 9409.74 at epoch=16 step=3482
2026-04-19 17:32:36,465 WARNING High grad norm: 9936.78 at epoch=16 step=3483
2026-04-19 17:32:36,692 WARNING High grad norm: 9696.63 at epoch=16 step=3484
2026-04-19 17:32:38,243 WARNING High grad norm: 11530.72 at epoch=16 step=3485
2026-04-19 17:32:38,504 WARNING High grad norm: 8967.25 at epoch=16 step=3486
2026-04-19 17:32:38,730 WARNING High grad norm: 6192.74 at epoch=16 step=3487
2026-04-19 17:32:38,957 WARNING High grad norm: 11167.63 at epoch=16 step=3488
2026-04-19 17:32:40,507 WARNING High grad norm: 9550.84 at epoch=16 step=3489
2026-04-19 17:32:40,777 WARNING High grad norm: 8476.61 at epoch=16 step=3490
2026-04-19 17:32:41,001 WARNING High grad norm: 9171.00 at epoch=16 step=3491
2026-04-19 17:32:41,226 WARNING High grad norm: 8955.05 at epoch=16 step=3492
2026-04-19 17:32:42,743 WARNING High grad norm: 5484.65 at epoch=16 step=3493
2026-04-19 17:32:43,071 WARNING High grad norm: 11210.00 at epoch=16 step=3494
2026-04-19 17:32:43,301 WARNING High grad norm: 10240.09 at epoch=16 step=3495
2026-04-19 17:32:43,528 WARNING High grad norm: 7787.21 at epoch=16 step=3496
2026-04-19 17:32:44,969 WARNING High grad norm: 4210.08 at epoch=16 step=3497
2026-04-19 17:32:45,299 WARNING High grad norm: 11493.49 at epoch=16 step=3498
2026-04-19 17:32:45,549 WARNING High grad norm: 12053.97 at epoch=16 step=3499
2026-04-19 17:32:45,574 INFO epoch=16 step=3500 loss=576.5902 grad_norm=12053.9717 lr=1.59e-04
2026-04-19 17:32:45,787 WARNING High grad norm: 7599.18 at epoch=16 step=3500
2026-04-19 17:32:47,223 WARNING High grad norm: 7476.76 at epoch=16 step=3501
2026-04-19 17:32:47,547 WARNING High grad norm: 10878.02 at epoch=16 step=3502
2026-04-19 17:32:47,808 WARNING High grad norm: 9356.85 at epoch=16 step=3503
2026-04-19 17:32:48,034 WARNING High grad norm: 10757.61 at epoch=16 step=3504
2026-04-19 17:32:48,258 WARNING High grad norm: 8025.19 at epoch=16 step=3505
2026-04-19 17:32:49,787 WARNING High grad norm: 6752.13 at epoch=16 step=3506
2026-04-19 17:32:50,048 WARNING High grad norm: 5104.75 at epoch=16 step=3507
2026-04-19 17:32:50,273 WARNING High grad norm: 8295.73 at epoch=16 step=3508
2026-04-19 17:32:50,495 WARNING High grad norm: 9486.27 at epoch=16 step=3509
2026-04-19 17:32:52,179 WARNING High grad norm: 11556.29 at epoch=16 step=3510
2026-04-19 17:32:52,454 WARNING High grad norm: 9437.63 at epoch=16 step=3511
2026-04-19 17:32:52,676 WARNING High grad norm: 10574.30 at epoch=16 step=3512
2026-04-19 17:32:52,899 WARNING High grad norm: 7920.27 at epoch=16 step=3513
2026-04-19 17:32:56,067 WARNING High grad norm: 10652.89 at epoch=16 step=3514
2026-04-19 17:32:56,415 WARNING High grad norm: 9488.53 at epoch=16 step=3515
2026-04-19 17:32:56,780 WARNING High grad norm: 12108.81 at epoch=16 step=3516
2026-04-19 17:33:00,856 WARNING High grad norm: 8544.89 at epoch=16 step=3517
2026-04-19 17:33:01,198 WARNING High grad norm: 10300.75 at epoch=16 step=3518
2026-04-19 17:33:01,533 WARNING High grad norm: 10956.13 at epoch=16 step=3519
2026-04-19 17:33:01,865 WARNING High grad norm: 12139.76 at epoch=16 step=3520
2026-04-19 17:33:02,201 WARNING High grad norm: 9181.19 at epoch=16 step=3521
2026-04-19 17:33:02,534 WARNING High grad norm: 7648.85 at epoch=16 step=3522
2026-04-19 17:33:06,983 WARNING High grad norm: 9948.12 at epoch=16 step=3523
2026-04-19 17:33:07,386 WARNING High grad norm: 4888.26 at epoch=16 step=3524
2026-04-19 17:33:07,611 WARNING High grad norm: 7781.68 at epoch=16 step=3525
2026-04-19 17:33:07,836 WARNING High grad norm: 9650.60 at epoch=16 step=3526
2026-04-19 17:33:12,477 WARNING High grad norm: 8464.63 at epoch=16 step=3527
2026-04-19 17:33:12,873 WARNING High grad norm: 14168.91 at epoch=16 step=3528
2026-04-19 17:33:13,153 WARNING High grad norm: 17877.16 at epoch=16 step=3529
2026-04-19 17:33:13,379 WARNING High grad norm: 5110.12 at epoch=16 step=3530
2026-04-19 17:33:13,607 WARNING High grad norm: 7119.03 at epoch=16 step=3531
2026-04-19 17:33:17,686 WARNING High grad norm: 4629.60 at epoch=16 step=3532
2026-04-19 17:33:17,984 WARNING High grad norm: 6401.61 at epoch=16 step=3533
2026-04-19 17:33:18,314 WARNING High grad norm: 9939.49 at epoch=16 step=3534
2026-04-19 17:33:21,643 WARNING High grad norm: 4697.52 at epoch=16 step=3535
2026-04-19 17:33:21,960 WARNING High grad norm: 8465.58 at epoch=16 step=3536
2026-04-19 17:33:22,272 WARNING High grad norm: 6118.18 at epoch=16 step=3537
2026-04-19 17:33:22,647 WARNING High grad norm: 3196.11 at epoch=16 step=3538
2026-04-19 17:33:25,860 WARNING High grad norm: 3651.01 at epoch=16 step=3539
2026-04-19 17:33:26,178 WARNING High grad norm: 6625.14 at epoch=16 step=3540
2026-04-19 17:33:26,502 WARNING High grad norm: 4212.90 at epoch=16 step=3541
2026-04-19 17:33:26,815 WARNING High grad norm: 4744.78 at epoch=16 step=3542
2026-04-19 17:33:27,138 WARNING High grad norm: 10432.38 at epoch=16 step=3543
2026-04-19 17:33:29,600 WARNING High grad norm: 12225.27 at epoch=16 step=3544
2026-04-19 17:33:29,869 WARNING High grad norm: 15189.21 at epoch=16 step=3545
2026-04-19 17:33:30,135 WARNING High grad norm: 13756.98 at epoch=16 step=3546
2026-04-19 17:33:32,395 WARNING High grad norm: 8918.04 at epoch=16 step=3547
2026-04-19 17:33:32,755 WARNING High grad norm: 4019.12 at epoch=16 step=3548
2026-04-19 17:33:33,115 WARNING High grad norm: 14447.14 at epoch=16 step=3549
2026-04-19 17:33:33,345 WARNING High grad norm: 9211.66 at epoch=16 step=3550
2026-04-19 17:33:33,574 WARNING High grad norm: 6295.72 at epoch=16 step=3551
2026-04-19 17:33:35,562 WARNING High grad norm: 8523.12 at epoch=16 step=3552
2026-04-19 17:33:35,912 WARNING High grad norm: 11221.83 at epoch=16 step=3553
2026-04-19 17:33:36,162 WARNING High grad norm: 8131.17 at epoch=16 step=3554
2026-04-19 17:33:36,395 WARNING High grad norm: 17305.23 at epoch=16 step=3555
2026-04-19 17:33:38,243 WARNING High grad norm: 12170.73 at epoch=16 step=3556
2026-04-19 17:33:38,590 WARNING High grad norm: 3986.46 at epoch=16 step=3557
2026-04-19 17:33:38,866 WARNING High grad norm: 5277.32 at epoch=16 step=3558
2026-04-19 17:33:39,096 WARNING High grad norm: 7928.51 at epoch=16 step=3559
2026-04-19 17:33:40,925 WARNING High grad norm: 7677.42 at epoch=16 step=3560
2026-04-19 17:33:41,261 WARNING High grad norm: 15918.09 at epoch=16 step=3561
2026-04-19 17:33:41,543 WARNING High grad norm: 13277.53 at epoch=16 step=3562
2026-04-19 17:33:41,824 WARNING High grad norm: 4362.55 at epoch=16 step=3563
2026-04-19 17:33:43,643 WARNING High grad norm: 5163.22 at epoch=16 step=3564
2026-04-19 17:33:44,001 WARNING High grad norm: 6399.50 at epoch=16 step=3565
2026-04-19 17:33:44,243 WARNING High grad norm: 8933.75 at epoch=16 step=3566
2026-04-19 17:33:44,402 WARNING High grad norm: 12352.48 at epoch=16 step=3567
2026-04-19 17:33:46,282 INFO epoch=16 avg_loss=577.2021 lr=1.59e-04
2026-04-19 17:34:12,863 WARNING High grad norm: 13212.09 at epoch=17 step=3568
2026-04-19 17:34:13,160 WARNING High grad norm: 4855.07 at epoch=17 step=3569
2026-04-19 17:34:13,458 WARNING High grad norm: 5697.38 at epoch=17 step=3570
2026-04-19 17:34:15,150 WARNING High grad norm: 12560.66 at epoch=17 step=3571
2026-04-19 17:34:15,471 WARNING High grad norm: 7467.52 at epoch=17 step=3572
2026-04-19 17:34:15,791 WARNING High grad norm: 5813.05 at epoch=17 step=3573
2026-04-19 17:34:17,437 WARNING High grad norm: 6338.34 at epoch=17 step=3574
2026-04-19 17:34:17,755 WARNING High grad norm: 8632.91 at epoch=17 step=3575
2026-04-19 17:34:18,072 WARNING High grad norm: 3439.46 at epoch=17 step=3576
2026-04-19 17:34:18,396 WARNING High grad norm: 9575.82 at epoch=17 step=3577
2026-04-19 17:34:20,021 WARNING High grad norm: 7830.83 at epoch=17 step=3578
2026-04-19 17:34:20,335 WARNING High grad norm: 11218.38 at epoch=17 step=3579
2026-04-19 17:34:20,653 WARNING High grad norm: 11241.84 at epoch=17 step=3580
2026-04-19 17:34:22,253 WARNING High grad norm: 9646.50 at epoch=17 step=3581
2026-04-19 17:34:22,551 WARNING High grad norm: 7695.55 at epoch=17 step=3582
2026-04-19 17:34:22,856 WARNING High grad norm: 2876.86 at epoch=17 step=3583
2026-04-19 17:34:24,500 WARNING High grad norm: 7093.05 at epoch=17 step=3584
2026-04-19 17:34:24,820 WARNING High grad norm: 10902.31 at epoch=17 step=3585
2026-04-19 17:34:25,142 WARNING High grad norm: 10879.75 at epoch=17 step=3586
2026-04-19 17:34:26,731 WARNING High grad norm: 12319.09 at epoch=17 step=3587
2026-04-19 17:34:27,048 WARNING High grad norm: 10173.82 at epoch=17 step=3588
2026-04-19 17:34:27,361 WARNING High grad norm: 3400.35 at epoch=17 step=3589
2026-04-19 17:34:27,660 WARNING High grad norm: 5178.64 at epoch=17 step=3590
2026-04-19 17:34:27,961 WARNING High grad norm: 12264.03 at epoch=17 step=3591
2026-04-19 17:34:28,263 WARNING High grad norm: 9626.55 at epoch=17 step=3592
2026-04-19 17:34:28,560 WARNING High grad norm: 12366.68 at epoch=17 step=3593
2026-04-19 17:34:28,857 WARNING High grad norm: 12063.96 at epoch=17 step=3594
2026-04-19 17:34:29,156 WARNING High grad norm: 3059.26 at epoch=17 step=3595
2026-04-19 17:34:29,452 WARNING High grad norm: 13868.42 at epoch=17 step=3596
2026-04-19 17:34:29,747 WARNING High grad norm: 8583.68 at epoch=17 step=3597
2026-04-19 17:34:30,053 WARNING High grad norm: 7298.55 at epoch=17 step=3598
2026-04-19 17:34:30,363 WARNING High grad norm: 7223.90 at epoch=17 step=3599
2026-04-19 17:34:30,383 INFO epoch=17 step=3600 loss=554.9523 grad_norm=7223.9019 lr=1.59e-04
2026-04-19 17:34:30,673 WARNING High grad norm: 3155.21 at epoch=17 step=3600
2026-04-19 17:34:30,975 WARNING High grad norm: 3244.28 at epoch=17 step=3601
2026-04-19 17:34:31,271 WARNING High grad norm: 5388.29 at epoch=17 step=3602
2026-04-19 17:34:31,572 WARNING High grad norm: 5957.85 at epoch=17 step=3603
2026-04-19 17:34:31,880 WARNING High grad norm: 1563.66 at epoch=17 step=3604
2026-04-19 17:34:32,231 WARNING High grad norm: 8593.38 at epoch=17 step=3605
2026-04-19 17:34:32,549 WARNING High grad norm: 3166.77 at epoch=17 step=3606
2026-04-19 17:34:32,777 WARNING High grad norm: 8810.70 at epoch=17 step=3607
2026-04-19 17:34:33,011 WARNING High grad norm: 6169.07 at epoch=17 step=3608
2026-04-19 17:34:33,234 WARNING High grad norm: 2294.21 at epoch=17 step=3609
2026-04-19 17:34:33,456 WARNING High grad norm: 4931.21 at epoch=17 step=3610
2026-04-19 17:34:33,678 WARNING High grad norm: 8854.27 at epoch=17 step=3611
2026-04-19 17:34:33,904 WARNING High grad norm: 4546.42 at epoch=17 step=3612
2026-04-19 17:34:34,129 WARNING High grad norm: 10817.89 at epoch=17 step=3613
2026-04-19 17:34:34,352 WARNING High grad norm: 6223.87 at epoch=17 step=3614
2026-04-19 17:34:34,580 WARNING High grad norm: 11393.66 at epoch=17 step=3615
2026-04-19 17:34:34,806 WARNING High grad norm: 12043.96 at epoch=17 step=3616
2026-04-19 17:34:35,027 WARNING High grad norm: 8819.49 at epoch=17 step=3617
2026-04-19 17:34:35,252 WARNING High grad norm: 9748.25 at epoch=17 step=3618
2026-04-19 17:34:35,478 WARNING High grad norm: 8120.55 at epoch=17 step=3619
2026-04-19 17:34:35,701 WARNING High grad norm: 7781.38 at epoch=17 step=3620
2026-04-19 17:34:35,928 WARNING High grad norm: 7098.23 at epoch=17 step=3621
2026-04-19 17:34:36,157 WARNING High grad norm: 7082.80 at epoch=17 step=3622
2026-04-19 17:34:36,381 WARNING High grad norm: 7332.76 at epoch=17 step=3623
2026-04-19 17:34:36,604 WARNING High grad norm: 4833.09 at epoch=17 step=3624
2026-04-19 17:34:36,832 WARNING High grad norm: 13956.25 at epoch=17 step=3625
2026-04-19 17:34:37,066 WARNING High grad norm: 15872.69 at epoch=17 step=3626
2026-04-19 17:34:37,297 WARNING High grad norm: 6460.10 at epoch=17 step=3627
2026-04-19 17:34:37,524 WARNING High grad norm: 5460.00 at epoch=17 step=3628
2026-04-19 17:34:37,749 WARNING High grad norm: 9954.23 at epoch=17 step=3629
2026-04-19 17:34:37,976 WARNING High grad norm: 3872.21 at epoch=17 step=3630
2026-04-19 17:34:38,198 WARNING High grad norm: 11048.87 at epoch=17 step=3631
2026-04-19 17:34:38,428 WARNING High grad norm: 9095.84 at epoch=17 step=3632
2026-04-19 17:34:38,651 WARNING High grad norm: 10582.33 at epoch=17 step=3633
2026-04-19 17:34:38,871 WARNING High grad norm: 13277.51 at epoch=17 step=3634
2026-04-19 17:34:39,107 WARNING High grad norm: 2429.12 at epoch=17 step=3635
2026-04-19 17:34:39,331 WARNING High grad norm: 21465.71 at epoch=17 step=3636
2026-04-19 17:34:39,577 WARNING High grad norm: 23900.48 at epoch=17 step=3637
2026-04-19 17:34:39,811 WARNING High grad norm: 13863.82 at epoch=17 step=3638
2026-04-19 17:34:40,037 WARNING High grad norm: 11434.07 at epoch=17 step=3639
2026-04-19 17:34:40,262 WARNING High grad norm: 19541.84 at epoch=17 step=3640
2026-04-19 17:34:40,489 WARNING High grad norm: 14288.24 at epoch=17 step=3641
2026-04-19 17:34:40,713 WARNING High grad norm: 7962.21 at epoch=17 step=3642
2026-04-19 17:34:40,936 WARNING High grad norm: 16757.00 at epoch=17 step=3643
2026-04-19 17:34:41,163 WARNING High grad norm: 5916.58 at epoch=17 step=3644
2026-04-19 17:34:42,821 WARNING High grad norm: 2098.65 at epoch=17 step=3645
2026-04-19 17:34:43,148 WARNING High grad norm: 3972.94 at epoch=17 step=3646
2026-04-19 17:34:43,372 WARNING High grad norm: 9565.04 at epoch=17 step=3647
2026-04-19 17:34:43,605 WARNING High grad norm: 7702.74 at epoch=17 step=3648
2026-04-19 17:34:45,224 WARNING High grad norm: 9659.59 at epoch=17 step=3649
2026-04-19 17:34:45,569 WARNING High grad norm: 6143.53 at epoch=17 step=3650
2026-04-19 17:34:45,813 WARNING High grad norm: 8520.31 at epoch=17 step=3651
2026-04-19 17:34:46,040 WARNING High grad norm: 7348.46 at epoch=17 step=3652
2026-04-19 17:34:46,265 WARNING High grad norm: 11619.55 at epoch=17 step=3653
2026-04-19 17:34:47,986 WARNING High grad norm: 8027.79 at epoch=17 step=3654
2026-04-19 17:34:48,239 WARNING High grad norm: 2544.09 at epoch=17 step=3655
2026-04-19 17:34:48,465 WARNING High grad norm: 4003.78 at epoch=17 step=3656
2026-04-19 17:34:48,687 WARNING High grad norm: 19834.06 at epoch=17 step=3657
2026-04-19 17:34:50,320 WARNING High grad norm: 7203.68 at epoch=17 step=3658
2026-04-19 17:34:50,649 WARNING High grad norm: 11133.33 at epoch=17 step=3659
2026-04-19 17:34:50,877 WARNING High grad norm: 9610.18 at epoch=17 step=3660
2026-04-19 17:34:51,098 WARNING High grad norm: 7155.49 at epoch=17 step=3661
2026-04-19 17:34:51,320 WARNING High grad norm: 7601.62 at epoch=17 step=3662
2026-04-19 17:34:53,020 WARNING High grad norm: 15738.05 at epoch=17 step=3663
2026-04-19 17:34:53,252 WARNING High grad norm: 16888.75 at epoch=17 step=3664
2026-04-19 17:34:53,477 WARNING High grad norm: 2073.19 at epoch=17 step=3665
2026-04-19 17:34:53,699 WARNING High grad norm: 10719.18 at epoch=17 step=3666
2026-04-19 17:34:55,403 WARNING High grad norm: 5210.12 at epoch=17 step=3667
2026-04-19 17:34:55,655 WARNING High grad norm: 13770.18 at epoch=17 step=3668
2026-04-19 17:34:55,880 WARNING High grad norm: 17346.21 at epoch=17 step=3669
2026-04-19 17:34:56,102 WARNING High grad norm: 4870.48 at epoch=17 step=3670
2026-04-19 17:34:57,699 WARNING High grad norm: 18553.37 at epoch=17 step=3671
2026-04-19 17:34:58,022 WARNING High grad norm: 16393.78 at epoch=17 step=3672
2026-04-19 17:34:58,246 WARNING High grad norm: 3924.83 at epoch=17 step=3673
2026-04-19 17:34:58,476 WARNING High grad norm: 11863.57 at epoch=17 step=3674
2026-04-19 17:34:58,699 WARNING High grad norm: 3522.54 at epoch=17 step=3675
2026-04-19 17:35:00,408 WARNING High grad norm: 9349.02 at epoch=17 step=3676
2026-04-19 17:35:00,641 WARNING High grad norm: 4035.41 at epoch=17 step=3677
2026-04-19 17:35:00,863 WARNING High grad norm: 1637.12 at epoch=17 step=3678
2026-04-19 17:35:01,084 WARNING High grad norm: 5709.52 at epoch=17 step=3679
2026-04-19 17:35:02,797 WARNING High grad norm: 7468.83 at epoch=17 step=3680
2026-04-19 17:35:03,053 WARNING High grad norm: 7829.39 at epoch=17 step=3681
2026-04-19 17:35:03,275 WARNING High grad norm: 3923.61 at epoch=17 step=3682
2026-04-19 17:35:03,501 WARNING High grad norm: 8104.24 at epoch=17 step=3683
2026-04-19 17:35:05,098 WARNING High grad norm: 9098.89 at epoch=17 step=3684
2026-04-19 17:35:05,416 WARNING High grad norm: 6134.76 at epoch=17 step=3685
2026-04-19 17:35:05,639 WARNING High grad norm: 7114.54 at epoch=17 step=3686
2026-04-19 17:35:05,863 WARNING High grad norm: 9062.07 at epoch=17 step=3687
2026-04-19 17:35:07,461 WARNING High grad norm: 8478.27 at epoch=17 step=3688
2026-04-19 17:35:07,785 WARNING High grad norm: 8417.60 at epoch=17 step=3689
2026-04-19 17:35:08,029 WARNING High grad norm: 8058.02 at epoch=17 step=3690
2026-04-19 17:35:08,253 WARNING High grad norm: 10408.78 at epoch=17 step=3691
2026-04-19 17:35:08,476 WARNING High grad norm: 3344.49 at epoch=17 step=3692
2026-04-19 17:35:10,245 WARNING High grad norm: 6047.51 at epoch=17 step=3693
2026-04-19 17:35:10,499 WARNING High grad norm: 13065.66 at epoch=17 step=3694
2026-04-19 17:35:10,728 WARNING High grad norm: 12016.78 at epoch=17 step=3695
2026-04-19 17:35:10,951 WARNING High grad norm: 7565.75 at epoch=17 step=3696
2026-04-19 17:35:12,549 WARNING High grad norm: 7111.80 at epoch=17 step=3697
2026-04-19 17:35:12,875 WARNING High grad norm: 7949.46 at epoch=17 step=3698
2026-04-19 17:35:13,098 WARNING High grad norm: 9489.48 at epoch=17 step=3699
2026-04-19 17:35:13,117 INFO epoch=17 step=3700 loss=563.1614 grad_norm=9489.4814 lr=1.59e-04
2026-04-19 17:35:13,331 WARNING High grad norm: 10076.86 at epoch=17 step=3700
2026-04-19 17:35:13,556 WARNING High grad norm: 14939.91 at epoch=17 step=3701
2026-04-19 17:35:15,254 WARNING High grad norm: 5768.14 at epoch=17 step=3702
2026-04-19 17:35:15,564 WARNING High grad norm: 3988.50 at epoch=17 step=3703
2026-04-19 17:35:15,903 WARNING High grad norm: 13682.40 at epoch=17 step=3704
2026-04-19 17:35:17,555 WARNING High grad norm: 8462.66 at epoch=17 step=3705
2026-04-19 17:35:17,842 WARNING High grad norm: 8707.41 at epoch=17 step=3706
2026-04-19 17:35:18,065 WARNING High grad norm: 13350.10 at epoch=17 step=3707
2026-04-19 17:35:18,286 WARNING High grad norm: 4394.38 at epoch=17 step=3708
2026-04-19 17:35:19,897 WARNING High grad norm: 5475.19 at epoch=17 step=3709
2026-04-19 17:35:20,215 WARNING High grad norm: 9862.01 at epoch=17 step=3710
2026-04-19 17:35:20,448 WARNING High grad norm: 10117.03 at epoch=17 step=3711
2026-04-19 17:35:20,671 WARNING High grad norm: 7285.91 at epoch=17 step=3712
2026-04-19 17:35:20,893 WARNING High grad norm: 4809.58 at epoch=17 step=3713
2026-04-19 17:35:22,614 WARNING High grad norm: 11952.74 at epoch=17 step=3714
2026-04-19 17:35:22,850 WARNING High grad norm: 11577.15 at epoch=17 step=3715
2026-04-19 17:35:23,079 WARNING High grad norm: 8919.05 at epoch=17 step=3716
2026-04-19 17:35:23,301 WARNING High grad norm: 5403.90 at epoch=17 step=3717
2026-04-19 17:35:25,033 WARNING High grad norm: 7084.19 at epoch=17 step=3718
2026-04-19 17:35:25,286 WARNING High grad norm: 4370.63 at epoch=17 step=3719
2026-04-19 17:35:25,510 WARNING High grad norm: 14301.94 at epoch=17 step=3720
2026-04-19 17:35:25,732 WARNING High grad norm: 19422.27 at epoch=17 step=3721
2026-04-19 17:35:27,316 WARNING High grad norm: 3395.61 at epoch=17 step=3722
2026-04-19 17:35:27,648 WARNING High grad norm: 11246.77 at epoch=17 step=3723
2026-04-19 17:35:27,872 WARNING High grad norm: 8423.14 at epoch=17 step=3724
2026-04-19 17:35:28,102 WARNING High grad norm: 2076.91 at epoch=17 step=3725
2026-04-19 17:35:28,331 WARNING High grad norm: 10105.41 at epoch=17 step=3726
2026-04-19 17:35:30,031 WARNING High grad norm: 7738.96 at epoch=17 step=3727
2026-04-19 17:35:30,270 WARNING High grad norm: 12494.09 at epoch=17 step=3728
2026-04-19 17:35:30,493 WARNING High grad norm: 20758.04 at epoch=17 step=3729
2026-04-19 17:35:30,717 WARNING High grad norm: 2545.44 at epoch=17 step=3730
2026-04-19 17:35:32,434 WARNING High grad norm: 10907.11 at epoch=17 step=3731
2026-04-19 17:35:32,687 WARNING High grad norm: 3745.70 at epoch=17 step=3732
2026-04-19 17:35:32,920 WARNING High grad norm: 3523.34 at epoch=17 step=3733
2026-04-19 17:35:33,143 WARNING High grad norm: 9045.91 at epoch=17 step=3734
2026-04-19 17:35:34,838 WARNING High grad norm: 4078.93 at epoch=17 step=3735
2026-04-19 17:35:35,120 WARNING High grad norm: 8941.30 at epoch=17 step=3736
2026-04-19 17:35:35,347 WARNING High grad norm: 2699.95 at epoch=17 step=3737
2026-04-19 17:35:35,576 WARNING High grad norm: 6695.32 at epoch=17 step=3738
2026-04-19 17:35:37,194 WARNING High grad norm: 3809.62 at epoch=17 step=3739
2026-04-19 17:35:37,529 WARNING High grad norm: 7566.89 at epoch=17 step=3740
2026-04-19 17:35:37,752 WARNING High grad norm: 3746.28 at epoch=17 step=3741
2026-04-19 17:35:37,979 WARNING High grad norm: 3261.96 at epoch=17 step=3742
2026-04-19 17:35:38,204 WARNING High grad norm: 9020.67 at epoch=17 step=3743
2026-04-19 17:35:39,951 WARNING High grad norm: 2922.29 at epoch=17 step=3744
2026-04-19 17:35:40,193 WARNING High grad norm: 2633.56 at epoch=17 step=3745
2026-04-19 17:35:40,419 WARNING High grad norm: 2820.44 at epoch=17 step=3746
2026-04-19 17:35:40,644 WARNING High grad norm: 2457.95 at epoch=17 step=3747
2026-04-19 17:35:42,427 WARNING High grad norm: 10319.92 at epoch=17 step=3748
2026-04-19 17:35:42,693 WARNING High grad norm: 3217.66 at epoch=17 step=3749
2026-04-19 17:35:42,926 WARNING High grad norm: 5702.07 at epoch=17 step=3750
2026-04-19 17:35:43,156 WARNING High grad norm: 9204.08 at epoch=17 step=3751
2026-04-19 17:35:44,836 WARNING High grad norm: 4664.75 at epoch=17 step=3752
2026-04-19 17:35:45,163 WARNING High grad norm: 13443.26 at epoch=17 step=3753
2026-04-19 17:35:45,391 WARNING High grad norm: 12304.23 at epoch=17 step=3754
2026-04-19 17:35:45,618 WARNING High grad norm: 5576.91 at epoch=17 step=3755
2026-04-19 17:35:47,273 WARNING High grad norm: 5551.32 at epoch=17 step=3756
2026-04-19 17:35:47,602 WARNING High grad norm: 21880.79 at epoch=17 step=3757
2026-04-19 17:35:47,845 WARNING High grad norm: 13721.77 at epoch=17 step=3758
2026-04-19 17:35:48,074 WARNING High grad norm: 5760.97 at epoch=17 step=3759
2026-04-19 17:35:48,307 WARNING High grad norm: 9724.89 at epoch=17 step=3760
2026-04-19 17:35:50,091 WARNING High grad norm: 3363.49 at epoch=17 step=3761
2026-04-19 17:35:50,342 WARNING High grad norm: 3855.44 at epoch=17 step=3762
2026-04-19 17:35:50,567 WARNING High grad norm: 13237.10 at epoch=17 step=3763
2026-04-19 17:35:50,795 WARNING High grad norm: 4950.71 at epoch=17 step=3764
2026-04-19 17:35:52,587 WARNING High grad norm: 8542.54 at epoch=17 step=3765
2026-04-19 17:35:52,846 WARNING High grad norm: 2136.22 at epoch=17 step=3766
2026-04-19 17:35:53,074 WARNING High grad norm: 6722.52 at epoch=17 step=3767
2026-04-19 17:35:53,303 WARNING High grad norm: 3909.70 at epoch=17 step=3768
2026-04-19 17:35:55,024 WARNING High grad norm: 2019.77 at epoch=17 step=3769
2026-04-19 17:35:55,322 WARNING High grad norm: 3430.72 at epoch=17 step=3770
2026-04-19 17:35:55,550 WARNING High grad norm: 8162.86 at epoch=17 step=3771
2026-04-19 17:35:55,775 WARNING High grad norm: 6593.81 at epoch=17 step=3772
2026-04-19 17:35:57,446 WARNING High grad norm: 4110.10 at epoch=17 step=3773
2026-04-19 17:35:57,775 WARNING High grad norm: 4077.95 at epoch=17 step=3774
2026-04-19 17:35:58,016 WARNING High grad norm: 3188.54 at epoch=17 step=3775
2026-04-19 17:35:58,256 WARNING High grad norm: 8321.92 at epoch=17 step=3776
2026-04-19 17:35:58,502 WARNING High grad norm: 2561.49 at epoch=17 step=3777
2026-04-19 17:36:00,248 WARNING High grad norm: 3533.68 at epoch=17 step=3778
2026-04-19 17:36:00,511 WARNING High grad norm: 3538.31 at epoch=17 step=3779
2026-04-19 17:36:00,738 WARNING High grad norm: 6577.38 at epoch=17 step=3780
2026-04-19 17:36:00,965 WARNING High grad norm: 2152.13 at epoch=17 step=3781
2026-04-19 17:36:02,698 WARNING High grad norm: 2883.75 at epoch=17 step=3782
2026-04-19 17:36:02,933 WARNING High grad norm: 14724.99 at epoch=17 step=3783
2026-04-19 17:36:03,165 WARNING High grad norm: 8159.90 at epoch=17 step=3784
2026-04-19 17:36:03,396 WARNING High grad norm: 9931.49 at epoch=17 step=3785
2026-04-19 17:36:05,105 WARNING High grad norm: 13176.06 at epoch=17 step=3786
2026-04-19 17:36:05,367 WARNING High grad norm: 4716.02 at epoch=17 step=3787
2026-04-19 17:36:05,595 WARNING High grad norm: 1417.33 at epoch=17 step=3788
2026-04-19 17:36:05,818 WARNING High grad norm: 14914.58 at epoch=17 step=3789
2026-04-19 17:36:07,353 WARNING High grad norm: 17863.99 at epoch=17 step=3790
2026-04-19 17:36:08,058 INFO epoch=17 avg_loss=563.0236 lr=1.58e-04
2026-04-19 17:36:24,980 WARNING High grad norm: 7935.17 at epoch=18 step=3791
2026-04-19 17:36:25,303 WARNING High grad norm: 15001.19 at epoch=18 step=3792
2026-04-19 17:36:25,525 WARNING High grad norm: 3164.64 at epoch=18 step=3793
2026-04-19 17:36:25,749 WARNING High grad norm: 3893.39 at epoch=18 step=3794
2026-04-19 17:36:25,975 WARNING High grad norm: 4312.28 at epoch=18 step=3795
2026-04-19 17:36:26,198 WARNING High grad norm: 3308.39 at epoch=18 step=3796
2026-04-19 17:36:26,425 WARNING High grad norm: 6592.76 at epoch=18 step=3797
2026-04-19 17:36:26,649 WARNING High grad norm: 3383.70 at epoch=18 step=3798
2026-04-19 17:36:26,874 WARNING High grad norm: 4112.29 at epoch=18 step=3799
2026-04-19 17:36:26,885 INFO epoch=18 step=3800 loss=582.1653 grad_norm=4112.2915 lr=1.58e-04
2026-04-19 17:36:27,098 WARNING High grad norm: 7195.89 at epoch=18 step=3800
2026-04-19 17:36:27,319 WARNING High grad norm: 5776.76 at epoch=18 step=3801
2026-04-19 17:36:27,552 WARNING High grad norm: 11367.85 at epoch=18 step=3802
2026-04-19 17:36:27,777 WARNING High grad norm: 8127.55 at epoch=18 step=3803
2026-04-19 17:36:28,000 WARNING High grad norm: 5147.74 at epoch=18 step=3804
2026-04-19 17:36:28,226 WARNING High grad norm: 4993.18 at epoch=18 step=3805
2026-04-19 17:36:28,457 WARNING High grad norm: 10551.71 at epoch=18 step=3806
2026-04-19 17:36:28,679 WARNING High grad norm: 6012.62 at epoch=18 step=3807
2026-04-19 17:36:28,907 WARNING High grad norm: 9206.04 at epoch=18 step=3808
2026-04-19 17:36:29,133 WARNING High grad norm: 6067.06 at epoch=18 step=3809
2026-04-19 17:36:29,365 WARNING High grad norm: 16609.26 at epoch=18 step=3810
2026-04-19 17:36:29,588 WARNING High grad norm: 14354.41 at epoch=18 step=3811
2026-04-19 17:36:29,823 WARNING High grad norm: 3833.97 at epoch=18 step=3812
2026-04-19 17:36:30,052 WARNING High grad norm: 3977.46 at epoch=18 step=3813
2026-04-19 17:36:30,280 WARNING High grad norm: 10648.53 at epoch=18 step=3814
2026-04-19 17:36:30,505 WARNING High grad norm: 5082.05 at epoch=18 step=3815
2026-04-19 17:36:30,733 WARNING High grad norm: 12188.07 at epoch=18 step=3816
2026-04-19 17:36:30,967 WARNING High grad norm: 10323.92 at epoch=18 step=3817
2026-04-19 17:36:31,191 WARNING High grad norm: 5060.13 at epoch=18 step=3818
2026-04-19 17:36:31,416 WARNING High grad norm: 7897.71 at epoch=18 step=3819
2026-04-19 17:36:31,644 WARNING High grad norm: 15088.18 at epoch=18 step=3820
2026-04-19 17:36:31,875 WARNING High grad norm: 14050.42 at epoch=18 step=3821
2026-04-19 17:36:32,098 WARNING High grad norm: 6335.79 at epoch=18 step=3822
2026-04-19 17:36:32,324 WARNING High grad norm: 4136.49 at epoch=18 step=3823
2026-04-19 17:36:32,551 WARNING High grad norm: 11430.94 at epoch=18 step=3824
2026-04-19 17:36:32,780 WARNING High grad norm: 7645.78 at epoch=18 step=3825
2026-04-19 17:36:33,007 WARNING High grad norm: 11968.17 at epoch=18 step=3826
2026-04-19 17:36:33,230 WARNING High grad norm: 10300.03 at epoch=18 step=3827
2026-04-19 17:36:33,453 WARNING High grad norm: 3622.47 at epoch=18 step=3828
2026-04-19 17:36:33,689 WARNING High grad norm: 3671.00 at epoch=18 step=3829
2026-04-19 17:36:33,913 WARNING High grad norm: 10619.47 at epoch=18 step=3830
2026-04-19 17:36:34,135 WARNING High grad norm: 8346.71 at epoch=18 step=3831
2026-04-19 17:36:34,364 WARNING High grad norm: 11384.07 at epoch=18 step=3832
2026-04-19 17:36:34,589 WARNING High grad norm: 4576.49 at epoch=18 step=3833
2026-04-19 17:36:34,811 WARNING High grad norm: 10373.24 at epoch=18 step=3834
2026-04-19 17:36:35,044 WARNING High grad norm: 10082.96 at epoch=18 step=3835
2026-04-19 17:36:35,278 WARNING High grad norm: 5690.23 at epoch=18 step=3836
2026-04-19 17:36:35,504 WARNING High grad norm: 7724.90 at epoch=18 step=3837
2026-04-19 17:36:35,727 WARNING High grad norm: 9009.67 at epoch=18 step=3838
2026-04-19 17:36:35,953 WARNING High grad norm: 7413.02 at epoch=18 step=3839
2026-04-19 17:36:36,183 WARNING High grad norm: 7904.02 at epoch=18 step=3840
2026-04-19 17:36:36,407 WARNING High grad norm: 8230.75 at epoch=18 step=3841
2026-04-19 17:36:36,630 WARNING High grad norm: 7645.92 at epoch=18 step=3842
2026-04-19 17:36:36,865 WARNING High grad norm: 5120.21 at epoch=18 step=3843
2026-04-19 17:36:37,096 WARNING High grad norm: 8181.17 at epoch=18 step=3844
2026-04-19 17:36:37,325 WARNING High grad norm: 9060.76 at epoch=18 step=3845
2026-04-19 17:36:37,550 WARNING High grad norm: 7795.14 at epoch=18 step=3846
2026-04-19 17:36:37,778 WARNING High grad norm: 7355.21 at epoch=18 step=3847
2026-04-19 17:36:38,007 WARNING High grad norm: 12758.45 at epoch=18 step=3848
2026-04-19 17:36:38,240 WARNING High grad norm: 15418.08 at epoch=18 step=3849
2026-04-19 17:36:38,469 WARNING High grad norm: 4696.47 at epoch=18 step=3850
2026-04-19 17:36:38,696 WARNING High grad norm: 6895.01 at epoch=18 step=3851
2026-04-19 17:36:38,927 WARNING High grad norm: 10231.66 at epoch=18 step=3852
2026-04-19 17:36:39,156 WARNING High grad norm: 7510.32 at epoch=18 step=3853
2026-04-19 17:36:39,389 WARNING High grad norm: 9504.59 at epoch=18 step=3854
2026-04-19 17:36:39,618 WARNING High grad norm: 10986.28 at epoch=18 step=3855
2026-04-19 17:36:39,847 WARNING High grad norm: 9240.61 at epoch=18 step=3856
2026-04-19 17:36:40,076 WARNING High grad norm: 14151.92 at epoch=18 step=3857
2026-04-19 17:36:40,305 WARNING High grad norm: 6378.11 at epoch=18 step=3858
2026-04-19 17:36:42,013 WARNING High grad norm: 5504.83 at epoch=18 step=3859
2026-04-19 17:36:42,327 WARNING High grad norm: 8489.23 at epoch=18 step=3860
2026-04-19 17:36:42,597 WARNING High grad norm: 5308.98 at epoch=18 step=3861
2026-04-19 17:36:42,828 WARNING High grad norm: 15148.50 at epoch=18 step=3862
2026-04-19 17:36:44,517 WARNING High grad norm: 12919.65 at epoch=18 step=3863
2026-04-19 17:36:44,853 WARNING High grad norm: 3210.04 at epoch=18 step=3864
2026-04-19 17:36:45,103 WARNING High grad norm: 13903.97 at epoch=18 step=3865
2026-04-19 17:36:45,331 WARNING High grad norm: 6876.07 at epoch=18 step=3866
2026-04-19 17:36:45,559 WARNING High grad norm: 4954.81 at epoch=18 step=3867
2026-04-19 17:36:47,312 WARNING High grad norm: 7576.63 at epoch=18 step=3868
2026-04-19 17:36:47,585 WARNING High grad norm: 1387.12 at epoch=18 step=3869
2026-04-19 17:36:47,814 WARNING High grad norm: 3976.60 at epoch=18 step=3870
2026-04-19 17:36:48,042 WARNING High grad norm: 3466.73 at epoch=18 step=3871
2026-04-19 17:36:49,738 WARNING High grad norm: 7952.41 at epoch=18 step=3872
2026-04-19 17:36:50,051 WARNING High grad norm: 5776.36 at epoch=18 step=3873
2026-04-19 17:36:50,334 WARNING High grad norm: 7165.45 at epoch=18 step=3874
2026-04-19 17:36:50,615 WARNING High grad norm: 3841.54 at epoch=18 step=3875
2026-04-19 17:36:52,295 WARNING High grad norm: 4125.82 at epoch=18 step=3876
2026-04-19 17:36:52,589 WARNING High grad norm: 9852.41 at epoch=18 step=3877
2026-04-19 17:36:52,815 WARNING High grad norm: 8627.46 at epoch=18 step=3878
2026-04-19 17:36:53,056 WARNING High grad norm: 10663.62 at epoch=18 step=3879
2026-04-19 17:36:54,852 WARNING High grad norm: 9000.12 at epoch=18 step=3880
2026-04-19 17:36:55,122 WARNING High grad norm: 6324.20 at epoch=18 step=3881
2026-04-19 17:36:55,349 WARNING High grad norm: 6898.04 at epoch=18 step=3882
2026-04-19 17:36:55,579 WARNING High grad norm: 13032.01 at epoch=18 step=3883
2026-04-19 17:36:57,298 WARNING High grad norm: 10102.83 at epoch=18 step=3884
2026-04-19 17:36:57,576 WARNING High grad norm: 8127.29 at epoch=18 step=3885
2026-04-19 17:36:57,805 WARNING High grad norm: 3180.25 at epoch=18 step=3886
2026-04-19 17:36:58,026 WARNING High grad norm: 11507.14 at epoch=18 step=3887
2026-04-19 17:36:59,645 WARNING High grad norm: 7194.29 at epoch=18 step=3888
2026-04-19 17:36:59,975 WARNING High grad norm: 12187.60 at epoch=18 step=3889
2026-04-19 17:37:00,212 WARNING High grad norm: 7528.85 at epoch=18 step=3890
2026-04-19 17:37:00,446 WARNING High grad norm: 9684.16 at epoch=18 step=3891
2026-04-19 17:37:00,684 WARNING High grad norm: 6721.89 at epoch=18 step=3892
2026-04-19 17:37:02,372 WARNING High grad norm: 9737.50 at epoch=18 step=3893
2026-04-19 17:37:02,627 WARNING High grad norm: 6432.32 at epoch=18 step=3894
2026-04-19 17:37:02,852 WARNING High grad norm: 9381.20 at epoch=18 step=3895
2026-04-19 17:37:03,074 WARNING High grad norm: 7965.40 at epoch=18 step=3896
2026-04-19 17:37:04,771 WARNING High grad norm: 8271.83 at epoch=18 step=3897
2026-04-19 17:37:05,048 WARNING High grad norm: 6402.83 at epoch=18 step=3898
2026-04-19 17:37:05,281 WARNING High grad norm: 8070.54 at epoch=18 step=3899
2026-04-19 17:37:05,294 INFO epoch=18 step=3900 loss=544.0417 grad_norm=8070.5415 lr=1.58e-04
2026-04-19 17:37:05,507 WARNING High grad norm: 9458.93 at epoch=18 step=3900
2026-04-19 17:37:07,223 WARNING High grad norm: 12605.69 at epoch=18 step=3901
2026-04-19 17:37:07,478 WARNING High grad norm: 9830.57 at epoch=18 step=3902
2026-04-19 17:37:07,701 WARNING High grad norm: 7638.54 at epoch=18 step=3903
2026-04-19 17:37:07,927 WARNING High grad norm: 4628.88 at epoch=18 step=3904
2026-04-19 17:37:09,533 WARNING High grad norm: 11897.31 at epoch=18 step=3905
2026-04-19 17:37:09,864 WARNING High grad norm: 7910.42 at epoch=18 step=3906
2026-04-19 17:37:10,087 WARNING High grad norm: 8857.01 at epoch=18 step=3907
2026-04-19 17:37:10,320 WARNING High grad norm: 11911.10 at epoch=18 step=3908
2026-04-19 17:37:10,555 WARNING High grad norm: 6980.35 at epoch=18 step=3909
2026-04-19 17:37:12,297 WARNING High grad norm: 7665.12 at epoch=18 step=3910
2026-04-19 17:37:12,541 WARNING High grad norm: 10189.58 at epoch=18 step=3911
2026-04-19 17:37:12,768 WARNING High grad norm: 9096.96 at epoch=18 step=3912
2026-04-19 17:37:12,991 WARNING High grad norm: 8061.76 at epoch=18 step=3913
2026-04-19 17:37:14,704 WARNING High grad norm: 8804.14 at epoch=18 step=3914
2026-04-19 17:37:14,963 WARNING High grad norm: 9198.45 at epoch=18 step=3915
2026-04-19 17:37:15,195 WARNING High grad norm: 8391.14 at epoch=18 step=3916
2026-04-19 17:37:15,428 WARNING High grad norm: 6701.49 at epoch=18 step=3917
2026-04-19 17:37:17,155 WARNING High grad norm: 5311.70 at epoch=18 step=3918
2026-04-19 17:37:17,406 WARNING High grad norm: 6575.39 at epoch=18 step=3919
2026-04-19 17:37:17,629 WARNING High grad norm: 8356.97 at epoch=18 step=3920
2026-04-19 17:37:17,852 WARNING High grad norm: 7592.13 at epoch=18 step=3921
2026-04-19 17:37:19,449 WARNING High grad norm: 7553.79 at epoch=18 step=3922
2026-04-19 17:37:19,768 WARNING High grad norm: 8794.87 at epoch=18 step=3923
2026-04-19 17:37:20,065 WARNING High grad norm: 10312.67 at epoch=18 step=3924
2026-04-19 17:37:20,290 WARNING High grad norm: 8896.80 at epoch=18 step=3925
2026-04-19 17:37:21,884 WARNING High grad norm: 5055.64 at epoch=18 step=3926
2026-04-19 17:37:22,212 WARNING High grad norm: 11579.53 at epoch=18 step=3927
2026-04-19 17:37:22,436 WARNING High grad norm: 11116.58 at epoch=18 step=3928
2026-04-19 17:37:22,662 WARNING High grad norm: 9772.42 at epoch=18 step=3929
2026-04-19 17:37:22,884 WARNING High grad norm: 8489.33 at epoch=18 step=3930
2026-04-19 17:37:24,592 WARNING High grad norm: 5706.18 at epoch=18 step=3931
2026-04-19 17:37:24,831 WARNING High grad norm: 4034.62 at epoch=18 step=3932
2026-04-19 17:37:25,058 WARNING High grad norm: 12657.07 at epoch=18 step=3933
2026-04-19 17:37:25,279 WARNING High grad norm: 16374.37 at epoch=18 step=3934
2026-04-19 17:37:26,982 WARNING High grad norm: 7553.12 at epoch=18 step=3935
2026-04-19 17:37:27,235 WARNING High grad norm: 8992.13 at epoch=18 step=3936
2026-04-19 17:37:27,458 WARNING High grad norm: 7533.39 at epoch=18 step=3937
2026-04-19 17:37:27,683 WARNING High grad norm: 8518.06 at epoch=18 step=3938
2026-04-19 17:37:29,277 WARNING High grad norm: 11172.68 at epoch=18 step=3939
2026-04-19 17:37:29,606 WARNING High grad norm: 12071.60 at epoch=18 step=3940
2026-04-19 17:37:29,835 WARNING High grad norm: 3654.24 at epoch=18 step=3941
2026-04-19 17:37:30,058 WARNING High grad norm: 4958.63 at epoch=18 step=3942
2026-04-19 17:37:30,284 WARNING High grad norm: 9711.42 at epoch=18 step=3943
2026-04-19 17:37:31,979 WARNING High grad norm: 7286.39 at epoch=18 step=3944
2026-04-19 17:37:32,213 WARNING High grad norm: 14265.67 at epoch=18 step=3945
2026-04-19 17:37:32,436 WARNING High grad norm: 11059.24 at epoch=18 step=3946
2026-04-19 17:37:32,665 WARNING High grad norm: 3667.30 at epoch=18 step=3947
2026-04-19 17:37:34,357 WARNING High grad norm: 4408.63 at epoch=18 step=3948
2026-04-19 17:37:34,609 WARNING High grad norm: 6984.26 at epoch=18 step=3949
2026-04-19 17:37:34,832 WARNING High grad norm: 4479.22 at epoch=18 step=3950
2026-04-19 17:37:35,059 WARNING High grad norm: 16321.20 at epoch=18 step=3951
2026-04-19 17:37:36,653 WARNING High grad norm: 13994.90 at epoch=18 step=3952
2026-04-19 17:37:36,968 WARNING High grad norm: 5672.62 at epoch=18 step=3953
2026-04-19 17:37:37,190 WARNING High grad norm: 7438.45 at epoch=18 step=3954
2026-04-19 17:37:37,413 WARNING High grad norm: 9782.67 at epoch=18 step=3955
2026-04-19 17:37:37,638 WARNING High grad norm: 6782.93 at epoch=18 step=3956
2026-04-19 17:37:39,341 WARNING High grad norm: 10481.51 at epoch=18 step=3957
2026-04-19 17:37:39,576 WARNING High grad norm: 10624.29 at epoch=18 step=3958
2026-04-19 17:37:39,809 WARNING High grad norm: 6050.11 at epoch=18 step=3959
2026-04-19 17:37:40,037 WARNING High grad norm: 2951.35 at epoch=18 step=3960
2026-04-19 17:37:41,762 WARNING High grad norm: 6439.21 at epoch=18 step=3961
2026-04-19 17:37:42,017 WARNING High grad norm: 4115.62 at epoch=18 step=3962
2026-04-19 17:37:42,240 WARNING High grad norm: 22993.71 at epoch=18 step=3963
2026-04-19 17:37:42,462 WARNING High grad norm: 26470.95 at epoch=18 step=3964
2026-04-19 17:37:44,077 WARNING High grad norm: 4430.37 at epoch=18 step=3965
2026-04-19 17:37:44,412 WARNING High grad norm: 29851.18 at epoch=18 step=3966
2026-04-19 17:37:44,635 WARNING High grad norm: 35675.90 at epoch=18 step=3967
2026-04-19 17:37:44,861 WARNING High grad norm: 40974.25 at epoch=18 step=3968
2026-04-19 17:37:45,083 WARNING High grad norm: 6759.66 at epoch=18 step=3969
2026-04-19 17:37:46,800 WARNING High grad norm: 30383.53 at epoch=18 step=3970
2026-04-19 17:37:47,038 WARNING High grad norm: 54738.12 at epoch=18 step=3971
2026-04-19 17:37:47,261 WARNING High grad norm: 25241.75 at epoch=18 step=3972
2026-04-19 17:37:47,483 WARNING High grad norm: 18419.28 at epoch=18 step=3973
2026-04-19 17:37:49,198 WARNING High grad norm: 13717.83 at epoch=18 step=3974
2026-04-19 17:37:49,451 WARNING High grad norm: 22582.87 at epoch=18 step=3975
2026-04-19 17:37:49,673 WARNING High grad norm: 18048.03 at epoch=18 step=3976
2026-04-19 17:37:49,895 WARNING High grad norm: 3802.43 at epoch=18 step=3977
2026-04-19 17:37:51,496 WARNING High grad norm: 25895.80 at epoch=18 step=3978
2026-04-19 17:37:51,826 WARNING High grad norm: 25296.22 at epoch=18 step=3979
2026-04-19 17:37:52,048 WARNING High grad norm: 13938.04 at epoch=18 step=3980
2026-04-19 17:37:52,279 WARNING High grad norm: 26872.66 at epoch=18 step=3981
2026-04-19 17:37:52,504 WARNING High grad norm: 25692.82 at epoch=18 step=3982
2026-04-19 17:37:54,209 WARNING High grad norm: 13168.92 at epoch=18 step=3983
2026-04-19 17:37:54,452 WARNING High grad norm: 11667.90 at epoch=18 step=3984
2026-04-19 17:37:54,684 WARNING High grad norm: 19535.75 at epoch=18 step=3985
2026-04-19 17:37:54,907 WARNING High grad norm: 9091.68 at epoch=18 step=3986
2026-04-19 17:37:56,613 WARNING High grad norm: 12363.26 at epoch=18 step=3987
2026-04-19 17:37:56,851 WARNING High grad norm: 11538.56 at epoch=18 step=3988
2026-04-19 17:37:57,073 WARNING High grad norm: 7614.78 at epoch=18 step=3989
2026-04-19 17:37:57,294 WARNING High grad norm: 19800.24 at epoch=18 step=3990
2026-04-19 17:37:58,948 WARNING High grad norm: 19698.15 at epoch=18 step=3991
2026-04-19 17:37:59,236 WARNING High grad norm: 11198.89 at epoch=18 step=3992
2026-04-19 17:37:59,459 WARNING High grad norm: 15204.36 at epoch=18 step=3993
2026-04-19 17:37:59,684 WARNING High grad norm: 22619.30 at epoch=18 step=3994
2026-04-19 17:38:01,295 WARNING High grad norm: 12488.59 at epoch=18 step=3995
2026-04-19 17:38:01,618 WARNING High grad norm: 13340.03 at epoch=18 step=3996
2026-04-19 17:38:01,862 WARNING High grad norm: 21861.69 at epoch=18 step=3997
2026-04-19 17:38:02,084 WARNING High grad norm: 7614.92 at epoch=18 step=3998
2026-04-19 17:38:02,310 WARNING High grad norm: 14083.32 at epoch=18 step=3999
2026-04-19 17:38:02,330 INFO epoch=18 step=4000 loss=553.7610 grad_norm=14083.3174 lr=1.58e-04
2026-04-19 17:38:04,015 WARNING High grad norm: 22522.50 at epoch=18 step=4000
2026-04-19 17:38:04,271 WARNING High grad norm: 16046.24 at epoch=18 step=4001
2026-04-19 17:38:04,492 WARNING High grad norm: 17965.76 at epoch=18 step=4002
2026-04-19 17:38:04,714 WARNING High grad norm: 18445.37 at epoch=18 step=4003
2026-04-19 17:38:06,367 WARNING High grad norm: 11038.45 at epoch=18 step=4004
2026-04-19 17:38:06,665 WARNING High grad norm: 14256.86 at epoch=18 step=4005
2026-04-19 17:38:06,888 WARNING High grad norm: 19133.79 at epoch=18 step=4006
2026-04-19 17:38:07,113 WARNING High grad norm: 9225.68 at epoch=18 step=4007
2026-04-19 17:38:08,717 WARNING High grad norm: 17793.60 at epoch=18 step=4008
2026-04-19 17:38:09,037 WARNING High grad norm: 19265.58 at epoch=18 step=4009
2026-04-19 17:38:09,269 WARNING High grad norm: 12983.03 at epoch=18 step=4010
2026-04-19 17:38:09,496 WARNING High grad norm: 14995.56 at epoch=18 step=4011
2026-04-19 17:38:09,718 WARNING High grad norm: 17789.02 at epoch=18 step=4012
2026-04-19 17:38:11,256 WARNING High grad norm: 14770.15 at epoch=18 step=4013
2026-04-19 17:38:11,881 INFO epoch=18 avg_loss=557.4246 lr=1.58e-04
2026-04-19 17:38:28,616 WARNING High grad norm: 16315.48 at epoch=19 step=4014
2026-04-19 17:38:28,920 WARNING High grad norm: 13250.13 at epoch=19 step=4015
2026-04-19 17:38:29,145 WARNING High grad norm: 16781.61 at epoch=19 step=4016
2026-04-19 17:38:29,372 WARNING High grad norm: 11216.00 at epoch=19 step=4017
2026-04-19 17:38:29,603 WARNING High grad norm: 18140.07 at epoch=19 step=4018
2026-04-19 17:38:29,828 WARNING High grad norm: 11345.79 at epoch=19 step=4019
2026-04-19 17:38:30,054 WARNING High grad norm: 10879.28 at epoch=19 step=4020
2026-04-19 17:38:31,760 WARNING High grad norm: 18711.37 at epoch=19 step=4021
2026-04-19 17:38:32,076 WARNING High grad norm: 12869.38 at epoch=19 step=4022
2026-04-19 17:38:32,397 WARNING High grad norm: 16790.69 at epoch=19 step=4023
2026-04-19 17:38:34,070 WARNING High grad norm: 20115.35 at epoch=19 step=4024
2026-04-19 17:38:34,400 WARNING High grad norm: 9667.86 at epoch=19 step=4025
2026-04-19 17:38:34,621 WARNING High grad norm: 13631.46 at epoch=19 step=4026
2026-04-19 17:38:34,843 WARNING High grad norm: 15363.80 at epoch=19 step=4027
2026-04-19 17:38:35,068 WARNING High grad norm: 12185.02 at epoch=19 step=4028
2026-04-19 17:38:35,295 WARNING High grad norm: 11336.96 at epoch=19 step=4029
2026-04-19 17:38:35,526 WARNING High grad norm: 14796.83 at epoch=19 step=4030
2026-04-19 17:38:35,754 WARNING High grad norm: 7343.11 at epoch=19 step=4031
2026-04-19 17:38:35,982 WARNING High grad norm: 16381.23 at epoch=19 step=4032
2026-04-19 17:38:36,211 WARNING High grad norm: 32564.73 at epoch=19 step=4033
2026-04-19 17:38:36,435 WARNING High grad norm: 16070.89 at epoch=19 step=4034
2026-04-19 17:38:36,661 WARNING High grad norm: 14987.90 at epoch=19 step=4035
2026-04-19 17:38:36,885 WARNING High grad norm: 17783.92 at epoch=19 step=4036
2026-04-19 17:38:37,106 WARNING High grad norm: 9588.44 at epoch=19 step=4037
2026-04-19 17:38:37,328 WARNING High grad norm: 13712.57 at epoch=19 step=4038
2026-04-19 17:38:37,549 WARNING High grad norm: 13594.38 at epoch=19 step=4039
2026-04-19 17:38:37,782 WARNING High grad norm: 9986.43 at epoch=19 step=4040
2026-04-19 17:38:38,004 WARNING High grad norm: 15000.13 at epoch=19 step=4041
2026-04-19 17:38:38,236 WARNING High grad norm: 24569.93 at epoch=19 step=4042
2026-04-19 17:38:38,458 WARNING High grad norm: 13419.57 at epoch=19 step=4043
2026-04-19 17:38:38,681 WARNING High grad norm: 10442.77 at epoch=19 step=4044
2026-04-19 17:38:38,903 WARNING High grad norm: 20234.38 at epoch=19 step=4045
2026-04-19 17:38:39,124 WARNING High grad norm: 7421.98 at epoch=19 step=4046
2026-04-19 17:38:39,347 WARNING High grad norm: 12518.15 at epoch=19 step=4047
2026-04-19 17:38:39,568 WARNING High grad norm: 18693.57 at epoch=19 step=4048
2026-04-19 17:38:39,801 WARNING High grad norm: 8991.92 at epoch=19 step=4049
2026-04-19 17:38:40,032 WARNING High grad norm: 21009.25 at epoch=19 step=4050
2026-04-19 17:38:40,257 WARNING High grad norm: 18633.40 at epoch=19 step=4051
2026-04-19 17:38:40,490 WARNING High grad norm: 15544.84 at epoch=19 step=4052
2026-04-19 17:38:40,720 WARNING High grad norm: 8390.23 at epoch=19 step=4053
