2026-04-21 13:32:32,454 INFO === IPF iteration 1 / 5 ===
2026-04-21 13:32:32,455 INFO   Phase: forward
2026-04-21 13:32:41,036 INFO iter=1 phase=forward epoch=1 step=50 ipf_loss=0.0090 ctrl_norm=3.3966 grad_norm=0.7578
2026-04-21 13:32:48,560 INFO iter=1 phase=forward epoch=1 step=100 ipf_loss=0.0029 ctrl_norm=1.9379 grad_norm=0.3337
2026-04-21 13:32:56,184 INFO iter=1 phase=forward epoch=1 step=150 ipf_loss=0.0015 ctrl_norm=1.3987 grad_norm=0.1263
2026-04-21 13:33:03,851 INFO iter=1 phase=forward epoch=2 step=200 ipf_loss=0.0009 ctrl_norm=1.0935 grad_norm=0.0766
2026-04-21 13:33:11,617 INFO iter=1 phase=forward epoch=2 step=250 ipf_loss=0.0007 ctrl_norm=0.9389 grad_norm=0.3050
2026-04-21 13:33:19,194 INFO iter=1 phase=forward epoch=2 step=300 ipf_loss=0.0005 ctrl_norm=0.8286 grad_norm=0.1857
2026-04-21 13:33:27,028 INFO iter=1 phase=forward epoch=3 step=350 ipf_loss=0.0004 ctrl_norm=0.7229 grad_norm=0.2413
2026-04-21 13:33:34,756 INFO iter=1 phase=forward epoch=3 step=400 ipf_loss=0.0003 ctrl_norm=0.6464 grad_norm=0.1172
2026-04-21 13:33:42,790 INFO iter=1 phase=forward epoch=3 step=450 ipf_loss=0.0003 ctrl_norm=0.5897 grad_norm=0.1672
2026-04-21 13:33:46,196 INFO   Phase: backward
2026-04-21 13:33:50,500 INFO iter=1 phase=backward epoch=1 step=500 ipf_loss=0.0087 ctrl_norm=3.3392 grad_norm=3.5886
2026-04-21 13:33:58,478 INFO iter=1 phase=backward epoch=1 step=550 ipf_loss=0.0017 ctrl_norm=1.4621 grad_norm=0.3063
2026-04-21 13:34:06,260 INFO iter=1 phase=backward epoch=1 step=600 ipf_loss=0.0009 ctrl_norm=1.0706 grad_norm=0.1181
2026-04-21 13:34:14,221 INFO iter=1 phase=backward epoch=2 step=650 ipf_loss=0.0006 ctrl_norm=0.8802 grad_norm=0.3892
2026-04-21 13:34:22,086 INFO iter=1 phase=backward epoch=2 step=700 ipf_loss=0.0004 ctrl_norm=0.7132 grad_norm=0.0437
2026-04-21 13:34:30,125 INFO iter=1 phase=backward epoch=2 step=750 ipf_loss=0.0003 ctrl_norm=0.6172 grad_norm=0.1193
2026-04-21 13:34:37,944 INFO iter=1 phase=backward epoch=3 step=800 ipf_loss=0.0002 ctrl_norm=0.5367 grad_norm=0.1296
2026-04-21 13:34:45,835 INFO iter=1 phase=backward epoch=3 step=850 ipf_loss=0.0002 ctrl_norm=0.4864 grad_norm=0.0245
2026-04-21 13:34:53,745 INFO iter=1 phase=backward epoch=3 step=900 ipf_loss=0.0002 ctrl_norm=0.4609 grad_norm=0.0360
2026-04-21 13:35:00,677 INFO Saved checkpoint: checkpoints\ipf_fmnist_full\ipf_iter_0001.pt
2026-04-21 13:35:00,869 INFO Saved sample grid to C:\Users\artun\Desktop\ITS-project\data\results\sb_samples_iter_1_fmnist.png
2026-04-21 13:35:00,870 INFO IPF iter 1 complete: fwd_loss=0.0003 bwd_loss=0.0001 elapsed=148.4s
2026-04-21 13:35:00,870 INFO === IPF iteration 2 / 5 ===
2026-04-21 13:35:00,870 INFO   Phase: forward
2026-04-21 13:35:02,251 INFO iter=2 phase=forward epoch=1 step=950 ipf_loss=0.0003 ctrl_norm=0.5749 grad_norm=0.4346
2026-04-21 13:35:10,315 INFO iter=2 phase=forward epoch=1 step=1000 ipf_loss=0.0002 ctrl_norm=0.5145 grad_norm=0.0535
2026-04-21 13:35:18,245 INFO iter=2 phase=forward epoch=1 step=1050 ipf_loss=0.0002 ctrl_norm=0.4857 grad_norm=0.1451
2026-04-21 13:35:26,229 INFO iter=2 phase=forward epoch=2 step=1100 ipf_loss=0.0002 ctrl_norm=0.4501 grad_norm=0.1764
2026-04-21 13:35:34,304 INFO iter=2 phase=forward epoch=2 step=1150 ipf_loss=0.0001 ctrl_norm=0.4267 grad_norm=0.1506
2026-04-21 13:35:42,280 INFO iter=2 phase=forward epoch=2 step=1200 ipf_loss=0.0001 ctrl_norm=0.3846 grad_norm=0.0512
2026-04-21 13:35:50,359 INFO iter=2 phase=forward epoch=2 step=1250 ipf_loss=0.0001 ctrl_norm=0.3739 grad_norm=0.3585
2026-04-21 13:35:58,681 INFO iter=2 phase=forward epoch=3 step=1300 ipf_loss=0.0001 ctrl_norm=0.3526 grad_norm=0.0826
2026-04-21 13:36:06,957 INFO iter=2 phase=forward epoch=3 step=1350 ipf_loss=0.0001 ctrl_norm=0.3398 grad_norm=0.2864
2026-04-21 13:36:14,693 INFO iter=2 phase=forward epoch=3 step=1400 ipf_loss=0.0001 ctrl_norm=0.3398 grad_norm=0.7067
2026-04-21 13:36:16,708 INFO   Phase: backward
2026-04-21 13:36:23,058 INFO iter=2 phase=backward epoch=1 step=1450 ipf_loss=0.0001 ctrl_norm=0.3969 grad_norm=0.3367
2026-04-21 13:36:30,808 INFO iter=2 phase=backward epoch=1 step=1500 ipf_loss=0.0001 ctrl_norm=0.3597 grad_norm=0.0804
2026-04-21 13:36:38,865 INFO iter=2 phase=backward epoch=1 step=1550 ipf_loss=0.0001 ctrl_norm=0.3299 grad_norm=0.0543
2026-04-21 13:36:46,738 INFO iter=2 phase=backward epoch=2 step=1600 ipf_loss=0.0001 ctrl_norm=0.3089 grad_norm=0.0612
2026-04-21 13:36:54,859 INFO iter=2 phase=backward epoch=2 step=1650 ipf_loss=0.0001 ctrl_norm=0.2973 grad_norm=0.1505
2026-04-21 13:37:02,628 INFO iter=2 phase=backward epoch=2 step=1700 ipf_loss=0.0001 ctrl_norm=0.2893 grad_norm=0.1075
2026-04-21 13:37:10,788 INFO iter=2 phase=backward epoch=3 step=1750 ipf_loss=0.0001 ctrl_norm=0.2638 grad_norm=0.1370
2026-04-21 13:37:18,668 INFO iter=2 phase=backward epoch=3 step=1800 ipf_loss=0.0000 ctrl_norm=0.2460 grad_norm=0.0692
2026-04-21 13:37:26,776 INFO iter=2 phase=backward epoch=3 step=1850 ipf_loss=0.0000 ctrl_norm=0.2476 grad_norm=0.1900
2026-04-21 13:37:32,322 INFO Saved checkpoint: checkpoints\ipf_fmnist_full\ipf_iter_0002.pt
2026-04-21 13:37:32,393 INFO Saved sample grid to C:\Users\artun\Desktop\ITS-project\data\results\sb_samples_iter_2_fmnist.png
2026-04-21 13:37:32,393 INFO IPF iter 2 complete: fwd_loss=0.0001 bwd_loss=0.0000 elapsed=299.9s
2026-04-21 13:37:32,393 INFO === IPF iteration 3 / 5 ===
2026-04-21 13:37:32,393 INFO   Phase: forward
2026-04-21 13:37:34,867 INFO iter=3 phase=forward epoch=1 step=1900 ipf_loss=0.0001 ctrl_norm=0.3254 grad_norm=0.4875
2026-04-21 13:37:43,056 INFO iter=3 phase=forward epoch=1 step=1950 ipf_loss=0.0001 ctrl_norm=0.3044 grad_norm=0.4508
2026-04-21 13:37:51,092 INFO iter=3 phase=forward epoch=1 step=2000 ipf_loss=0.0001 ctrl_norm=0.2827 grad_norm=0.3345
2026-04-21 13:37:59,467 INFO iter=3 phase=forward epoch=2 step=2050 ipf_loss=0.0001 ctrl_norm=0.2707 grad_norm=0.3279
2026-04-21 13:38:07,306 INFO iter=3 phase=forward epoch=2 step=2100 ipf_loss=0.0001 ctrl_norm=0.2657 grad_norm=0.1888
2026-04-21 13:38:15,586 INFO iter=3 phase=forward epoch=2 step=2150 ipf_loss=0.0000 ctrl_norm=0.2457 grad_norm=0.1089
2026-04-21 13:38:23,360 INFO iter=3 phase=forward epoch=3 step=2200 ipf_loss=0.0001 ctrl_norm=0.2853 grad_norm=0.8138
2026-04-21 13:38:31,739 INFO iter=3 phase=forward epoch=3 step=2250 ipf_loss=0.0000 ctrl_norm=0.2379 grad_norm=0.1416
2026-04-21 13:38:39,331 INFO iter=3 phase=forward epoch=3 step=2300 ipf_loss=0.0000 ctrl_norm=0.2468 grad_norm=0.5082
2026-04-21 13:38:47,774 INFO iter=3 phase=forward epoch=3 step=2350 ipf_loss=0.0000 ctrl_norm=0.2310 grad_norm=0.1753
2026-04-21 13:38:48,621 INFO   Phase: backward
2026-04-21 13:38:55,552 INFO iter=3 phase=backward epoch=1 step=2400 ipf_loss=0.0000 ctrl_norm=0.2236 grad_norm=0.1680
2026-04-21 13:39:04,016 INFO iter=3 phase=backward epoch=1 step=2450 ipf_loss=0.0000 ctrl_norm=0.2183 grad_norm=0.0287
2026-04-21 13:39:11,809 INFO iter=3 phase=backward epoch=1 step=2500 ipf_loss=0.0000 ctrl_norm=0.1998 grad_norm=0.0268
2026-04-21 13:39:20,142 INFO iter=3 phase=backward epoch=2 step=2550 ipf_loss=0.0000 ctrl_norm=0.1973 grad_norm=0.0689
2026-04-21 13:39:28,078 INFO iter=3 phase=backward epoch=2 step=2600 ipf_loss=0.0000 ctrl_norm=0.1992 grad_norm=0.3262
2026-04-21 13:39:36,312 INFO iter=3 phase=backward epoch=2 step=2650 ipf_loss=0.0000 ctrl_norm=0.1826 grad_norm=0.0534
2026-04-21 13:39:44,267 INFO iter=3 phase=backward epoch=3 step=2700 ipf_loss=0.0000 ctrl_norm=0.2182 grad_norm=0.7043
2026-04-21 13:39:52,498 INFO iter=3 phase=backward epoch=3 step=2750 ipf_loss=0.0000 ctrl_norm=0.1790 grad_norm=0.2629
2026-04-21 13:40:00,416 INFO iter=3 phase=backward epoch=3 step=2800 ipf_loss=0.0000 ctrl_norm=0.1663 grad_norm=0.0717
2026-04-21 13:40:04,822 INFO Saved checkpoint: checkpoints\ipf_fmnist_full\ipf_iter_0003.pt
2026-04-21 13:40:04,905 INFO Saved sample grid to C:\Users\artun\Desktop\ITS-project\data\results\sb_samples_iter_3_fmnist.png
2026-04-21 13:40:04,905 INFO IPF iter 3 complete: fwd_loss=0.0000 bwd_loss=0.0000 elapsed=452.5s
2026-04-21 13:40:04,906 INFO === IPF iteration 4 / 5 ===
2026-04-21 13:40:04,906 INFO   Phase: forward
2026-04-21 13:40:09,104 INFO iter=4 phase=forward epoch=1 step=2850 ipf_loss=0.0001 ctrl_norm=0.3195 grad_norm=1.2554
2026-04-21 13:40:16,980 INFO iter=4 phase=forward epoch=1 step=2900 ipf_loss=0.0000 ctrl_norm=0.2164 grad_norm=0.4053
2026-04-21 13:40:25,212 INFO iter=4 phase=forward epoch=1 step=2950 ipf_loss=0.0000 ctrl_norm=0.2054 grad_norm=0.1255
2026-04-21 13:40:33,114 INFO iter=4 phase=forward epoch=2 step=3000 ipf_loss=0.0000 ctrl_norm=0.2038 grad_norm=0.2023
2026-04-21 13:40:41,413 INFO iter=4 phase=forward epoch=2 step=3050 ipf_loss=0.0000 ctrl_norm=0.1968 grad_norm=0.3364
2026-04-21 13:40:49,418 INFO iter=4 phase=forward epoch=2 step=3100 ipf_loss=0.0000 ctrl_norm=0.1863 grad_norm=0.1647
2026-04-21 13:40:57,696 INFO iter=4 phase=forward epoch=3 step=3150 ipf_loss=0.0000 ctrl_norm=0.2481 grad_norm=0.8778
2026-04-21 13:41:05,837 INFO iter=4 phase=forward epoch=3 step=3200 ipf_loss=0.0000 ctrl_norm=0.1990 grad_norm=0.4039
2026-04-21 13:41:14,226 INFO iter=4 phase=forward epoch=3 step=3250 ipf_loss=0.0000 ctrl_norm=0.1722 grad_norm=0.2592
2026-04-21 13:41:21,927 INFO   Phase: backward
2026-04-21 13:41:22,454 INFO iter=4 phase=backward epoch=1 step=3300 ipf_loss=0.0000 ctrl_norm=0.1738 grad_norm=0.1460
2026-04-21 13:41:30,301 INFO iter=4 phase=backward epoch=1 step=3350 ipf_loss=0.0000 ctrl_norm=0.1876 grad_norm=0.5242
2026-04-21 13:41:38,523 INFO iter=4 phase=backward epoch=1 step=3400 ipf_loss=0.0000 ctrl_norm=0.2229 grad_norm=0.8721
2026-04-21 13:41:46,399 INFO iter=4 phase=backward epoch=1 step=3450 ipf_loss=0.0001 ctrl_norm=0.2534 grad_norm=1.0912
2026-04-21 13:41:54,447 INFO iter=4 phase=backward epoch=2 step=3500 ipf_loss=0.0000 ctrl_norm=0.1461 grad_norm=0.1391
2026-04-21 13:42:02,272 INFO iter=4 phase=backward epoch=2 step=3550 ipf_loss=0.0000 ctrl_norm=0.2117 grad_norm=0.8401
2026-04-21 13:42:10,523 INFO iter=4 phase=backward epoch=2 step=3600 ipf_loss=0.0000 ctrl_norm=0.1461 grad_norm=0.2966
2026-04-21 13:42:18,321 INFO iter=4 phase=backward epoch=3 step=3650 ipf_loss=0.0000 ctrl_norm=0.1510 grad_norm=0.3026
2026-04-21 13:42:26,535 INFO iter=4 phase=backward epoch=3 step=3700 ipf_loss=0.0000 ctrl_norm=0.1489 grad_norm=0.4150
2026-04-21 13:42:34,395 INFO iter=4 phase=backward epoch=3 step=3750 ipf_loss=0.0000 ctrl_norm=0.1271 grad_norm=0.0598
2026-04-21 13:42:37,449 INFO Saved checkpoint: checkpoints\ipf_fmnist_full\ipf_iter_0004.pt
2026-04-21 13:42:37,547 INFO Saved sample grid to C:\Users\artun\Desktop\ITS-project\data\results\sb_samples_iter_4_fmnist.png
2026-04-21 13:42:37,548 INFO IPF iter 4 complete: fwd_loss=0.0000 bwd_loss=0.0000 elapsed=605.1s
2026-04-21 13:42:37,548 INFO === IPF iteration 5 / 5 ===
2026-04-21 13:42:37,548 INFO   Phase: forward
2026-04-21 13:42:42,832 INFO iter=5 phase=forward epoch=1 step=3800 ipf_loss=0.0001 ctrl_norm=0.3118 grad_norm=1.3464
2026-04-21 13:42:50,605 INFO iter=5 phase=forward epoch=1 step=3850 ipf_loss=0.0000 ctrl_norm=0.1667 grad_norm=0.1431
2026-04-21 13:42:58,819 INFO iter=5 phase=forward epoch=1 step=3900 ipf_loss=0.0000 ctrl_norm=0.1928 grad_norm=0.5937
2026-04-21 13:43:06,610 INFO iter=5 phase=forward epoch=2 step=3950 ipf_loss=0.0000 ctrl_norm=0.1712 grad_norm=0.4445
2026-04-21 13:43:14,917 INFO iter=5 phase=forward epoch=2 step=4000 ipf_loss=0.0000 ctrl_norm=0.2062 grad_norm=0.7308
2026-04-21 13:43:22,779 INFO iter=5 phase=forward epoch=2 step=4050 ipf_loss=0.0000 ctrl_norm=0.1517 grad_norm=0.1869
2026-04-21 13:43:31,120 INFO iter=5 phase=forward epoch=3 step=4100 ipf_loss=0.0000 ctrl_norm=0.1721 grad_norm=0.5089
2026-04-21 13:43:38,895 INFO iter=5 phase=forward epoch=3 step=4150 ipf_loss=0.0000 ctrl_norm=0.2058 grad_norm=0.7917
2026-04-21 13:43:47,324 INFO iter=5 phase=forward epoch=3 step=4200 ipf_loss=0.0000 ctrl_norm=0.1380 grad_norm=0.1022
2026-04-21 13:43:53,354 INFO   Phase: backward
2026-04-21 13:43:55,104 INFO iter=5 phase=backward epoch=1 step=4250 ipf_loss=0.0000 ctrl_norm=0.1444 grad_norm=0.4143
2026-04-21 13:44:03,535 INFO iter=5 phase=backward epoch=1 step=4300 ipf_loss=0.0000 ctrl_norm=0.1363 grad_norm=0.3185
2026-04-21 13:44:11,849 INFO iter=5 phase=backward epoch=1 step=4350 ipf_loss=0.0000 ctrl_norm=0.1739 grad_norm=0.6735
2026-04-21 13:44:20,132 INFO iter=5 phase=backward epoch=2 step=4400 ipf_loss=0.0000 ctrl_norm=0.1200 grad_norm=0.1456
2026-04-21 13:44:28,224 INFO iter=5 phase=backward epoch=2 step=4450 ipf_loss=0.0000 ctrl_norm=0.1161 grad_norm=0.0985
2026-04-21 13:44:36,407 INFO iter=5 phase=backward epoch=2 step=4500 ipf_loss=0.0000 ctrl_norm=0.1918 grad_norm=0.8176
2026-04-21 13:44:44,316 INFO iter=5 phase=backward epoch=2 step=4550 ipf_loss=0.0000 ctrl_norm=0.1074 grad_norm=0.0214
2026-04-21 13:44:52,314 INFO iter=5 phase=backward epoch=3 step=4600 ipf_loss=0.0000 ctrl_norm=0.1611 grad_norm=0.6154
2026-04-21 13:45:00,431 INFO iter=5 phase=backward epoch=3 step=4650 ipf_loss=0.0000 ctrl_norm=0.1109 grad_norm=0.1900
2026-04-21 13:45:08,497 INFO iter=5 phase=backward epoch=3 step=4700 ipf_loss=0.0000 ctrl_norm=0.1546 grad_norm=0.6189
2026-04-21 13:45:10,049 INFO Saved checkpoint: checkpoints\ipf_fmnist_full\ipf_iter_0005.pt
2026-04-21 13:45:10,128 INFO Saved sample grid to C:\Users\artun\Desktop\ITS-project\data\results\sb_samples_iter_5_fmnist.png
2026-04-21 13:45:10,128 INFO IPF iter 5 complete: fwd_loss=0.0000 bwd_loss=0.0000 elapsed=757.7s
IPF training complete: {'ipf_iterations_completed': 5, 'global_steps': 4710, 'last_fwd_loss': 1.9538658307283185e-05, 'last_bwd_loss': 2.283061076013837e-05, 'wall_clock_sec': 757.67}
